<html>
<body>
<pre>
<h1>礦ision Build Log</h1>
<h2>Tool Versions:</h2>
IDE-Version: μVision V5.18.0.0
Copyright (C) 2016 ARM Ltd and ARM Germany GmbH. All rights reserved.
License Information: 123 845619656@qq.com, 123, LIC=14HV2-97S0W-455T5-G6F1H-N60JG-K0Q7E
 
Tool Versions:
Toolchain:       MDK-ARM Standard  Version: 5.18
Toolchain Path:  D:\Keil5_MDK\ARM\ARMCC\Bin
C Compiler:      Armcc.exe V5.06 update 1 (build 61)
Assembler:       Armasm.exe V5.06 update 1 (build 61)
Linker/Locator:  ArmLink.exe V5.06 update 1 (build 61)
Library Manager: ArmAr.exe V5.06 update 1 (build 61)
Hex Converter:   FromElf.exe V5.06 update 1 (build 61)
CPU DLL:         SARMCM3.DLL V5.18
Dialog DLL:      DCM.DLL V1.13.6.0
Target DLL:      STLink\ST-LINKIII-KEIL_SWO.dll V2.0.18.0
Dialog DLL:      TCM.DLL V1.14.8.0
 
<h2>Project:</h2>
E:\00_bafel\CAN框架\05.双CAN通信框架\演示用\002_节点板_演示用_肩关节垂直\USER\CANopen.uvprojx
Project File Date:  10/15/2024

<h2>Output:</h2>
*** Using Compiler 'V5.06 update 1 (build 61)', folder: 'D:\Keil5_MDK\ARM\ARMCC\Bin'
Rebuild target 'CANpen'
assembling startup_stm32f40_41xxx.s...
compiling misc.c...
compiling stm32f4xx_gpio.c...
compiling main.c...
main.c(22): warning:  #177-D: variable "a" was declared but never referenced
  	int a = 1;
main.c: 1 warning, 0 errors
compiling stm32f4xx_fsmc.c...
compiling stm32f4xx_rcc.c...
compiling stm32f4xx_it.c...
compiling usart.c...
compiling led.c...
compiling sys.c...
compiling stm32f4xx_syscfg.c...
compiling key.c...
compiling delay.c...
compiling sys_init.c...
compiling system_stm32f4xx.c...
compiling stm32f4xx_usart.c...
compiling stm32f4xx_can.c...
compiling stm32f4xx_spi.c...
compiling stm32f4xx_sdio.c...
compiling stm32f4xx_tim.c...
compiling stm32f4xx_dma.c...
compiling dcf.c...
compiling emcy.c...
compiling lss.c...
compiling nmtMaster.c...
compiling lifegrd.c...
compiling objacces.c...
compiling sync.c...
compiling Master.c...
compiling nmtSlave.c...
compiling timer.c...
compiling states.c...
compiling pdo.c...
compiling Master2.c...
compiling Slaver.c...
compiling timer7_action_timing.c...
compiling sdo.c...
compiling EPOS_control_word.c...
compiling motor_control.c...
compiling timer2.c...
compiling dual_can.c...
compiling mathtool.c...
linking...
Program Size: Code=53984 RO-data=2644 RW-data=2020 ZI-data=1972  
FromELF: creating hex file...
"..\OBJ\CANopen.axf" - 0 Error(s), 1 Warning(s).

<h2>Collection of Component include folders:</h2>
  E:\00_bafel\CAN框架\05.双CAN通信框架\演示用\002_节点板_演示用_肩关节垂直\USER\RTE
  D:\Keil5_MDK\ARM\PACK\Keil\STM32F4xx_DFP\1.0.8\Device\Include

<h2>Collection of Component Files used:</h2>
Build Time Elapsed:  00:00:11
</pre>
</body>
</html>
