Component: ARM Compiler 5.06 update 1 (build 61) Tool: armlink [4d35a8]

==============================================================================

Section Cross References

    main.o(.text) refers to misc.o(.text) for NVIC_PriorityGroupConfig
    main.o(.text) refers to delay.o(.text) for delay_init
    main.o(.text) refers to dual_can.o(.text) for CAN2_Init
    main.o(.text) refers to timer2.o(.text) for TIM2_Init
    main.o(.text) refers to usart.o(.text) for USART1_Init
    main.o(.text) refers to states.o(.text) for setNodeId
    main.o(.text) refers to sdo.o(.text) for sendSDO
    main.o(.text) refers to master.o(.data) for Master_Data
    system_stm32f4xx.o(.text) refers to system_stm32f4xx.o(.data) for SystemCoreClock
    delay.o(.text) refers to misc.o(.text) for SysTick_CLKSourceConfig
    delay.o(.text) refers to delay.o(.data) for fac_us
    usart.o(.rev16_text) refers (Special) to use_no_semi_2.o(.text) for __use_no_semihosting
    usart.o(.revsh_text) refers (Special) to use_no_semi_2.o(.text) for __use_no_semihosting
    usart.o(.text) refers (Special) to use_no_semi_2.o(.text) for __use_no_semihosting
    usart.o(.text) refers to stm32f4xx_rcc.o(.text) for RCC_AHB1PeriphClockCmd
    usart.o(.text) refers to stm32f4xx_gpio.o(.text) for GPIO_PinAFConfig
    usart.o(.text) refers to stm32f4xx_usart.o(.text) for USART_Init
    usart.o(.text) refers to misc.o(.text) for NVIC_Init
    usart.o(.data) refers (Special) to use_no_semi_2.o(.text) for __use_no_semihosting
    startup_stm32f40_41xxx.o(STACK) refers (Special) to heapauxi.o(.text) for __use_two_region_memory
    startup_stm32f40_41xxx.o(HEAP) refers (Special) to heapauxi.o(.text) for __use_two_region_memory
    startup_stm32f40_41xxx.o(RESET) refers (Special) to heapauxi.o(.text) for __use_two_region_memory
    startup_stm32f40_41xxx.o(RESET) refers to startup_stm32f40_41xxx.o(STACK) for __initial_sp
    startup_stm32f40_41xxx.o(RESET) refers to startup_stm32f40_41xxx.o(.text) for Reset_Handler
    startup_stm32f40_41xxx.o(RESET) refers to stm32f4xx_it.o(.text) for NMI_Handler
    startup_stm32f40_41xxx.o(RESET) refers to dual_can.o(.text) for CAN1_RX0_IRQHandler
    startup_stm32f40_41xxx.o(RESET) refers to timer2.o(.text) for TIM2_IRQHandler
    startup_stm32f40_41xxx.o(RESET) refers to usart.o(.text) for USART1_IRQHandler
    startup_stm32f40_41xxx.o(.text) refers (Special) to heapauxi.o(.text) for __use_two_region_memory
    startup_stm32f40_41xxx.o(.text) refers to system_stm32f4xx.o(.text) for SystemInit
    startup_stm32f40_41xxx.o(.text) refers to __main.o(!!!main) for __main
    startup_stm32f40_41xxx.o(.text) refers to startup_stm32f40_41xxx.o(HEAP) for Heap_Mem
    startup_stm32f40_41xxx.o(.text) refers to startup_stm32f40_41xxx.o(STACK) for Stack_Mem
    stm32f4xx_gpio.o(.text) refers to stm32f4xx_rcc.o(.text) for RCC_AHB1PeriphResetCmd
    stm32f4xx_fsmc.o(.text) refers to stm32f4xx_fsmc.o(.constdata) for FSMC_DefaultTimingStruct
    stm32f4xx_rcc.o(.text) refers to stm32f4xx_rcc.o(.data) for APBAHBPrescTable
    stm32f4xx_syscfg.o(.text) refers to stm32f4xx_rcc.o(.text) for RCC_APB2PeriphResetCmd
    stm32f4xx_usart.o(.text) refers to stm32f4xx_rcc.o(.text) for RCC_APB2PeriphResetCmd
    stm32f4xx_can.o(.text) refers to stm32f4xx_rcc.o(.text) for RCC_APB1PeriphResetCmd
    stm32f4xx_spi.o(.text) refers to stm32f4xx_rcc.o(.text) for RCC_APB2PeriphResetCmd
    stm32f4xx_sdio.o(.text) refers to stm32f4xx_rcc.o(.text) for RCC_APB2PeriphResetCmd
    stm32f4xx_tim.o(.text) refers to stm32f4xx_rcc.o(.text) for RCC_APB2PeriphResetCmd
    dcf.o(.text) refers to _printf_percent.o(.ARM.Collect$$_printf_percent$$00000000) for _printf_percent
    dcf.o(.text) refers to _printf_d.o(.ARM.Collect$$_printf_percent$$00000009) for _printf_d
    dcf.o(.text) refers to _printf_x.o(.ARM.Collect$$_printf_percent$$0000000C) for _printf_x
    dcf.o(.text) refers to _printf_s.o(.ARM.Collect$$_printf_percent$$00000014) for _printf_s
    dcf.o(.text) refers to _printf_dec.o(.text) for _printf_int_dec
    dcf.o(.text) refers to _printf_hex_int.o(.text) for _printf_longlong_hex
    dcf.o(.text) refers to _printf_str.o(.text) for _printf_str
    dcf.o(.text) refers to nmtmaster.o(.text) for masterSendNMTstateChange
    dcf.o(.text) refers to sdo.o(.text) for writeNetworkDictCallBackAI
    dcf.o(.text) refers to noretval__2printf.o(.text) for __2printf
    emcy.o(.text) refers to _printf_percent.o(.ARM.Collect$$_printf_percent$$00000000) for _printf_percent
    emcy.o(.text) refers to _printf_d.o(.ARM.Collect$$_printf_percent$$00000009) for _printf_d
    emcy.o(.text) refers to _printf_x.o(.ARM.Collect$$_printf_percent$$0000000C) for _printf_x
    emcy.o(.text) refers to _printf_s.o(.ARM.Collect$$_printf_percent$$00000014) for _printf_s
    emcy.o(.text) refers to _printf_dec.o(.text) for _printf_int_dec
    emcy.o(.text) refers to _printf_hex_int.o(.text) for _printf_longlong_hex
    emcy.o(.text) refers to _printf_str.o(.text) for _printf_str
[...]
    main.c                                   0x00000000   Number         0  main.o ABSOLUTE
    main.c                                   0x00000000   Number         0  main.o ABSOLUTE
    stm32f4xx_it.c                           0x00000000   Number         0  stm32f4xx_it.o ABSOLUTE
    stm32f4xx_it.c                           0x00000000   Number         0  stm32f4xx_it.o ABSOLUTE
    system_stm32f4xx.c                       0x00000000   Number         0  system_stm32f4xx.o ABSOLUTE
    system_stm32f4xx.c                       0x00000000   Number         0  system_stm32f4xx.o ABSOLUTE
    RESET                                    0x08000000   Section      392  startup_stm32f40_41xxx.o(RESET)
    !!!main                                  0x08000188   Section        8  __main.o(!!!main)
    !!!scatter                               0x08000190   Section       52  __scatter.o(!!!scatter)
    !!dczerorl2                              0x080001c4   Section       90  __dczerorl2.o(!!dczerorl2)
    !!handler_zi                             0x08000220   Section       28  __scatter_zi.o(!!handler_zi)
    .ARM.Collect$$_printf_percent$$00000000  0x0800023c   Section        0  _printf_percent.o(.ARM.Collect$$_printf_percent$$00000000)
    .ARM.Collect$$_printf_percent$$00000009  0x0800023c   Section        6  _printf_d.o(.ARM.Collect$$_printf_percent$$00000009)
    .ARM.Collect$$_printf_percent$$0000000C  0x08000242   Section        6  _printf_x.o(.ARM.Collect$$_printf_percent$$0000000C)
    .ARM.Collect$$_printf_percent$$00000014  0x08000248   Section        6  _printf_s.o(.ARM.Collect$$_printf_percent$$00000014)
    .ARM.Collect$$_printf_percent$$00000017  0x0800024e   Section        4  _printf_percent_end.o(.ARM.Collect$$_printf_percent$$00000017)
    .ARM.Collect$$libinit$$00000000          0x08000252   Section        2  libinit.o(.ARM.Collect$$libinit$$00000000)
    .ARM.Collect$$libinit$$00000001          0x08000254   Section        4  libinit2.o(.ARM.Collect$$libinit$$00000001)
    .ARM.Collect$$libinit$$00000004          0x08000258   Section        0  libinit2.o(.ARM.Collect$$libinit$$00000004)
    .ARM.Collect$$libinit$$0000000A          0x08000258   Section        0  libinit2.o(.ARM.Collect$$libinit$$0000000A)
    .ARM.Collect$$libinit$$0000000C          0x08000258   Section        0  libinit2.o(.ARM.Collect$$libinit$$0000000C)
    .ARM.Collect$$libinit$$0000000E          0x08000258   Section        0  libinit2.o(.ARM.Collect$$libinit$$0000000E)
    .ARM.Collect$$libinit$$00000011          0x08000258   Section        0  libinit2.o(.ARM.Collect$$libinit$$00000011)
    .ARM.Collect$$libinit$$00000013          0x08000258   Section        0  libinit2.o(.ARM.Collect$$libinit$$00000013)
    .ARM.Collect$$libinit$$00000015          0x08000258   Section        0  libinit2.o(.ARM.Collect$$libinit$$00000015)
    .ARM.Collect$$libinit$$00000017          0x08000258   Section        0  libinit2.o(.ARM.Collect$$libinit$$00000017)
    .ARM.Collect$$libinit$$00000019          0x08000258   Section        0  libinit2.o(.ARM.Collect$$libinit$$00000019)
    .ARM.Collect$$libinit$$0000001B          0x08000258   Section        0  libinit2.o(.ARM.Collect$$libinit$$0000001B)
    .ARM.Collect$$libinit$$0000001D          0x08000258   Section        0  libinit2.o(.ARM.Collect$$libinit$$0000001D)
    .ARM.Collect$$libinit$$0000001F          0x08000258   Section        0  libinit2.o(.ARM.Collect$$libinit$$0000001F)
    .ARM.Collect$$libinit$$00000021          0x08000258   Section        0  libinit2.o(.ARM.Collect$$libinit$$00000021)
    .ARM.Collect$$libinit$$00000023          0x08000258   Section        0  libinit2.o(.ARM.Collect$$libinit$$00000023)
    .ARM.Collect$$libinit$$00000025          0x08000258   Section        0  libinit2.o(.ARM.Collect$$libinit$$00000025)
    .ARM.Collect$$libinit$$0000002C          0x08000258   Section        0  libinit2.o(.ARM.Collect$$libinit$$0000002C)
    .ARM.Collect$$libinit$$0000002E          0x08000258   Section        0  libinit2.o(.ARM.Collect$$libinit$$0000002E)
    .ARM.Collect$$libinit$$00000030          0x08000258   Section        0  libinit2.o(.ARM.Collect$$libinit$$00000030)
    .ARM.Collect$$libinit$$00000032          0x08000258   Section        0  libinit2.o(.ARM.Collect$$libinit$$00000032)
    .ARM.Collect$$libinit$$00000033          0x08000258   Section        2  libinit2.o(.ARM.Collect$$libinit$$00000033)
    .ARM.Collect$$libshutdown$$00000000      0x0800025a   Section        2  libshutdown.o(.ARM.Collect$$libshutdown$$00000000)
    .ARM.Collect$$libshutdown$$00000002      0x0800025c   Section        0  libshutdown2.o(.ARM.Collect$$libshutdown$$00000002)
    .ARM.Collect$$libshutdown$$00000004      0x0800025c   Section        0  libshutdown2.o(.ARM.Collect$$libshutdown$$00000004)
    .ARM.Collect$$libshutdown$$00000007      0x0800025c   Section        0  libshutdown2.o(.ARM.Collect$$libshutdown$$00000007)
    .ARM.Collect$$libshutdown$$0000000A      0x0800025c   Section        0  libshutdown2.o(.ARM.Collect$$libshutdown$$0000000A)
    .ARM.Collect$$libshutdown$$0000000C      0x0800025c   Section        0  libshutdown2.o(.ARM.Collect$$libshutdown$$0000000C)
    .ARM.Collect$$libshutdown$$0000000F      0x0800025c   Section        0  libshutdown2.o(.ARM.Collect$$libshutdown$$0000000F)
    .ARM.Collect$$libshutdown$$00000010      0x0800025c   Section        2  libshutdown2.o(.ARM.Collect$$libshutdown$$00000010)
    .ARM.Collect$$rtentry$$00000000          0x0800025e   Section        0  __rtentry.o(.ARM.Collect$$rtentry$$00000000)
    .ARM.Collect$$rtentry$$00000002          0x0800025e   Section        0  __rtentry2.o(.ARM.Collect$$rtentry$$00000002)
    .ARM.Collect$$rtentry$$00000004          0x0800025e   Section        6  __rtentry4.o(.ARM.Collect$$rtentry$$00000004)
    .ARM.Collect$$rtentry$$00000009          0x08000264   Section        0  __rtentry2.o(.ARM.Collect$$rtentry$$00000009)
    .ARM.Collect$$rtentry$$0000000A          0x08000264   Section        4  __rtentry2.o(.ARM.Collect$$rtentry$$0000000A)
    .ARM.Collect$$rtentry$$0000000C          0x08000268   Section        0  __rtentry2.o(.ARM.Collect$$rtentry$$0000000C)
    .ARM.Collect$$rtentry$$0000000D          0x08000268   Section        8  __rtentry2.o(.ARM.Collect$$rtentry$$0000000D)
    .ARM.Collect$$rtexit$$00000000           0x08000270   Section        2  rtexit.o(.ARM.Collect$$rtexit$$00000000)
    .ARM.Collect$$rtexit$$00000002           0x08000272   Section        0  rtexit2.o(.ARM.Collect$$rtexit$$00000002)
    .ARM.Collect$$rtexit$$00000003           0x08000272   Section        4  rtexit2.o(.ARM.Collect$$rtexit$$00000003)
    .ARM.Collect$$rtexit$$00000004           0x08000276   Section        6  rtexit2.o(.ARM.Collect$$rtexit$$00000004)
    .text                                    0x0800027c   Section        0  main.o(.text)
    .text                                    0x0800037c   Section        0  stm32f4xx_it.o(.text)
    .text                                    0x08000398   Section        0  system_stm32f4xx.o(.text)
    SetSysClock                              0x08000399   Thumb Code   220  system_stm32f4xx.o(.text)
    .text                                    0x080005a8   Section        0  delay.o(.text)
    .text                                    0x080006ac   Section        0  usart.o(.text)
    .text                                    0x08000790   Section       64  startup_stm32f40_41xxx.o(.text)
    $v0                                      0x08000790   Number         0  startup_stm32f40_41xxx.o(.text)
    .text                                    0x080007d0   Section        0  misc.o(.text)
    .text                                    0x080008b0   Section        0  stm32f4xx_gpio.o(.text)
    .text                                    0x08000b44   Section        0  stm32f4xx_rcc.o(.text)
    .text                                    0x080011a0   Section        0  stm32f4xx_usart.o(.text)
    .text                                    0x080015f4   Section        0  stm32f4xx_can.o(.text)
    CheckITStatus                            0x08001df7   Thumb Code    18  stm32f4xx_can.o(.text)
    .text                                    0x08001fe4   Section        0  stm32f4xx_tim.o(.text)
    TI4_Config                               0x08002783   Thumb Code    80  stm32f4xx_tim.o(.text)
    TI3_Config                               0x080027e5   Thumb Code    72  stm32f4xx_tim.o(.text)
    TI2_Config                               0x08002847   Thumb Code    90  stm32f4xx_tim.o(.text)
    TI1_Config                               0x080028b3   Thumb Code    58  stm32f4xx_tim.o(.text)
    .text                                    0x08002c88   Section        0  emcy.o(.text)
    .text                                    0x08003074   Section        0  lifegrd.o(.text)
    .text                                    0x0800363c   Section        0  nmtmaster.o(.text)
    .text                                    0x08003774   Section        0  nmtslave.o(.text)
    .text                                    0x08003918   Section        0  objacces.o(.text)
    .text                                    0x08003ea0   Section        0  pdo.o(.text)
    sendPdo                                  0x080041c7   Thumb Code    92  pdo.o(.text)
    .text                                    0x080050a4   Section        0  sdo.o(.text)
    .text                                    0x0800b524   Section        0  states.o(.text)
    .text                                    0x0800bbac   Section        0  sync.o(.text)
    .text                                    0x0800bd60   Section        0  timer.o(.text)
    .text                                    0x0800bf50   Section        0  master.o(.text)
    .text                                    0x0800bfcc   Section        0  timer2.o(.text)
    .text                                    0x0800c0d0   Section        0  dual_can.o(.text)
    .text                                    0x0800c478   Section        2  use_no_semi_2.o(.text)
    .text                                    0x0800c47c   Section        0  noretval__2printf.o(.text)
    .text                                    0x0800c494   Section        0  __printf.o(.text)
    .text                                    0x0800c4fc   Section        0  _printf_str.o(.text)
    .text                                    0x0800c550   Section        0  _printf_dec.o(.text)
    .text                                    0x0800c5c8   Section        0  _printf_hex_int.o(.text)
    .text                                    0x0800c620   Section        0  memcmp.o(.text)
    .text                                    0x0800c678   Section      138  rt_memcpy_v6.o(.text)
    .text                                    0x0800c702   Section       78  rt_memclr_w.o(.text)
    .text                                    0x0800c750   Section        0  heapauxi.o(.text)
    .text                                    0x0800c756   Section        2  use_no_semi.o(.text)
    .text                                    0x0800c758   Section        0  _printf_intcommon.o(.text)
    .text                                    0x0800c80a   Section        0  _printf_char.o(.text)
    .text                                    0x0800c838   Section        0  _printf_char_file.o(.text)
    .text                                    0x0800c85c   Section      100  rt_memcpy_w.o(.text)
    .text                                    0x0800c8c0   Section        0  _printf_char_common.o(.text)
    _printf_input_char                       0x0800c8c1   Thumb Code    10  _printf_char_common.o(.text)
    .text                                    0x0800c8f0   Section        0  ferror.o(.text)
    .text                                    0x0800c8f8   Section       74  sys_stackheap_outer.o(.text)
    .text                                    0x0800c942   Section        0  exit.o(.text)
    .text                                    0x0800c954   Section        8  libspace.o(.text)
    x$fpl$fpinit                             0x0800c95c   Section       10  fpinit.o(x$fpl$fpinit)
    $v0                                      0x0800c95c   Number         0  fpinit.o(x$fpl$fpinit)
    .constdata                               0x0800c968   Section       64  states.o(.constdata)
    .constdata                               0x0800c9a8   Section       70  master.o(.constdata)
    .constdata                               0x0800c9f0   Section       16  dual_can.o(.constdata)
    .constdata                               0x0800ca00   Section       40  _printf_hex_int.o(.constdata)
    uc_hextab                                0x0800ca00   Data          20  _printf_hex_int.o(.constdata)
    lc_hextab                                0x0800ca14   Data          20  _printf_hex_int.o(.constdata)
    .conststring                             0x0800ca28   Section       68  pdo.o(.conststring)
    .conststring                             0x0800ca6c   Section     1902  sdo.o(.conststring)
    .data                                    0x20000000   Section       20  system_stm32f4xx.o(.data)
    .data                                    0x20000014   Section        4  delay.o(.data)
    fac_us                                   0x20000014   Data           1  delay.o(.data)
    fac_ms                                   0x20000016   Data           2  delay.o(.data)
    .data                                    0x20000018   Section        4  usart.o(.data)
    .data                                    0x2000001c   Section       16  stm32f4xx_rcc.o(.data)
    APBAHBPrescTable                         0x2000001c   Data          16  stm32f4xx_rcc.o(.data)
    .data                                    0x2000002c   Section       12  timer.o(.data)
    .data                                    0x20000038   Section      904  master.o(.data)
    .data                                    0x200003c0   Section        8  timer2.o(.data)
    .data                                    0x200003c8   Section        8  dual_can.o(.data)
    co_data_1                                0x200003c8   Data           4  dual_can.o(.data)
    co_data_2                                0x200003cc   Data           4  dual_can.o(.data)
    .bss                                     0x200003d0   Section      192  timer.o(.bss)
    .bss                                     0x20000490   Section       96  libspace.o(.bss)
    HEAP                                     0x200004f0   Section      512  startup_stm32f40_41xxx.o(HEAP)
    Heap_Mem                                 0x200004f0   Data         512  startup_stm32f40_41xxx.o(HEAP)
    STACK                                    0x200006f0   Section     1024  startup_stm32f40_41xxx.o(STACK)
    Stack_Mem                                0x200006f0   Data        1024  startup_stm32f40_41xxx.o(STACK)
    __initial_sp                             0x20000af0   Data           0  startup_stm32f40_41xxx.o(STACK)

    Global Symbols

    Symbol Name                              Value     Ov Type        Size  Object(Section)

    BuildAttributes$$THM_ISAv4$E$P$D$K$B$S$7EM$VFPi3$EXTD16$VFPS$VFMA$PE$A:L22UL41UL21$X:L11$S22US41US21$IEEE1$IW$USESV6$~STKCKD$USESV7$~SHL$OSPACE$ROPI$EBA8$UX$STANDARDLIB$REQ8$PRES8$EABIv2 0x00000000   Number         0  anon$$obj.o ABSOLUTE
    __ARM_use_no_argv                        0x00000000   Number         0  main.o ABSOLUTE
    __ARM_exceptions_init                     - Undefined Weak Reference
    __alloca_initialize                       - Undefined Weak Reference
    __arm_preinit_                            - Undefined Weak Reference
    __cpp_initialize__aeabi_                  - Undefined Weak Reference
    __cxa_finalize                            - Undefined Weak Reference
    __rt_locale                               - Undefined Weak Reference
    __sigvec_lookup                           - Undefined Weak Reference
    _atexit_init                              - Undefined Weak Reference
    _call_atexit_fns                          - Undefined Weak Reference
    _clock_init                               - Undefined Weak Reference
    _fp_trap_init                             - Undefined Weak Reference
    _fp_trap_shutdown                         - Undefined Weak Reference
    _get_lc_collate                           - Undefined Weak Reference
    _get_lc_ctype                             - Undefined Weak Reference
    _get_lc_monetary                          - Undefined Weak Reference
    _get_lc_numeric                           - Undefined Weak Reference
    _get_lc_time                              - Undefined Weak Reference
    _getenv_init                              - Undefined Weak Reference
    _handle_redirection                       - Undefined Weak Reference
    _init_alloc                               - Undefined Weak Reference
    _init_user_alloc                          - Undefined Weak Reference
    _initio                                   - Undefined Weak Reference
    _mutex_acquire                            - Undefined Weak Reference
    _mutex_release                            - Undefined Weak Reference
    _printf_mbtowc                            - Undefined Weak Reference
    _printf_post_padding                      - Undefined Weak Reference
    _printf_pre_padding                       - Undefined Weak Reference
    _printf_truncate_signed                   - Undefined Weak Reference
    _printf_truncate_unsigned                 - Undefined Weak Reference
    _rand_init                                - Undefined Weak Reference
    _signal_finish                            - Undefined Weak Reference
    _signal_init                              - Undefined Weak Reference
    _terminate_alloc                          - Undefined Weak Reference
    _terminate_user_alloc                     - Undefined Weak Reference
    _terminateio                              - Undefined Weak Reference
    __Vectors_Size                           0x00000188   Number         0  startup_stm32f40_41xxx.o ABSOLUTE
    __Vectors                                0x08000000   Data           4  startup_stm32f40_41xxx.o(RESET)
    __Vectors_End                            0x08000188   Data           0  startup_stm32f40_41xxx.o(RESET)
    __main                                   0x08000189   Thumb Code     8  __main.o(!!!main)
    __scatterload                            0x08000191   Thumb Code     0  __scatter.o(!!!scatter)
    __scatterload_rt2                        0x08000191   Thumb Code    44  __scatter.o(!!!scatter)
    __scatterload_rt2_thumb_only             0x08000191   Thumb Code     0  __scatter.o(!!!scatter)
    __scatterload_null                       0x0800019f   Thumb Code     0  __scatter.o(!!!scatter)
    __decompress                             0x080001c5   Thumb Code    90  __dczerorl2.o(!!dczerorl2)
    __decompress1                            0x080001c5   Thumb Code     0  __dczerorl2.o(!!dczerorl2)
    __scatterload_zeroinit                   0x08000221   Thumb Code    28  __scatter_zi.o(!!handler_zi)
    _printf_d                                0x0800023d   Thumb Code     0  _printf_d.o(.ARM.Collect$$_printf_percent$$00000009)
    _printf_percent                          0x0800023d   Thumb Code     0  _printf_percent.o(.ARM.Collect$$_printf_percent$$00000000)
    _printf_x                                0x08000243   Thumb Code     0  _printf_x.o(.ARM.Collect$$_printf_percent$$0000000C)
    _printf_s                                0x08000249   Thumb Code     0  _printf_s.o(.ARM.Collect$$_printf_percent$$00000014)
    _printf_percent_end                      0x0800024f   Thumb Code     0  _printf_percent_end.o(.ARM.Collect$$_printf_percent$$00000017)
    __rt_lib_init                            0x08000253   Thumb Code     0  libinit.o(.ARM.Collect$$libinit$$00000000)
    __rt_lib_init_fp_1                       0x08000255   Thumb Code     0  libinit2.o(.ARM.Collect$$libinit$$00000001)
    __rt_lib_init_alloca_1                   0x08000259   Thumb Code     0  libinit2.o(.ARM.Collect$$libinit$$0000002E)
    __rt_lib_init_argv_1                     0x08000259   Thumb Code     0  libinit2.o(.ARM.Collect$$libinit$$0000002C)
    __rt_lib_init_atexit_1                   0x08000259   Thumb Code     0  libinit2.o(.ARM.Collect$$libinit$$0000001B)
    __rt_lib_init_clock_1                    0x08000259   Thumb Code     0  libinit2.o(.ARM.Collect$$libinit$$00000021)
    __rt_lib_init_cpp_1                      0x08000259   Thumb Code     0  libinit2.o(.ARM.Collect$$libinit$$00000032)
    __rt_lib_init_exceptions_1               0x08000259   Thumb Code     0  libinit2.o(.ARM.Collect$$libinit$$00000030)
    __rt_lib_init_fp_trap_1                  0x08000259   Thumb Code     0  libinit2.o(.ARM.Collect$$libinit$$0000001F)
    __rt_lib_init_getenv_1                   0x08000259   Thumb Code     0  libinit2.o(.ARM.Collect$$libinit$$00000023)
    __rt_lib_init_heap_1                     0x08000259   Thumb Code     0  libinit2.o(.ARM.Collect$$libinit$$0000000A)
    __rt_lib_init_lc_collate_1               0x08000259   Thumb Code     0  libinit2.o(.ARM.Collect$$libinit$$00000011)
    __rt_lib_init_lc_ctype_1                 0x08000259   Thumb Code     0  libinit2.o(.ARM.Collect$$libinit$$00000013)
    __rt_lib_init_lc_monetary_1              0x08000259   Thumb Code     0  libinit2.o(.ARM.Collect$$libinit$$00000015)
    __rt_lib_init_lc_numeric_1               0x08000259   Thumb Code     0  libinit2.o(.ARM.Collect$$libinit$$00000017)
    __rt_lib_init_lc_time_1                  0x08000259   Thumb Code     0  libinit2.o(.ARM.Collect$$libinit$$00000019)
    __rt_lib_init_preinit_1                  0x08000259   Thumb Code     0  libinit2.o(.ARM.Collect$$libinit$$00000004)
    __rt_lib_init_rand_1                     0x08000259   Thumb Code     0  libinit2.o(.ARM.Collect$$libinit$$0000000E)
    __rt_lib_init_return                     0x08000259   Thumb Code     0  libinit2.o(.ARM.Collect$$libinit$$00000033)
    __rt_lib_init_signal_1                   0x08000259   Thumb Code     0  libinit2.o(.ARM.Collect$$libinit$$0000001D)
    __rt_lib_init_stdio_1                    0x08000259   Thumb Code     0  libinit2.o(.ARM.Collect$$libinit$$00000025)
    __rt_lib_init_user_alloc_1               0x08000259   Thumb Code     0  libinit2.o(.ARM.Collect$$libinit$$0000000C)
    __rt_lib_shutdown                        0x0800025b   Thumb Code     0  libshutdown.o(.ARM.Collect$$libshutdown$$00000000)
    __rt_lib_shutdown_cpp_1                  0x0800025d   Thumb Code     0  libshutdown2.o(.ARM.Collect$$libshutdown$$00000002)
    __rt_lib_shutdown_fp_trap_1              0x0800025d   Thumb Code     0  libshutdown2.o(.ARM.Collect$$libshutdown$$00000007)
    __rt_lib_shutdown_heap_1                 0x0800025d   Thumb Code     0  libshutdown2.o(.ARM.Collect$$libshutdown$$0000000F)
    __rt_lib_shutdown_return                 0x0800025d   Thumb Code     0  libshutdown2.o(.ARM.Collect$$libshutdown$$00000010)
    __rt_lib_shutdown_signal_1               0x0800025d   Thumb Code     0  libshutdown2.o(.ARM.Collect$$libshutdown$$0000000A)
    __rt_lib_shutdown_stdio_1                0x0800025d   Thumb Code     0  libshutdown2.o(.ARM.Collect$$libshutdown$$00000004)
    __rt_lib_shutdown_user_alloc_1           0x0800025d   Thumb Code     0  libshutdown2.o(.ARM.Collect$$libshutdown$$0000000C)
    __rt_entry                               0x0800025f   Thumb Code     0  __rtentry.o(.ARM.Collect$$rtentry$$00000000)
    __rt_entry_presh_1                       0x0800025f   Thumb Code     0  __rtentry2.o(.ARM.Collect$$rtentry$$00000002)
    __rt_entry_sh                            0x0800025f   Thumb Code     0  __rtentry4.o(.ARM.Collect$$rtentry$$00000004)
    __rt_entry_li                            0x08000265   Thumb Code     0  __rtentry2.o(.ARM.Collect$$rtentry$$0000000A)
    __rt_entry_postsh_1                      0x08000265   Thumb Code     0  __rtentry2.o(.ARM.Collect$$rtentry$$00000009)
    __rt_entry_main                          0x08000269   Thumb Code     0  __rtentry2.o(.ARM.Collect$$rtentry$$0000000D)
    __rt_entry_postli_1                      0x08000269   Thumb Code     0  __rtentry2.o(.ARM.Collect$$rtentry$$0000000C)
    __rt_exit                                0x08000271   Thumb Code     0  rtexit.o(.ARM.Collect$$rtexit$$00000000)
    __rt_exit_ls                             0x08000273   Thumb Code     0  rtexit2.o(.ARM.Collect$$rtexit$$00000003)
    __rt_exit_prels_1                        0x08000273   Thumb Code     0  rtexit2.o(.ARM.Collect$$rtexit$$00000002)
    __rt_exit_exit                           0x08000277   Thumb Code     0  rtexit2.o(.ARM.Collect$$rtexit$$00000004)
    main                                     0x0800027d   Thumb Code   206  main.o(.text)
    NMI_Handler                              0x0800037d   Thumb Code     2  stm32f4xx_it.o(.text)
    HardFault_Handler                        0x0800037f   Thumb Code     4  stm32f4xx_it.o(.text)
    MemManage_Handler                        0x08000383   Thumb Code     4  stm32f4xx_it.o(.text)
    BusFault_Handler                         0x08000387   Thumb Code     4  stm32f4xx_it.o(.text)
    UsageFault_Handler                       0x0800038b   Thumb Code     4  stm32f4xx_it.o(.text)
    SVC_Handler                              0x0800038f   Thumb Code     2  stm32f4xx_it.o(.text)
    DebugMon_Handler                         0x08000391   Thumb Code     2  stm32f4xx_it.o(.text)
    PendSV_Handler                           0x08000393   Thumb Code     2  stm32f4xx_it.o(.text)
    SysTick_Handler                          0x08000395   Thumb Code     2  stm32f4xx_it.o(.text)
    SystemInit                               0x08000475   Thumb Code    88  system_stm32f4xx.o(.text)
    SystemCoreClockUpdate                    0x080004cd   Thumb Code   174  system_stm32f4xx.o(.text)
    delay_init                               0x080005a9   Thumb Code    52  delay.o(.text)
    delay_us                                 0x080005dd   Thumb Code    72  delay.o(.text)
    delay_xms                                0x08000625   Thumb Code    72  delay.o(.text)
    delay_ms                                 0x0800066d   Thumb Code    56  delay.o(.text)
    _sys_exit                                0x080006ad   Thumb Code     4  usart.o(.text)
    fputc                                    0x080006b1   Thumb Code    22  usart.o(.text)
    USART1_Init                              0x080006c7   Thumb Code   166  usart.o(.text)
    USART1_IRQHandler                        0x0800076d   Thumb Code    28  usart.o(.text)
    Reset_Handler                            0x08000791   Thumb Code     8  startup_stm32f40_41xxx.o(.text)
    ADC_IRQHandler                           0x080007ab   Thumb Code     0  startup_stm32f40_41xxx.o(.text)
    CAN1_RX1_IRQHandler                      0x080007ab   Thumb Code     0  startup_stm32f40_41xxx.o(.text)
    CAN1_SCE_IRQHandler                      0x080007ab   Thumb Code     0  startup_stm32f40_41xxx.o(.text)
    CAN1_TX_IRQHandler                       0x080007ab   Thumb Code     0  startup_stm32f40_41xxx.o(.text)
    CAN2_RX1_IRQHandler                      0x080007ab   Thumb Code     0  startup_stm32f40_41xxx.o(.text)
    CAN2_SCE_IRQHandler                      0x080007ab   Thumb Code     0  startup_stm32f40_41xxx.o(.text)
    CAN2_TX_IRQHandler                       0x080007ab   Thumb Code     0  startup_stm32f40_41xxx.o(.text)
    CRYP_IRQHandler                          0x080007ab   Thumb Code     0  startup_stm32f40_41xxx.o(.text)
    DCMI_IRQHandler                          0x080007ab   Thumb Code     0  startup_stm32f40_41xxx.o(.text)
    DMA1_Stream0_IRQHandler                  0x080007ab   Thumb Code     0  startup_stm32f40_41xxx.o(.text)
    DMA1_Stream1_IRQHandler                  0x080007ab   Thumb Code     0  startup_stm32f40_41xxx.o(.text)
    DMA1_Stream2_IRQHandler                  0x080007ab   Thumb Code     0  startup_stm32f40_41xxx.o(.text)
    DMA1_Stream3_IRQHandler                  0x080007ab   Thumb Code     0  startup_stm32f40_41xxx.o(.text)
    DMA1_Stream4_IRQHandler                  0x080007ab   Thumb Code     0  startup_stm32f40_41xxx.o(.text)
    DMA1_Stream5_IRQHandler                  0x080007ab   Thumb Code     0  startup_stm32f40_41xxx.o(.text)
    DMA1_Stream6_IRQHandler                  0x080007ab   Thumb Code     0  startup_stm32f40_41xxx.o(.text)
    DMA1_Stream7_IRQHandler                  0x080007ab   Thumb Code     0  startup_stm32f40_41xxx.o(.text)
    DMA2_Stream0_IRQHandler                  0x080007ab   Thumb Code     0  startup_stm32f40_41xxx.o(.text)
    DMA2_Stream1_IRQHandler                  0x080007ab   Thumb Code     0  startup_stm32f40_41xxx.o(.text)
    DMA2_Stream2_IRQHandler                  0x080007ab   Thumb Code     0  startup_stm32f40_41xxx.o(.text)
    DMA2_Stream3_IRQHandler                  0x080007ab   Thumb Code     0  startup_stm32f40_41xxx.o(.text)
    DMA2_Stream4_IRQHandler                  0x080007ab   Thumb Code     0  startup_stm32f40_41xxx.o(.text)
    DMA2_Stream5_IRQHandler                  0x080007ab   Thumb Code     0  startup_stm32f40_41xxx.o(.text)
    DMA2_Stream6_IRQHandler                  0x080007ab   Thumb Code     0  startup_stm32f40_41xxx.o(.text)
    DMA2_Stream7_IRQHandler                  0x080007ab   Thumb Code     0  startup_stm32f40_41xxx.o(.text)
    ETH_IRQHandler                           0x080007ab   Thumb Code     0  startup_stm32f40_41xxx.o(.text)
    ETH_WKUP_IRQHandler                      0x080007ab   Thumb Code     0  startup_stm32f40_41xxx.o(.text)
    EXTI0_IRQHandler                         0x080007ab   Thumb Code     0  startup_stm32f40_41xxx.o(.text)
    EXTI15_10_IRQHandler                     0x080007ab   Thumb Code     0  startup_stm32f40_41xxx.o(.text)
    EXTI1_IRQHandler                         0x080007ab   Thumb Code     0  startup_stm32f40_41xxx.o(.text)
    EXTI2_IRQHandler                         0x080007ab   Thumb Code     0  startup_stm32f40_41xxx.o(.text)
    EXTI3_IRQHandler                         0x080007ab   Thumb Code     0  startup_stm32f40_41xxx.o(.text)
    EXTI4_IRQHandler                         0x080007ab   Thumb Code     0  startup_stm32f40_41xxx.o(.text)
    EXTI9_5_IRQHandler                       0x080007ab   Thumb Code     0  startup_stm32f40_41xxx.o(.text)
    FLASH_IRQHandler                         0x080007ab   Thumb Code     0  startup_stm32f40_41xxx.o(.text)
    FPU_IRQHandler                           0x080007ab   Thumb Code     0  startup_stm32f40_41xxx.o(.text)
    FSMC_IRQHandler                          0x080007ab   Thumb Code     0  startup_stm32f40_41xxx.o(.text)
    HASH_RNG_IRQHandler                      0x080007ab   Thumb Code     0  startup_stm32f40_41xxx.o(.text)
    I2C1_ER_IRQHandler                       0x080007ab   Thumb Code     0  startup_stm32f40_41xxx.o(.text)
    I2C1_EV_IRQHandler                       0x080007ab   Thumb Code     0  startup_stm32f40_41xxx.o(.text)
    I2C2_ER_IRQHandler                       0x080007ab   Thumb Code     0  startup_stm32f40_41xxx.o(.text)
    I2C2_EV_IRQHandler                       0x080007ab   Thumb Code     0  startup_stm32f40_41xxx.o(.text)
    I2C3_ER_IRQHandler                       0x080007ab   Thumb Code     0  startup_stm32f40_41xxx.o(.text)
    I2C3_EV_IRQHandler                       0x080007ab   Thumb Code     0  startup_stm32f40_41xxx.o(.text)
    OTG_FS_IRQHandler                        0x080007ab   Thumb Code     0  startup_stm32f40_41xxx.o(.text)
    OTG_FS_WKUP_IRQHandler                   0x080007ab   Thumb Code     0  startup_stm32f40_41xxx.o(.text)
    OTG_HS_EP1_IN_IRQHandler                 0x080007ab   Thumb Code     0  startup_stm32f40_41xxx.o(.text)
    OTG_HS_EP1_OUT_IRQHandler                0x080007ab   Thumb Code     0  startup_stm32f40_41xxx.o(.text)
    OTG_HS_IRQHandler                        0x080007ab   Thumb Code     0  startup_stm32f40_41xxx.o(.text)
    OTG_HS_WKUP_IRQHandler                   0x080007ab   Thumb Code     0  startup_stm32f40_41xxx.o(.text)
    PVD_IRQHandler                           0x080007ab   Thumb Code     0  startup_stm32f40_41xxx.o(.text)
    RCC_IRQHandler                           0x080007ab   Thumb Code     0  startup_stm32f40_41xxx.o(.text)
    RTC_Alarm_IRQHandler                     0x080007ab   Thumb Code     0  startup_stm32f40_41xxx.o(.text)
    RTC_WKUP_IRQHandler                      0x080007ab   Thumb Code     0  startup_stm32f40_41xxx.o(.text)
    SDIO_IRQHandler                          0x080007ab   Thumb Code     0  startup_stm32f40_41xxx.o(.text)
    SPI1_IRQHandler                          0x080007ab   Thumb Code     0  startup_stm32f40_41xxx.o(.text)
    SPI2_IRQHandler                          0x080007ab   Thumb Code     0  startup_stm32f40_41xxx.o(.text)
    SPI3_IRQHandler                          0x080007ab   Thumb Code     0  startup_stm32f40_41xxx.o(.text)
    TAMP_STAMP_IRQHandler                    0x080007ab   Thumb Code     0  startup_stm32f40_41xxx.o(.text)
    TIM1_BRK_TIM9_IRQHandler                 0x080007ab   Thumb Code     0  startup_stm32f40_41xxx.o(.text)
    TIM1_CC_IRQHandler                       0x080007ab   Thumb Code     0  startup_stm32f40_41xxx.o(.text)
    TIM1_TRG_COM_TIM11_IRQHandler            0x080007ab   Thumb Code     0  startup_stm32f40_41xxx.o(.text)
    TIM1_UP_TIM10_IRQHandler                 0x080007ab   Thumb Code     0  startup_stm32f40_41xxx.o(.text)
    TIM3_IRQHandler                          0x080007ab   Thumb Code     0  startup_stm32f40_41xxx.o(.text)
    TIM4_IRQHandler                          0x080007ab   Thumb Code     0  startup_stm32f40_41xxx.o(.text)
    TIM5_IRQHandler                          0x080007ab   Thumb Code     0  startup_stm32f40_41xxx.o(.text)
    TIM6_DAC_IRQHandler                      0x080007ab   Thumb Code     0  startup_stm32f40_41xxx.o(.text)
    TIM7_IRQHandler                          0x080007ab   Thumb Code     0  startup_stm32f40_41xxx.o(.text)
    TIM8_BRK_TIM12_IRQHandler                0x080007ab   Thumb Code     0  startup_stm32f40_41xxx.o(.text)
    TIM8_CC_IRQHandler                       0x080007ab   Thumb Code     0  startup_stm32f40_41xxx.o(.text)
    TIM8_TRG_COM_TIM14_IRQHandler            0x080007ab   Thumb Code     0  startup_stm32f40_41xxx.o(.text)
    TIM8_UP_TIM13_IRQHandler                 0x080007ab   Thumb Code     0  startup_stm32f40_41xxx.o(.text)
    UART4_IRQHandler                         0x080007ab   Thumb Code     0  startup_stm32f40_41xxx.o(.text)
    UART5_IRQHandler                         0x080007ab   Thumb Code     0  startup_stm32f40_41xxx.o(.text)
    USART2_IRQHandler                        0x080007ab   Thumb Code     0  startup_stm32f40_41xxx.o(.text)
    USART3_IRQHandler                        0x080007ab   Thumb Code     0  startup_stm32f40_41xxx.o(.text)
    USART6_IRQHandler                        0x080007ab   Thumb Code     0  startup_stm32f40_41xxx.o(.text)
    WWDG_IRQHandler                          0x080007ab   Thumb Code     0  startup_stm32f40_41xxx.o(.text)
    __user_initial_stackheap                 0x080007ad   Thumb Code     0  startup_stm32f40_41xxx.o(.text)
    NVIC_PriorityGroupConfig                 0x080007d1   Thumb Code    10  misc.o(.text)
    NVIC_Init                                0x080007db   Thumb Code   106  misc.o(.text)
    NVIC_SetVectorTable                      0x08000845   Thumb Code    14  misc.o(.text)
    NVIC_SystemLPConfig                      0x08000853   Thumb Code    34  misc.o(.text)
    SysTick_CLKSourceConfig                  0x08000875   Thumb Code    40  misc.o(.text)
    GPIO_DeInit                              0x080008b1   Thumb Code   268  stm32f4xx_gpio.o(.text)
    GPIO_Init                                0x080009bd   Thumb Code   144  stm32f4xx_gpio.o(.text)
    GPIO_StructInit                          0x08000a4d   Thumb Code    18  stm32f4xx_gpio.o(.text)
    GPIO_PinLockConfig                       0x08000a5f   Thumb Code    34  stm32f4xx_gpio.o(.text)
    GPIO_ReadInputDataBit                    0x08000a81   Thumb Code    18  stm32f4xx_gpio.o(.text)
    GPIO_ReadInputData                       0x08000a93   Thumb Code     8  stm32f4xx_gpio.o(.text)
    GPIO_ReadOutputDataBit                   0x08000a9b   Thumb Code    18  stm32f4xx_gpio.o(.text)
    GPIO_ReadOutputData                      0x08000aad   Thumb Code     8  stm32f4xx_gpio.o(.text)
    GPIO_SetBits                             0x08000ab5   Thumb Code     4  stm32f4xx_gpio.o(.text)
    GPIO_ResetBits                           0x08000ab9   Thumb Code     4  stm32f4xx_gpio.o(.text)
    GPIO_WriteBit                            0x08000abd   Thumb Code    10  stm32f4xx_gpio.o(.text)
    GPIO_Write                               0x08000ac7   Thumb Code     4  stm32f4xx_gpio.o(.text)
    GPIO_ToggleBits                          0x08000acb   Thumb Code     8  stm32f4xx_gpio.o(.text)
    GPIO_PinAFConfig                         0x08000ad3   Thumb Code    70  stm32f4xx_gpio.o(.text)
    RCC_DeInit                               0x08000b45   Thumb Code    82  stm32f4xx_rcc.o(.text)
    RCC_HSEConfig                            0x08000b97   Thumb Code    14  stm32f4xx_rcc.o(.text)
    RCC_GetFlagStatus                        0x08000ba5   Thumb Code    60  stm32f4xx_rcc.o(.text)
    RCC_WaitForHSEStartUp                    0x08000be1   Thumb Code    56  stm32f4xx_rcc.o(.text)
    RCC_AdjustHSICalibrationValue            0x08000c19   Thumb Code    20  stm32f4xx_rcc.o(.text)
    RCC_HSICmd                               0x08000c2d   Thumb Code     6  stm32f4xx_rcc.o(.text)
    RCC_LSEConfig                            0x08000c33   Thumb Code    46  stm32f4xx_rcc.o(.text)
    RCC_LSICmd                               0x08000c61   Thumb Code     6  stm32f4xx_rcc.o(.text)
    RCC_PLLConfig                            0x08000c67   Thumb Code    32  stm32f4xx_rcc.o(.text)
    RCC_PLLCmd                               0x08000c87   Thumb Code     6  stm32f4xx_rcc.o(.text)
    RCC_PLLI2SConfig                         0x08000c8d   Thumb Code    14  stm32f4xx_rcc.o(.text)
    RCC_PLLI2SCmd                            0x08000c9b   Thumb Code     6  stm32f4xx_rcc.o(.text)
    RCC_PLLSAIConfig                         0x08000ca1   Thumb Code    20  stm32f4xx_rcc.o(.text)
    RCC_PLLSAICmd                            0x08000cb5   Thumb Code     6  stm32f4xx_rcc.o(.text)
    RCC_ClockSecuritySystemCmd               0x08000cbb   Thumb Code     6  stm32f4xx_rcc.o(.text)
    RCC_MCO1Config                           0x08000cc1   Thumb Code    28  stm32f4xx_rcc.o(.text)
    RCC_MCO2Config                           0x08000cdd   Thumb Code    28  stm32f4xx_rcc.o(.text)
    RCC_SYSCLKConfig                         0x08000cf9   Thumb Code    20  stm32f4xx_rcc.o(.text)
    RCC_GetSYSCLKSource                      0x08000d0d   Thumb Code    12  stm32f4xx_rcc.o(.text)
    RCC_HCLKConfig                           0x08000d19   Thumb Code    20  stm32f4xx_rcc.o(.text)
    RCC_PCLK1Config                          0x08000d2d   Thumb Code    20  stm32f4xx_rcc.o(.text)
    RCC_PCLK2Config                          0x08000d41   Thumb Code    22  stm32f4xx_rcc.o(.text)
    RCC_GetClocksFreq                        0x08000d57   Thumb Code   222  stm32f4xx_rcc.o(.text)
    RCC_RTCCLKConfig                         0x08000e35   Thumb Code    54  stm32f4xx_rcc.o(.text)
    RCC_RTCCLKCmd                            0x08000e6b   Thumb Code     8  stm32f4xx_rcc.o(.text)
    RCC_BackupResetCmd                       0x08000e73   Thumb Code     8  stm32f4xx_rcc.o(.text)
    RCC_I2SCLKConfig                         0x08000e7b   Thumb Code     6  stm32f4xx_rcc.o(.text)
    RCC_SAIPLLI2SClkDivConfig                0x08000e81   Thumb Code    26  stm32f4xx_rcc.o(.text)
    RCC_SAIPLLSAIClkDivConfig                0x08000e9b   Thumb Code    28  stm32f4xx_rcc.o(.text)
    RCC_SAIBlockACLKConfig                   0x08000eb7   Thumb Code    20  stm32f4xx_rcc.o(.text)
    RCC_SAIBlockBCLKConfig                   0x08000ecb   Thumb Code    20  stm32f4xx_rcc.o(.text)
    RCC_LTDCCLKDivConfig                     0x08000edf   Thumb Code    20  stm32f4xx_rcc.o(.text)
    RCC_TIMCLKPresConfig                     0x08000ef3   Thumb Code     6  stm32f4xx_rcc.o(.text)
    RCC_AHB1PeriphClockCmd                   0x08000ef9   Thumb Code    34  stm32f4xx_rcc.o(.text)
    RCC_AHB2PeriphClockCmd                   0x08000f1b   Thumb Code    78  stm32f4xx_rcc.o(.text)
    RCC_AHB3PeriphClockCmd                   0x08000f69   Thumb Code    34  stm32f4xx_rcc.o(.text)
    RCC_APB1PeriphClockCmd                   0x08000f8b   Thumb Code    34  stm32f4xx_rcc.o(.text)
    RCC_APB2PeriphClockCmd                   0x08000fad   Thumb Code    34  stm32f4xx_rcc.o(.text)
    RCC_AHB1PeriphResetCmd                   0x08000fcf   Thumb Code    34  stm32f4xx_rcc.o(.text)
    RCC_AHB2PeriphResetCmd                   0x08000ff1   Thumb Code    34  stm32f4xx_rcc.o(.text)
    RCC_AHB3PeriphResetCmd                   0x08001013   Thumb Code    34  stm32f4xx_rcc.o(.text)
    RCC_APB1PeriphResetCmd                   0x08001035   Thumb Code    34  stm32f4xx_rcc.o(.text)
    RCC_APB2PeriphResetCmd                   0x08001057   Thumb Code    34  stm32f4xx_rcc.o(.text)
    RCC_AHB1PeriphClockLPModeCmd             0x08001079   Thumb Code    34  stm32f4xx_rcc.o(.text)
    RCC_AHB2PeriphClockLPModeCmd             0x0800109b   Thumb Code    34  stm32f4xx_rcc.o(.text)
    RCC_AHB3PeriphClockLPModeCmd             0x080010bd   Thumb Code    34  stm32f4xx_rcc.o(.text)
    RCC_APB1PeriphClockLPModeCmd             0x080010df   Thumb Code    34  stm32f4xx_rcc.o(.text)
    RCC_APB2PeriphClockLPModeCmd             0x08001101   Thumb Code    34  stm32f4xx_rcc.o(.text)
    RCC_LSEModeConfig                        0x08001123   Thumb Code    40  stm32f4xx_rcc.o(.text)
    RCC_ITConfig                             0x0800114b   Thumb Code    34  stm32f4xx_rcc.o(.text)
    RCC_ClearFlag                            0x0800116d   Thumb Code    18  stm32f4xx_rcc.o(.text)
    RCC_GetITStatus                          0x0800117f   Thumb Code    22  stm32f4xx_rcc.o(.text)
    RCC_ClearITPendingBit                    0x08001195   Thumb Code     8  stm32f4xx_rcc.o(.text)
    USART_DeInit                             0x080011a1   Thumb Code   206  stm32f4xx_usart.o(.text)
    USART_Init                               0x0800126f   Thumb Code   204  stm32f4xx_usart.o(.text)
    USART_StructInit                         0x0800133b   Thumb Code    24  stm32f4xx_usart.o(.text)
    USART_ClockInit                          0x08001353   Thumb Code    32  stm32f4xx_usart.o(.text)
    USART_ClockStructInit                    0x08001373   Thumb Code    12  stm32f4xx_usart.o(.text)
    USART_Cmd                                0x0800137f   Thumb Code    24  stm32f4xx_usart.o(.text)
    USART_SetPrescaler                       0x08001397   Thumb Code    16  stm32f4xx_usart.o(.text)
    USART_OverSampling8Cmd                   0x080013a7   Thumb Code    22  stm32f4xx_usart.o(.text)
    USART_OneBitMethodCmd                    0x080013bd   Thumb Code    24  stm32f4xx_usart.o(.text)
    USART_SendData                           0x080013d5   Thumb Code     8  stm32f4xx_usart.o(.text)
    USART_ReceiveData                        0x080013dd   Thumb Code    10  stm32f4xx_usart.o(.text)
    USART_SetAddress                         0x080013e7   Thumb Code    18  stm32f4xx_usart.o(.text)
    USART_ReceiverWakeUpCmd                  0x080013f9   Thumb Code    24  stm32f4xx_usart.o(.text)
    USART_WakeUpConfig                       0x08001411   Thumb Code    18  stm32f4xx_usart.o(.text)
    USART_LINBreakDetectLengthConfig         0x08001423   Thumb Code    18  stm32f4xx_usart.o(.text)
    USART_LINCmd                             0x08001435   Thumb Code    24  stm32f4xx_usart.o(.text)
    USART_SendBreak                          0x0800144d   Thumb Code    10  stm32f4xx_usart.o(.text)
    USART_HalfDuplexCmd                      0x08001457   Thumb Code    24  stm32f4xx_usart.o(.text)
    USART_SetGuardTime                       0x0800146f   Thumb Code    16  stm32f4xx_usart.o(.text)
    USART_SmartCardCmd                       0x0800147f   Thumb Code    24  stm32f4xx_usart.o(.text)
    USART_SmartCardNACKCmd                   0x08001497   Thumb Code    24  stm32f4xx_usart.o(.text)
    USART_IrDAConfig                         0x080014af   Thumb Code    18  stm32f4xx_usart.o(.text)
    USART_IrDACmd                            0x080014c1   Thumb Code    24  stm32f4xx_usart.o(.text)
    USART_DMACmd                             0x080014d9   Thumb Code    18  stm32f4xx_usart.o(.text)
    USART_ITConfig                           0x080014eb   Thumb Code    74  stm32f4xx_usart.o(.text)
    USART_GetFlagStatus                      0x08001535   Thumb Code    26  stm32f4xx_usart.o(.text)
    USART_ClearFlag                          0x0800154f   Thumb Code    18  stm32f4xx_usart.o(.text)
    USART_GetITStatus                        0x08001561   Thumb Code   118  stm32f4xx_usart.o(.text)
    USART_ClearITPendingBit                  0x080015d7   Thumb Code    30  stm32f4xx_usart.o(.text)
    CAN_DeInit                               0x080015f5   Thumb Code    50  stm32f4xx_can.o(.text)
    CAN_Init                                 0x08001627   Thumb Code   276  stm32f4xx_can.o(.text)
    CAN_FilterInit                           0x0800173b   Thumb Code   258  stm32f4xx_can.o(.text)
    CAN_StructInit                           0x0800183d   Thumb Code    32  stm32f4xx_can.o(.text)
    CAN_SlaveStartBank                       0x0800185d   Thumb Code    48  stm32f4xx_can.o(.text)
    CAN_DBGFreeze                            0x0800188d   Thumb Code    22  stm32f4xx_can.o(.text)
    CAN_TTComModeCmd                         0x080018a3   Thumb Code   118  stm32f4xx_can.o(.text)
    CAN_Transmit                             0x08001919   Thumb Code   304  stm32f4xx_can.o(.text)
    CAN_TransmitStatus                       0x08001a49   Thumb Code   138  stm32f4xx_can.o(.text)
    CAN_CancelTransmit                       0x08001ad3   Thumb Code    48  stm32f4xx_can.o(.text)
    CAN_Receive                              0x08001b03   Thumb Code   240  stm32f4xx_can.o(.text)
    CAN_FIFORelease                          0x08001bf3   Thumb Code    22  stm32f4xx_can.o(.text)
    CAN_MessagePending                       0x08001c09   Thumb Code    30  stm32f4xx_can.o(.text)
    CAN_OperatingModeRequest                 0x08001c27   Thumb Code   162  stm32f4xx_can.o(.text)
    CAN_Sleep                                0x08001cc9   Thumb Code    30  stm32f4xx_can.o(.text)
    CAN_WakeUp                               0x08001ce7   Thumb Code    48  stm32f4xx_can.o(.text)
    CAN_GetLastErrorCode                     0x08001d17   Thumb Code    12  stm32f4xx_can.o(.text)
    CAN_GetReceiveErrorCounter               0x08001d23   Thumb Code    10  stm32f4xx_can.o(.text)
    CAN_GetLSBTransmitErrorCounter           0x08001d2d   Thumb Code    12  stm32f4xx_can.o(.text)
    CAN_ITConfig                             0x08001d39   Thumb Code    18  stm32f4xx_can.o(.text)
    CAN_GetFlagStatus                        0x08001d4b   Thumb Code   120  stm32f4xx_can.o(.text)
    CAN_ClearFlag                            0x08001dc3   Thumb Code    52  stm32f4xx_can.o(.text)
    CAN_GetITStatus                          0x08001e09   Thumb Code   310  stm32f4xx_can.o(.text)
    CAN_ClearITPendingBit                    0x08001f3f   Thumb Code   162  stm32f4xx_can.o(.text)
    TIM_DeInit                               0x08001fe5   Thumb Code   346  stm32f4xx_tim.o(.text)
    TIM_TimeBaseInit                         0x0800213f   Thumb Code   104  stm32f4xx_tim.o(.text)
    TIM_TimeBaseStructInit                   0x080021a7   Thumb Code    18  stm32f4xx_tim.o(.text)
    TIM_PrescalerConfig                      0x080021b9   Thumb Code     6  stm32f4xx_tim.o(.text)
    TIM_CounterModeConfig                    0x080021bf   Thumb Code    18  stm32f4xx_tim.o(.text)
    TIM_SetCounter                           0x080021d1   Thumb Code     4  stm32f4xx_tim.o(.text)
    TIM_SetAutoreload                        0x080021d5   Thumb Code     4  stm32f4xx_tim.o(.text)
    TIM_GetCounter                           0x080021d9   Thumb Code     6  stm32f4xx_tim.o(.text)
    TIM_GetPrescaler                         0x080021df   Thumb Code     6  stm32f4xx_tim.o(.text)
    TIM_UpdateDisableConfig                  0x080021e5   Thumb Code    24  stm32f4xx_tim.o(.text)
    TIM_UpdateRequestConfig                  0x080021fd   Thumb Code    24  stm32f4xx_tim.o(.text)
    TIM_ARRPreloadConfig                     0x08002215   Thumb Code    24  stm32f4xx_tim.o(.text)
    TIM_SelectOnePulseMode                   0x0800222d   Thumb Code    18  stm32f4xx_tim.o(.text)
    TIM_SetClockDivision                     0x0800223f   Thumb Code    18  stm32f4xx_tim.o(.text)
    TIM_Cmd                                  0x08002251   Thumb Code    24  stm32f4xx_tim.o(.text)
    TIM_OC1Init                              0x08002269   Thumb Code   114  stm32f4xx_tim.o(.text)
    TIM_OC2Init                              0x080022db   Thumb Code   154  stm32f4xx_tim.o(.text)
    TIM_OC3Init                              0x08002375   Thumb Code   204  stm32f4xx_tim.o(.text)
    TIM_OC4Init                              0x08002441   Thumb Code   112  stm32f4xx_tim.o(.text)
    TIM_OCStructInit                         0x080024b1   Thumb Code    20  stm32f4xx_tim.o(.text)
    TIM_SelectOCxM                           0x080024c5   Thumb Code    86  stm32f4xx_tim.o(.text)
    TIM_SetCompare1                          0x0800251b   Thumb Code     4  stm32f4xx_tim.o(.text)
    TIM_SetCompare2                          0x0800251f   Thumb Code     4  stm32f4xx_tim.o(.text)
    TIM_SetCompare3                          0x08002523   Thumb Code     4  stm32f4xx_tim.o(.text)
    TIM_SetCompare4                          0x08002527   Thumb Code     4  stm32f4xx_tim.o(.text)
    TIM_ForcedOC1Config                      0x0800252b   Thumb Code    18  stm32f4xx_tim.o(.text)
    TIM_ForcedOC2Config                      0x0800253d   Thumb Code    26  stm32f4xx_tim.o(.text)
    TIM_ForcedOC3Config                      0x08002557   Thumb Code    18  stm32f4xx_tim.o(.text)
    TIM_ForcedOC4Config                      0x08002569   Thumb Code    26  stm32f4xx_tim.o(.text)
    TIM_OC1PreloadConfig                     0x08002583   Thumb Code    18  stm32f4xx_tim.o(.text)
    TIM_OC2PreloadConfig                     0x08002595   Thumb Code    26  stm32f4xx_tim.o(.text)
    TIM_OC3PreloadConfig                     0x080025af   Thumb Code    18  stm32f4xx_tim.o(.text)
    TIM_OC4PreloadConfig                     0x080025c1   Thumb Code    26  stm32f4xx_tim.o(.text)
    TIM_OC1FastConfig                        0x080025db   Thumb Code    18  stm32f4xx_tim.o(.text)
    TIM_OC2FastConfig                        0x080025ed   Thumb Code    26  stm32f4xx_tim.o(.text)
    TIM_OC3FastConfig                        0x08002607   Thumb Code    18  stm32f4xx_tim.o(.text)
    TIM_OC4FastConfig                        0x08002619   Thumb Code    26  stm32f4xx_tim.o(.text)
    TIM_ClearOC1Ref                          0x08002633   Thumb Code    18  stm32f4xx_tim.o(.text)
    TIM_ClearOC2Ref                          0x08002645   Thumb Code    24  stm32f4xx_tim.o(.text)
    TIM_ClearOC3Ref                          0x0800265d   Thumb Code    18  stm32f4xx_tim.o(.text)
    TIM_ClearOC4Ref                          0x0800266f   Thumb Code    24  stm32f4xx_tim.o(.text)
    TIM_OC1PolarityConfig                    0x08002687   Thumb Code    18  stm32f4xx_tim.o(.text)
    TIM_OC1NPolarityConfig                   0x08002699   Thumb Code    18  stm32f4xx_tim.o(.text)
    TIM_OC2PolarityConfig                    0x080026ab   Thumb Code    26  stm32f4xx_tim.o(.text)
    TIM_OC2NPolarityConfig                   0x080026c5   Thumb Code    26  stm32f4xx_tim.o(.text)
    TIM_OC3PolarityConfig                    0x080026df   Thumb Code    26  stm32f4xx_tim.o(.text)
    TIM_OC3NPolarityConfig                   0x080026f9   Thumb Code    26  stm32f4xx_tim.o(.text)
    TIM_OC4PolarityConfig                    0x08002713   Thumb Code    26  stm32f4xx_tim.o(.text)
    TIM_CCxCmd                               0x0800272d   Thumb Code    30  stm32f4xx_tim.o(.text)
    TIM_CCxNCmd                              0x0800274b   Thumb Code    30  stm32f4xx_tim.o(.text)
    TIM_SetIC4Prescaler                      0x08002769   Thumb Code    26  stm32f4xx_tim.o(.text)
    TIM_SetIC3Prescaler                      0x080027d3   Thumb Code    18  stm32f4xx_tim.o(.text)
    TIM_SetIC2Prescaler                      0x0800282d   Thumb Code    26  stm32f4xx_tim.o(.text)
    TIM_SetIC1Prescaler                      0x080028a1   Thumb Code    18  stm32f4xx_tim.o(.text)
    TIM_ICInit                               0x080028ed   Thumb Code   110  stm32f4xx_tim.o(.text)
    TIM_ICStructInit                         0x0800295b   Thumb Code    18  stm32f4xx_tim.o(.text)
    TIM_PWMIConfig                           0x0800296d   Thumb Code   124  stm32f4xx_tim.o(.text)
    TIM_GetCapture1                          0x080029e9   Thumb Code     6  stm32f4xx_tim.o(.text)
    TIM_GetCapture2                          0x080029ef   Thumb Code     6  stm32f4xx_tim.o(.text)
    TIM_GetCapture3                          0x080029f5   Thumb Code     6  stm32f4xx_tim.o(.text)
    TIM_GetCapture4                          0x080029fb   Thumb Code     6  stm32f4xx_tim.o(.text)
    TIM_BDTRConfig                           0x08002a01   Thumb Code    32  stm32f4xx_tim.o(.text)
    TIM_BDTRStructInit                       0x08002a21   Thumb Code    18  stm32f4xx_tim.o(.text)
    TIM_CtrlPWMOutputs                       0x08002a33   Thumb Code    30  stm32f4xx_tim.o(.text)
    TIM_SelectCOM                            0x08002a51   Thumb Code    24  stm32f4xx_tim.o(.text)
    TIM_CCPreloadControl                     0x08002a69   Thumb Code    24  stm32f4xx_tim.o(.text)
    TIM_ITConfig                             0x08002a81   Thumb Code    18  stm32f4xx_tim.o(.text)
    TIM_GenerateEvent                        0x08002a93   Thumb Code     4  stm32f4xx_tim.o(.text)
    TIM_GetFlagStatus                        0x08002a97   Thumb Code    18  stm32f4xx_tim.o(.text)
    TIM_ClearFlag                            0x08002aa9   Thumb Code     6  stm32f4xx_tim.o(.text)
    TIM_GetITStatus                          0x08002aaf   Thumb Code    34  stm32f4xx_tim.o(.text)
    TIM_ClearITPendingBit                    0x08002ad1   Thumb Code     6  stm32f4xx_tim.o(.text)
    TIM_DMAConfig                            0x08002ad7   Thumb Code    10  stm32f4xx_tim.o(.text)
    TIM_DMACmd                               0x08002ae1   Thumb Code    18  stm32f4xx_tim.o(.text)
    TIM_SelectCCDMA                          0x08002af3   Thumb Code    24  stm32f4xx_tim.o(.text)
    TIM_InternalClockConfig                  0x08002b0b   Thumb Code    12  stm32f4xx_tim.o(.text)
    TIM_SelectInputTrigger                   0x08002b17   Thumb Code    18  stm32f4xx_tim.o(.text)
    TIM_ITRxExternalClockConfig              0x08002b29   Thumb Code    24  stm32f4xx_tim.o(.text)
    TIM_TIxExternalClockConfig               0x08002b41   Thumb Code    62  stm32f4xx_tim.o(.text)
    TIM_ETRConfig                            0x08002b7f   Thumb Code    28  stm32f4xx_tim.o(.text)
    TIM_ETRClockMode1Config                  0x08002b9b   Thumb Code    54  stm32f4xx_tim.o(.text)
    TIM_ETRClockMode2Config                  0x08002bd1   Thumb Code    32  stm32f4xx_tim.o(.text)
    TIM_SelectOutputTrigger                  0x08002bf1   Thumb Code    18  stm32f4xx_tim.o(.text)
    TIM_SelectSlaveMode                      0x08002c03   Thumb Code    18  stm32f4xx_tim.o(.text)
    TIM_SelectMasterSlaveMode                0x08002c15   Thumb Code    18  stm32f4xx_tim.o(.text)
    TIM_EncoderInterfaceConfig               0x08002c27   Thumb Code    66  stm32f4xx_tim.o(.text)
    TIM_SelectHallSensor                     0x08002c69   Thumb Code    24  stm32f4xx_tim.o(.text)
    TIM_RemapConfig                          0x08002c81   Thumb Code     6  stm32f4xx_tim.o(.text)
    OnNumberOfErrorsUpdate                   0x08002c89   Thumb Code    44  emcy.o(.text)
    emergencyInit                            0x08002cb5   Thumb Code    30  emcy.o(.text)
    emergencyStop                            0x08002cd3   Thumb Code     2  emcy.o(.text)
    sendEMCY                                 0x08002cd5   Thumb Code   114  emcy.o(.text)
    EMCY_setError                            0x08002d47   Thumb Code   338  emcy.o(.text)
    EMCY_errorRecovered                      0x08002e99   Thumb Code   176  emcy.o(.text)
    proceedEMCY                              0x08002f49   Thumb Code   102  emcy.o(.text)
    _post_emcy                               0x08002faf   Thumb Code     6  emcy.o(.text)
    getNodeState                             0x08003075   Thumb Code    16  lifegrd.o(.text)
    ConsumerHeartbeatAlarm                   0x08003085   Thumb Code    50  lifegrd.o(.text)
    proceedNODE_GUARD                        0x080030b7   Thumb Code   344  lifegrd.o(.text)
    ProducerHeartbeatAlarm                   0x0800320f   Thumb Code   102  lifegrd.o(.text)
    GuardTimeAlarm                           0x08003275   Thumb Code   158  lifegrd.o(.text)
    nodeguardInit                            0x08003313   Thumb Code   174  lifegrd.o(.text)
    nodeguardStop                            0x080033c1   Thumb Code    18  lifegrd.o(.text)
    OnNodeGuardUpdate                        0x080033d3   Thumb Code    24  lifegrd.o(.text)
    OnHeartbeatProducerUpdate                0x080033eb   Thumb Code    66  lifegrd.o(.text)
    heartbeatInit                            0x0800342d   Thumb Code   132  lifegrd.o(.text)
    heartbeatStop                            0x080034b1   Thumb Code   352  lifegrd.o(.text)
    lifeGuardInit                            0x08003611   Thumb Code    18  lifegrd.o(.text)
    lifeGuardStop                            0x08003623   Thumb Code    18  lifegrd.o(.text)
    _heartbeatError                          0x08003635   Thumb Code     2  lifegrd.o(.text)
    _post_SlaveBootup                        0x08003637   Thumb Code     2  lifegrd.o(.text)
    _post_SlaveStateChange                   0x08003639   Thumb Code     2  lifegrd.o(.text)
    _nodeguardError                          0x0800363b   Thumb Code     2  lifegrd.o(.text)
    masterSendNMTstateChange                 0x0800363d   Thumb Code    88  nmtmaster.o(.text)
    masterSendNMTnodeguard                   0x08003695   Thumb Code    62  nmtmaster.o(.text)
    masterRequestNodeState                   0x080036d3   Thumb Code    50  nmtmaster.o(.text)
    proceedNMTstateChange                    0x08003775   Thumb Code   246  nmtslave.o(.text)
    slaveSendBootUp                          0x0800386b   Thumb Code    72  nmtslave.o(.text)
    accessDictionaryError                    0x08003919   Thumb Code   314  objacces.o(.text)
    _getODentry                              0x08003a53   Thumb Code   256  objacces.o(.text)
    _setODentry                              0x08003b53   Thumb Code   784  objacces.o(.text)
    RegisterSetODentryCallBack               0x08003e63   Thumb Code    50  objacces.o(.text)
    _storeODSubIndex                         0x08003e95   Thumb Code     6  objacces.o(.text)
    CopyBits                                 0x08003ea1   Thumb Code   236  pdo.o(.text)
    buildPDO                                 0x08003f8d   Thumb Code   410  pdo.o(.text)
    sendPDOrequest                           0x08004127   Thumb Code   160  pdo.o(.text)
    PDOInhibitTimerAlarm                     0x08004223   Thumb Code    56  pdo.o(.text)
    sendOnePDOevent                          0x0800425b   Thumb Code   908  pdo.o(.text)
    PDOEventTimerAlarm                       0x080045e7   Thumb Code    46  pdo.o(.text)
    proceedPDO                               0x08004615   Thumb Code  1420  pdo.o(.text)
    _sendPDOevent                            0x08004ba1   Thumb Code   642  pdo.o(.text)
    sendPDOevent                             0x08004e23   Thumb Code    14  pdo.o(.text)
    _RxPDO_EventTimers_Handler               0x08004e31   Thumb Code     2  pdo.o(.text)
    TPDO_Communication_Parameter_Callback    0x08004e33   Thumb Code   148  pdo.o(.text)
    PDOInit                                  0x08004ec7   Thumb Code   262  pdo.o(.text)
    PDOStop                                  0x08004fcd   Thumb Code   120  pdo.o(.text)
    PDOEnable                                0x08005045   Thumb Code    48  pdo.o(.text)
    PDODisable                               0x08005075   Thumb Code    48  pdo.o(.text)
    initSDOline                              0x080050a5   Thumb Code   510  sdo.o(.text)
    resetSDOline                             0x080052a3   Thumb Code   118  sdo.o(.text)
    sendSDO                                  0x08005319   Thumb Code   316  sdo.o(.text)
    sendSDOabort                             0x08005455   Thumb Code   458  sdo.o(.text)
    SDOTimeoutAlarm                          0x0800561f   Thumb Code   432  sdo.o(.text)
    resetSDO                                 0x080057cf   Thumb Code    26  sdo.o(.text)
    SDOlineToObjdict                         0x080057e9   Thumb Code   220  sdo.o(.text)
    objdictToSDOline                         0x080058c5   Thumb Code   226  sdo.o(.text)
    lineToSDO                                0x080059a7   Thumb Code   490  sdo.o(.text)
    SDOtoLine                                0x08005b91   Thumb Code   172  sdo.o(.text)
    getSDOlineOnUse                          0x08005c3d   Thumb Code   114  sdo.o(.text)
    failedSDO                                0x08005caf   Thumb Code   336  sdo.o(.text)
    getSDOfreeLine                           0x08005dff   Thumb Code    98  sdo.o(.text)
    getSDOlineToClose                        0x08005e61   Thumb Code    92  sdo.o(.text)
    GetSDOClientFromNodeId                   0x08005ebd   Thumb Code   444  sdo.o(.text)
    closeSDOtransfer                         0x08006079   Thumb Code    92  sdo.o(.text)
    getSDOlineRestBytes                      0x080060d5   Thumb Code    74  sdo.o(.text)
    setSDOlineRestBytes                      0x0800611f   Thumb Code    66  sdo.o(.text)
    proceedSDO                               0x08006161   Thumb Code 18276  sdo.o(.text)
    resetClientSDOLineFromNodeId             0x0800a8c5   Thumb Code    52  sdo.o(.text)
    _writeNetworkDict                        0x0800a8f9   Thumb Code   720  sdo.o(.text)
    writeNetworkDict                         0x0800abc9   Thumb Code    54  sdo.o(.text)
    writeNetworkDictCallBack                 0x0800abff   Thumb Code   418  sdo.o(.text)
    writeNetworkDictCallBackAI               0x0800ada1   Thumb Code   252  sdo.o(.text)
    _readNetworkDict                         0x0800ae9d   Thumb Code   496  sdo.o(.text)
    readNetworkDict                          0x0800b08d   Thumb Code    42  sdo.o(.text)
    readNetworkDictCallback                  0x0800b0b7   Thumb Code    40  sdo.o(.text)
    readNetworkDictCallbackAI                0x0800b0df   Thumb Code   448  sdo.o(.text)
    getReadResultNetworkDict                 0x0800b29f   Thumb Code   412  sdo.o(.text)
    getWriteResultNetworkDict                0x0800b43b   Thumb Code   170  sdo.o(.text)
    getState                                 0x0800b525   Thumb Code     8  states.o(.text)
    canDispatch                              0x0800b52d   Thumb Code   154  states.o(.text)
    switchCommunicationState                 0x0800b5c7   Thumb Code   572  states.o(.text)
    setState                                 0x0800b803   Thumb Code   200  states.o(.text)
    getNodeId                                0x0800b8cb   Thumb Code     8  states.o(.text)
    setNodeId                                0x0800b8d3   Thumb Code   698  states.o(.text)
    _initialisation                          0x0800bb8d   Thumb Code     2  states.o(.text)
    _preOperational                          0x0800bb8f   Thumb Code    22  states.o(.text)
    _operational                             0x0800bba5   Thumb Code     2  states.o(.text)
    _stopped                                 0x0800bba7   Thumb Code     2  states.o(.text)
    proceedSYNC                              0x0800bbad   Thumb Code    66  sync.o(.text)
    sendSYNCMessage                          0x0800bbef   Thumb Code    64  sync.o(.text)
    sendSYNC                                 0x0800bc2f   Thumb Code    22  sync.o(.text)
    SyncAlarm                                0x0800bc45   Thumb Code    14  sync.o(.text)
    stopSYNC                                 0x0800bc53   Thumb Code    46  sync.o(.text)
    startSYNC                                0x0800bc81   Thumb Code   110  sync.o(.text)
    OnCOB_ID_SyncUpdate                      0x0800bcef   Thumb Code    18  sync.o(.text)
    _post_sync                               0x0800bd01   Thumb Code     2  sync.o(.text)
    _post_TPDO                               0x0800bd03   Thumb Code     2  sync.o(.text)
    SetAlarm                                 0x0800bd61   Thumb Code   170  timer.o(.text)
    DelAlarm                                 0x0800be0b   Thumb Code    68  timer.o(.text)
    TimeDispatch                             0x0800be4f   Thumb Code   178  timer.o(.text)
    Master_valueRangeTest                    0x0800bf51   Thumb Code    22  master.o(.text)
    Master_scanIndexOD                       0x0800bf67   Thumb Code    88  master.o(.text)
    TIM2_Init                                0x0800bfcd   Thumb Code   104  timer2.o(.text)
    setTimer                                 0x0800c035   Thumb Code    64  timer2.o(.text)
    getElapsedTime                           0x0800c075   Thumb Code    42  timer2.o(.text)
    TIM2_IRQHandler                          0x0800c09f   Thumb Code    40  timer2.o(.text)
    CAN1_Init                                0x0800c0d1   Thumb Code   274  dual_can.o(.text)
    CAN2_Init                                0x0800c1e3   Thumb Code   288  dual_can.o(.text)
    canSend                                  0x0800c303   Thumb Code    96  dual_can.o(.text)
    canChangeBaudRate_driver                 0x0800c363   Thumb Code     6  dual_can.o(.text)
    CAN1_RX0_IRQHandler                      0x0800c369   Thumb Code   118  dual_can.o(.text)
    CAN2_RX0_IRQHandler                      0x0800c3df   Thumb Code   120  dual_can.o(.text)
    __use_no_semihosting                     0x0800c479   Thumb Code     2  use_no_semi_2.o(.text)
    __2printf                                0x0800c47d   Thumb Code    20  noretval__2printf.o(.text)
    __printf                                 0x0800c495   Thumb Code   104  __printf.o(.text)
    _printf_str                              0x0800c4fd   Thumb Code    82  _printf_str.o(.text)
    _printf_int_dec                          0x0800c551   Thumb Code   104  _printf_dec.o(.text)
    _printf_int_hex                          0x0800c5c9   Thumb Code    84  _printf_hex_int.o(.text)
    _printf_longlong_hex                     0x0800c5c9   Thumb Code     0  _printf_hex_int.o(.text)
    memcmp                                   0x0800c621   Thumb Code    88  memcmp.o(.text)
    __aeabi_memcpy                           0x0800c679   Thumb Code     0  rt_memcpy_v6.o(.text)
    __rt_memcpy                              0x0800c679   Thumb Code   138  rt_memcpy_v6.o(.text)
    _memcpy_lastbytes                        0x0800c6df   Thumb Code     0  rt_memcpy_v6.o(.text)
    __aeabi_memclr4                          0x0800c703   Thumb Code     0  rt_memclr_w.o(.text)
    __aeabi_memclr8                          0x0800c703   Thumb Code     0  rt_memclr_w.o(.text)
    __rt_memclr_w                            0x0800c703   Thumb Code    78  rt_memclr_w.o(.text)
    _memset_w                                0x0800c707   Thumb Code     0  rt_memclr_w.o(.text)
    __use_two_region_memory                  0x0800c751   Thumb Code     2  heapauxi.o(.text)
    __rt_heap_escrow$2region                 0x0800c753   Thumb Code     2  heapauxi.o(.text)
    __rt_heap_expand$2region                 0x0800c755   Thumb Code     2  heapauxi.o(.text)
    __I$use$semihosting                      0x0800c757   Thumb Code     0  use_no_semi.o(.text)
    __use_no_semihosting_swi                 0x0800c757   Thumb Code     2  use_no_semi.o(.text)
    _printf_int_common                       0x0800c759   Thumb Code   178  _printf_intcommon.o(.text)
    _printf_cs_common                        0x0800c80b   Thumb Code    20  _printf_char.o(.text)
    _printf_char                             0x0800c81f   Thumb Code    16  _printf_char.o(.text)
    _printf_string                           0x0800c82f   Thumb Code     8  _printf_char.o(.text)
    _printf_char_file                        0x0800c839   Thumb Code    32  _printf_char_file.o(.text)
    __aeabi_memcpy4                          0x0800c85d   Thumb Code     0  rt_memcpy_w.o(.text)
    __aeabi_memcpy8                          0x0800c85d   Thumb Code     0  rt_memcpy_w.o(.text)
    __rt_memcpy_w                            0x0800c85d   Thumb Code   100  rt_memcpy_w.o(.text)
    _memcpy_lastbytes_aligned                0x0800c8a5   Thumb Code     0  rt_memcpy_w.o(.text)
    _printf_char_common                      0x0800c8cb   Thumb Code    32  _printf_char_common.o(.text)
    ferror                                   0x0800c8f1   Thumb Code     8  ferror.o(.text)
    __user_setup_stackheap                   0x0800c8f9   Thumb Code    74  sys_stackheap_outer.o(.text)
    exit                                     0x0800c943   Thumb Code    18  exit.o(.text)
    __user_libspace                          0x0800c955   Thumb Code     8  libspace.o(.text)
    __user_perproc_libspace                  0x0800c955   Thumb Code     0  libspace.o(.text)
    __user_perthread_libspace                0x0800c955   Thumb Code     0  libspace.o(.text)
    _fp_init                                 0x0800c95d   Thumb Code    10  fpinit.o(x$fpl$fpinit)
    __fplib_config_fpu_vfp                   0x0800c965   Thumb Code     0  fpinit.o(x$fpl$fpinit)
    __fplib_config_pureend_doubles           0x0800c965   Thumb Code     0  fpinit.o(x$fpl$fpinit)
    Master_iam_a_slave                       0x0800c9a8   Data           1  master.o(.constdata)
    Master_objdict                           0x0800c9ac   Data          40  master.o(.constdata)
    Master_firstIndex                        0x0800c9d4   Data          12  master.o(.constdata)
    Master_lastIndex                         0x0800c9e0   Data          12  master.o(.constdata)
    Master_ObjdictSize                       0x0800c9ec   Data           2  master.o(.constdata)
    Region$$Table$$Base                      0x0800d1dc   Number         0  anon$$obj.o(Region$$Table)
    Region$$Table$$Limit                     0x0800d1fc   Number         0  anon$$obj.o(Region$$Table)
    SystemCoreClock                          0x20000000   Data           4  system_stm32f4xx.o(.data)
    AHBPrescTable                            0x20000004   Data          16  system_stm32f4xx.o(.data)
    __stdout                                 0x20000018   Data           4  usart.o(.data)
    total_sleep_time                         0x2000002c   Data           4  timer.o(.data)
    last_timer_raw                           0x20000030   Data           2  timer.o(.data)
    tdcount                                  0x20000034   Data           4  timer.o(.data)
    Master_bDeviceNodeId                     0x20000038   Data           1  master.o(.data)
    Master_heartBeatTimers                   0x2000003a   Data           2  master.o(.data)
    Master_obj1000                           0x2000003c   Data           4  master.o(.data)
    Master_Index1000                         0x20000040   Data          16  master.o(.data)
    Master_obj1001                           0x20000050   Data           1  master.o(.data)
    Master_Index1001                         0x20000054   Data          16  master.o(.data)
    Master_highestSubIndex_obj1003           0x20000064   Data           1  master.o(.data)
    Master_obj1003                           0x20000068   Data           4  master.o(.data)
    Master_Index1003                         0x2000006c   Data          32  master.o(.data)
    Master_obj1005                           0x2000008c   Data           4  master.o(.data)
    Master_obj1006                           0x20000090   Data           4  master.o(.data)
    Master_obj100C                           0x20000094   Data           2  master.o(.data)
    Master_obj100D                           0x20000096   Data           1  master.o(.data)
    Master_obj1014                           0x20000098   Data           4  master.o(.data)
    Master_highestSubIndex_obj1016           0x2000009c   Data           1  master.o(.data)
    Master_obj1016                           0x200000a0   Data           4  master.o(.data)
    Master_obj1017                           0x200000a4   Data           2  master.o(.data)
    Master_Index1017                         0x200000a8   Data          16  master.o(.data)
    Master_highestSubIndex_obj1018           0x200000b8   Data           1  master.o(.data)
    Master_obj1018_Vendor_ID                 0x200000bc   Data           4  master.o(.data)
    Master_obj1018_Product_Code              0x200000c0   Data           4  master.o(.data)
    Master_obj1018_Revision_Number           0x200000c4   Data           4  master.o(.data)
    Master_obj1018_Serial_Number             0x200000c8   Data           4  master.o(.data)
    Master_Index1018                         0x200000cc   Data          80  master.o(.data)
    Master_highestSubIndex_obj1280           0x2000011c   Data           1  master.o(.data)
    Master_obj1280_COB_ID_Client_to_Server_Transmit_SDO 0x20000120   Data           4  master.o(.data)
    Master_obj1280_COB_ID_Server_to_Client_Receive_SDO 0x20000124   Data           4  master.o(.data)
    Master_obj1280_Node_ID_of_the_SDO_Server 0x20000128   Data           1  master.o(.data)
    Master_Index1280                         0x2000012c   Data          64  master.o(.data)
    Master_PDO_status                        0x2000016c   Data          18  master.o(.data)
    Master_Data                              0x20000180   Data         576  master.o(.data)
    last_counter_val                         0x200003c0   Data           4  timer2.o(.data)
    elapsed_time                             0x200003c4   Data           4  timer2.o(.data)
    timers                                   0x200003d0   Data         192  timer.o(.bss)
    __libspace_start                         0x20000490   Data          96  libspace.o(.bss)
    __temporary_stack_top$libspace           0x200004f0   Data           0  libspace.o(.bss)



==============================================================================

Memory Map of the image

  Image Entry point : 0x08000189

  Load Region LR_IROM1 (Base: 0x08000000, Size: 0x0000d5cc, Max: 0x00100000, ABSOLUTE, COMPRESSED[0x0000d300])

    Execution Region ER_IROM1 (Base: 0x08000000, Size: 0x0000d1fc, Max: 0x00100000, ABSOLUTE)

    Base Addr    Size         Type   Attr      Idx    E Section Name        Object

    0x08000000   0x00000188   Data   RO          372    RESET               startup_stm32f40_41xxx.o
    0x08000188   0x00000008   Code   RO          970  * !!!main             c_w.l(__main.o)
    0x08000190   0x00000034   Code   RO         1144    !!!scatter          c_w.l(__scatter.o)
    0x080001c4   0x0000005a   Code   RO         1142    !!dczerorl2         c_w.l(__dczerorl2.o)
    0x0800021e   0x00000002   PAD
    0x08000220   0x0000001c   Code   RO         1146    !!handler_zi        c_w.l(__scatter_zi.o)
    0x0800023c   0x00000000   Code   RO          961    .ARM.Collect$$_printf_percent$$00000000  c_w.l(_printf_percent.o)
    0x0800023c   0x00000006   Code   RO          960    .ARM.Collect$$_printf_percent$$00000009  c_w.l(_printf_d.o)
    0x08000242   0x00000006   Code   RO          959    .ARM.Collect$$_printf_percent$$0000000C  c_w.l(_printf_x.o)
    0x08000248   0x00000006   Code   RO          958    .ARM.Collect$$_printf_percent$$00000014  c_w.l(_printf_s.o)
    0x0800024e   0x00000004   Code   RO          981    .ARM.Collect$$_printf_percent$$00000017  c_w.l(_printf_percent_end.o)
    0x08000252   0x00000002   Code   RO         1016    .ARM.Collect$$libinit$$00000000  c_w.l(libinit.o)
    0x08000254   0x00000004   Code   RO         1022    .ARM.Collect$$libinit$$00000001  c_w.l(libinit2.o)
    0x08000258   0x00000000   Code   RO         1025    .ARM.Collect$$libinit$$00000004  c_w.l(libinit2.o)
    0x08000258   0x00000000   Code   RO         1028    .ARM.Collect$$libinit$$0000000A  c_w.l(libinit2.o)
    0x08000258   0x00000000   Code   RO         1030    .ARM.Collect$$libinit$$0000000C  c_w.l(libinit2.o)
    0x08000258   0x00000000   Code   RO         1032    .ARM.Collect$$libinit$$0000000E  c_w.l(libinit2.o)
    0x08000258   0x00000000   Code   RO         1035    .ARM.Collect$$libinit$$00000011  c_w.l(libinit2.o)
    0x08000258   0x00000000   Code   RO         1037    .ARM.Collect$$libinit$$00000013  c_w.l(libinit2.o)
    0x08000258   0x00000000   Code   RO         1039    .ARM.Collect$$libinit$$00000015  c_w.l(libinit2.o)
    0x08000258   0x00000000   Code   RO         1041    .ARM.Collect$$libinit$$00000017  c_w.l(libinit2.o)
    0x08000258   0x00000000   Code   RO         1043    .ARM.Collect$$libinit$$00000019  c_w.l(libinit2.o)
    0x08000258   0x00000000   Code   RO         1045    .ARM.Collect$$libinit$$0000001B  c_w.l(libinit2.o)
    0x08000258   0x00000000   Code   RO         1047    .ARM.Collect$$libinit$$0000001D  c_w.l(libinit2.o)
    0x08000258   0x00000000   Code   RO         1049    .ARM.Collect$$libinit$$0000001F  c_w.l(libinit2.o)
    0x08000258   0x00000000   Code   RO         1051    .ARM.Collect$$libinit$$00000021  c_w.l(libinit2.o)
    0x08000258   0x00000000   Code   RO         1053    .ARM.Collect$$libinit$$00000023  c_w.l(libinit2.o)
    0x08000258   0x00000000   Code   RO         1055    .ARM.Collect$$libinit$$00000025  c_w.l(libinit2.o)
    0x08000258   0x00000000   Code   RO         1059    .ARM.Collect$$libinit$$0000002C  c_w.l(libinit2.o)
    0x08000258   0x00000000   Code   RO         1061    .ARM.Collect$$libinit$$0000002E  c_w.l(libinit2.o)
    0x08000258   0x00000000   Code   RO         1063    .ARM.Collect$$libinit$$00000030  c_w.l(libinit2.o)
    0x08000258   0x00000000   Code   RO         1065    .ARM.Collect$$libinit$$00000032  c_w.l(libinit2.o)
    0x08000258   0x00000002   Code   RO         1066    .ARM.Collect$$libinit$$00000033  c_w.l(libinit2.o)
    0x0800025a   0x00000002   Code   RO         1084    .ARM.Collect$$libshutdown$$00000000  c_w.l(libshutdown.o)
    0x0800025c   0x00000000   Code   RO         1094    .ARM.Collect$$libshutdown$$00000002  c_w.l(libshutdown2.o)
    0x0800025c   0x00000000   Code   RO         1096    .ARM.Collect$$libshutdown$$00000004  c_w.l(libshutdown2.o)
    0x0800025c   0x00000000   Code   RO         1099    .ARM.Collect$$libshutdown$$00000007  c_w.l(libshutdown2.o)
    0x0800025c   0x00000000   Code   RO         1102    .ARM.Collect$$libshutdown$$0000000A  c_w.l(libshutdown2.o)
    0x0800025c   0x00000000   Code   RO         1104    .ARM.Collect$$libshutdown$$0000000C  c_w.l(libshutdown2.o)
    0x0800025c   0x00000000   Code   RO         1107    .ARM.Collect$$libshutdown$$0000000F  c_w.l(libshutdown2.o)
    0x0800025c   0x00000002   Code   RO         1108    .ARM.Collect$$libshutdown$$00000010  c_w.l(libshutdown2.o)
    0x0800025e   0x00000000   Code   RO          974    .ARM.Collect$$rtentry$$00000000  c_w.l(__rtentry.o)
    0x0800025e   0x00000000   Code   RO          985    .ARM.Collect$$rtentry$$00000002  c_w.l(__rtentry2.o)
    0x0800025e   0x00000006   Code   RO          997    .ARM.Collect$$rtentry$$00000004  c_w.l(__rtentry4.o)
    0x08000264   0x00000000   Code   RO          987    .ARM.Collect$$rtentry$$00000009  c_w.l(__rtentry2.o)
    0x08000264   0x00000004   Code   RO          988    .ARM.Collect$$rtentry$$0000000A  c_w.l(__rtentry2.o)
    0x08000268   0x00000000   Code   RO          990    .ARM.Collect$$rtentry$$0000000C  c_w.l(__rtentry2.o)
    0x08000268   0x00000008   Code   RO          991    .ARM.Collect$$rtentry$$0000000D  c_w.l(__rtentry2.o)
    0x08000270   0x00000002   Code   RO         1020    .ARM.Collect$$rtexit$$00000000  c_w.l(rtexit.o)
    0x08000272   0x00000000   Code   RO         1068    .ARM.Collect$$rtexit$$00000002  c_w.l(rtexit2.o)
    0x08000272   0x00000004   Code   RO         1069    .ARM.Collect$$rtexit$$00000003  c_w.l(rtexit2.o)
    0x08000276   0x00000006   Code   RO         1070    .ARM.Collect$$rtexit$$00000004  c_w.l(rtexit2.o)
    0x0800027c   0x00000100   Code   RO            3    .text               main.o
    0x0800037c   0x0000001a   Code   RO          227    .text               stm32f4xx_it.o
    0x08000396   0x00000002   PAD
    0x08000398   0x00000210   Code   RO          276    .text               system_stm32f4xx.o
    0x080005a8   0x00000104   Code   RO          302    .text               delay.o
    0x080006ac   0x000000e4   Code   RO          342    .text               usart.o
    0x08000790   0x00000040   Code   RO          373    .text               startup_stm32f40_41xxx.o
    0x080007d0   0x000000e0   Code   RO          379    .text               misc.o
    0x080008b0   0x00000294   Code   RO          399    .text               stm32f4xx_gpio.o
    0x08000b44   0x0000065c   Code   RO          442    .text               stm32f4xx_rcc.o
    0x080011a0   0x00000454   Code   RO          484    .text               stm32f4xx_usart.o
    0x080015f4   0x000009f0   Code   RO          504    .text               stm32f4xx_can.o
    0x08001fe4   0x00000ca2   Code   RO          564    .text               stm32f4xx_tim.o
    0x08002c86   0x00000002   PAD
    0x08002c88   0x000003ec   Code   RO          620    .text               emcy.o
    0x08003074   0x000005c8   Code   RO          632    .text               lifegrd.o
    0x0800363c   0x00000138   Code   RO          653    .text               nmtmaster.o
    0x08003774   0x000001a4   Code   RO          665    .text               nmtslave.o
    0x08003918   0x00000588   Code   RO          677    .text               objacces.o
    0x08003ea0   0x00001204   Code   RO          689    .text               pdo.o
    0x080050a4   0x00006480   Code   RO          702    .text               sdo.o
    0x0800b524   0x00000688   Code   RO          725    .text               states.o
    0x0800bbac   0x000001b4   Code   RO          738    .text               sync.o
    0x0800bd60   0x000001f0   Code   RO          750    .text               timer.o
    0x0800bf50   0x0000007c   Code   RO          799    .text               master.o
    0x0800bfcc   0x00000104   Code   RO          820    .text               timer2.o
    0x0800c0d0   0x000003a8   Code   RO          843    .text               dual_can.o
    0x0800c478   0x00000002   Code   RO          905    .text               c_w.l(use_no_semi_2.o)
    0x0800c47a   0x00000002   PAD
    0x0800c47c   0x00000018   Code   RO          909    .text               c_w.l(noretval__2printf.o)
    0x0800c494   0x00000068   Code   RO          911    .text               c_w.l(__printf.o)
    0x0800c4fc   0x00000052   Code   RO          913    .text               c_w.l(_printf_str.o)
    0x0800c54e   0x00000002   PAD
    0x0800c550   0x00000078   Code   RO          915    .text               c_w.l(_printf_dec.o)
    0x0800c5c8   0x00000058   Code   RO          920    .text               c_w.l(_printf_hex_int.o)
    0x0800c620   0x00000058   Code   RO          962    .text               c_w.l(memcmp.o)
    0x0800c678   0x0000008a   Code   RO          964    .text               c_w.l(rt_memcpy_v6.o)
    0x0800c702   0x0000004e   Code   RO          966    .text               c_w.l(rt_memclr_w.o)
    0x0800c750   0x00000006   Code   RO          968    .text               c_w.l(heapauxi.o)
    0x0800c756   0x00000002   Code   RO          972    .text               c_w.l(use_no_semi.o)
    0x0800c758   0x000000b2   Code   RO          975    .text               c_w.l(_printf_intcommon.o)
    0x0800c80a   0x0000002c   Code   RO          977    .text               c_w.l(_printf_char.o)
    0x0800c836   0x00000002   PAD
    0x0800c838   0x00000024   Code   RO          979    .text               c_w.l(_printf_char_file.o)
    0x0800c85c   0x00000064   Code   RO          982    .text               c_w.l(rt_memcpy_w.o)
    0x0800c8c0   0x00000030   Code   RO          999    .text               c_w.l(_printf_char_common.o)
    0x0800c8f0   0x00000008   Code   RO         1001    .text               c_w.l(ferror.o)
    0x0800c8f8   0x0000004a   Code   RO         1005    .text               c_w.l(sys_stackheap_outer.o)
    0x0800c942   0x00000012   Code   RO         1009    .text               c_w.l(exit.o)
    0x0800c954   0x00000008   Code   RO         1017    .text               c_w.l(libspace.o)
    0x0800c95c   0x0000000a   Code   RO         1076    x$fpl$fpinit        fz_wm.l(fpinit.o)
    0x0800c966   0x00000002   PAD
    0x0800c968   0x00000040   Data   RO          726    .constdata          states.o
    0x0800c9a8   0x00000046   Data   RO          800    .constdata          master.o
    0x0800c9ee   0x00000002   PAD
    0x0800c9f0   0x00000010   Data   RO          844    .constdata          dual_can.o
    0x0800ca00   0x00000028   Data   RO          921    .constdata          c_w.l(_printf_hex_int.o)
    0x0800ca28   0x00000044   Data   RO          690    .conststring        pdo.o
    0x0800ca6c   0x0000076e   Data   RO          703    .conststring        sdo.o
    0x0800d1da   0x00000002   PAD
    0x0800d1dc   0x00000020   Data   RO         1140    Region$$Table       anon$$obj.o


    Execution Region RW_IRAM1 (Base: 0x20000000, Size: 0x00000af0, Max: 0x00020000, ABSOLUTE, COMPRESSED[0x00000104])

    Base Addr    Size         Type   Attr      Idx    E Section Name        Object

    0x20000000   0x00000014   Data   RW          277    .data               system_stm32f4xx.o
    0x20000014   0x00000004   Data   RW          303    .data               delay.o
    0x20000018   0x00000004   Data   RW          343    .data               usart.o
    0x2000001c   0x00000010   Data   RW          443    .data               stm32f4xx_rcc.o
    0x2000002c   0x0000000c   Data   RW          752    .data               timer.o
    0x20000038   0x00000388   Data   RW          801    .data               master.o
    0x200003c0   0x00000008   Data   RW          821    .data               timer2.o
    0x200003c8   0x00000008   Data   RW          845    .data               dual_can.o
    0x200003d0   0x000000c0   Zero   RW          751    .bss                timer.o
    0x20000490   0x00000060   Zero   RW         1018    .bss                c_w.l(libspace.o)
    0x200004f0   0x00000200   Zero   RW          371    HEAP                startup_stm32f40_41xxx.o
    0x200006f0   0x00000400   Zero   RW          370    STACK               startup_stm32f40_41xxx.o


==============================================================================

Image component sizes


      Code (inc. data)   RO Data    RW Data    ZI Data      Debug   Object Name

       260          8          0          4          0       1469   delay.o
       936         34         16          8          0       3255   dual_can.o
      1004        192          0          0          0       3779   emcy.o
      1480        292          0          0          0       5443   lifegrd.o
       256         50          0          0          0     301635   main.o
       124         14         70        904          0       4000   master.o
       224         20          0          0          0       1805   misc.o
       312        112          0          0          0       1413   nmtmaster.o
       420        102          0          0          0       1108   nmtslave.o
      1416        456          0          0          0       3568   objacces.o
      4612        964         68          0          0       8883   pdo.o
     25728       4664       1902          0          0      23371   sdo.o
        64         26        392          0       1536        828   startup_stm32f40_41xxx.o
      1672        260         64          0          0       4291   states.o
      2544         38          0          0          0       8132   stm32f4xx_can.o
       660         44          0          0          0       4145   stm32f4xx_gpio.o
        26          0          0          0          0       1214   stm32f4xx_it.o
      1628         52          0         16          0      13016   stm32f4xx_rcc.o
      3234         60          0          0          0      23000   stm32f4xx_tim.o
      1108         34          0          0          0       7868   stm32f4xx_usart.o
       436         92          0          0          0       2306   sync.o
       528         46          0         20          0       1759   system_stm32f4xx.o
       496         80          0         12        192      12942   timer.o
       260         10          0          8          0       1432   timer2.o
       228          8          0          4          0       3126   usart.o

    ----------------------------------------------------------------------
     49660       7658       2548        976       1728     443788   Object Totals
         0          0         32          0          0          0   (incl. Generated)
         4          0          4          0          0          0   (incl. Padding)

    ----------------------------------------------------------------------

      Code (inc. data)   RO Data    RW Data    ZI Data      Debug   Library Member Name

        90          0          0          0          0          0   __dczerorl2.o
         8          0          0          0          0         68   __main.o
       104          0          0          0          0         84   __printf.o
         0          0          0          0          0          0   __rtentry.o
        12          0          0          0          0          0   __rtentry2.o
         6          0          0          0          0          0   __rtentry4.o
        52          8          0          0          0          0   __scatter.o
        28          0          0          0          0          0   __scatter_zi.o
        44          0          0          0          0        108   _printf_char.o
        48          6          0          0          0         96   _printf_char_common.o
        36          4          0          0          0         80   _printf_char_file.o
         6          0          0          0          0          0   _printf_d.o
       120         16          0          0          0         92   _printf_dec.o
        88          4         40          0          0         88   _printf_hex_int.o
       178          0          0          0          0         88   _printf_intcommon.o
         0          0          0          0          0          0   _printf_percent.o
         4          0          0          0          0          0   _printf_percent_end.o
         6          0          0          0          0          0   _printf_s.o
        82          0          0          0          0         80   _printf_str.o
         6          0          0          0          0          0   _printf_x.o
        18          0          0          0          0         80   exit.o
         8          0          0          0          0         68   ferror.o
         6          0          0          0          0        152   heapauxi.o
         2          0          0          0          0          0   libinit.o
         6          0          0          0          0          0   libinit2.o
         2          0          0          0          0          0   libshutdown.o
         2          0          0          0          0          0   libshutdown2.o
         8          4          0          0         96         68   libspace.o
        88          0          0          0          0         76   memcmp.o
        24          4          0          0          0         84   noretval__2printf.o
        78          0          0          0          0         80   rt_memclr_w.o
       138          0          0          0          0         68   rt_memcpy_v6.o
       100          0          0          0          0         80   rt_memcpy_w.o
         2          0          0          0          0          0   rtexit.o
        10          0          0          0          0          0   rtexit2.o
        74          0          0          0          0         80   sys_stackheap_outer.o
         2          0          0          0          0         68   use_no_semi.o
         2          0          0          0          0         68   use_no_semi_2.o
        10          0          0          0          0        116   fpinit.o

    ----------------------------------------------------------------------
      1508         46         40          0         96       1872   Library Totals
        10          0          0          0          0          0   (incl. Padding)

    ----------------------------------------------------------------------

      Code (inc. data)   RO Data    RW Data    ZI Data      Debug   Library Name

      1488         46         40          0         96       1756   c_w.l
        10          0          0          0          0        116   fz_wm.l

    ----------------------------------------------------------------------
      1508         46         40          0         96       1872   Library Totals

    ----------------------------------------------------------------------

==============================================================================


      Code (inc. data)   RO Data    RW Data    ZI Data      Debug   

     51168       7704       2588        976       1824     439576   Grand Totals
     51168       7704       2588        260       1824     439576   ELF Image Totals (compressed)
     51168       7704       2588        260          0          0   ROM Totals

==============================================================================

    Total RO  Size (Code + RO Data)                53756 (  52.50kB)
    Total RW  Size (RW Data + ZI Data)              2800 (   2.73kB)
    Total ROM Size (Code + RO Data + RW Data)      54016 (  52.75kB)

==============================================================================

