<html>
<body>
<pre>
<h1>礦ision Build Log</h1>
<h2>Tool Versions:</h2>
IDE-Version: μVision V5.18.0.0
Copyright (C) 2016 ARM Ltd and ARM Germany GmbH. All rights reserved.
License Information: 123 845619656@qq.com, 123, LIC=14HV2-97S0W-455T5-G6F1H-N60JG-K0Q7E
 
Tool Versions:
Toolchain:       MDK-ARM Standard  Version: 5.18
Toolchain Path:  D:\Keil5_MDK\ARM\ARMCC\Bin
C Compiler:      Armcc.exe V5.06 update 1 (build 61)
Assembler:       Armasm.exe V5.06 update 1 (build 61)
Linker/Locator:  ArmLink.exe V5.06 update 1 (build 61)
Library Manager: ArmAr.exe V5.06 update 1 (build 61)
Hex Converter:   FromElf.exe V5.06 update 1 (build 61)
CPU DLL:         SARMCM3.DLL V5.18
Dialog DLL:      DCM.DLL V1.13.6.0
Target DLL:      STLink\ST-LINKIII-KEIL_SWO.dll V2.0.18.0
Dialog DLL:      TCM.DLL V1.14.8.0
 
<h2>Project:</h2>
E:\00_bafel\CAN\CANopen移植STM32\CANopen最终移植代码\CANopen_快速SDO\CANopen裸工程_主机\USER\CANopen.uvprojx
Project File Date:  09/02/2024

<h2>Output:</h2>
*** Using Compiler 'V5.06 update 1 (build 61)', folder: 'D:\Keil5_MDK\ARM\ARMCC\Bin'
Rebuild target 'CANpen'
assembling startup_stm32f40_41xxx.s...
compiling stm32f4xx_it.c...
compiling stm32f4xx_rcc.c...
compiling stm32f4xx_spi.c...
compiling delay.c...
compiling stm32f4xx_fsmc.c...
compiling dcf.c...
compiling sys.c...
compiling stm32f4xx_syscfg.c...
compiling system_stm32f4xx.c...
compiling stm32f4xx_gpio.c...
compiling stm32f4xx_usart.c...
compiling misc.c...
compiling main.c...
compiling usart.c...
compiling stm32f4xx_sdio.c...
compiling emcy.c...
compiling stm32f4xx_can.c...
compiling stm32f4xx_dma.c...
compiling stm32f4xx_tim.c...
compiling lifegrd.c...
compiling lss.c...
compiling nmtMaster.c...
compiling nmtSlave.c...
compiling objacces.c...
compiling pdo.c...
compiling states.c...
compiling sync.c...
compiling timer.c...
compiling Master.c...
compiling sdo.c...
compiling timer3.c...
compiling can1.c...
linking...
Program Size: Code=50652 RO-data=2572 RW-data=972 ZI-data=1828  
FromELF: creating hex file...
"..\OBJ\CANopen.axf" - 0 Error(s), 0 Warning(s).

<h2>Collection of Component include folders:</h2>
  E:\00_bafel\CAN\CANopen移植STM32\CANopen最终移植代码\CANopen_快速SDO\CANopen裸工程_主机\USER\RTE
  D:\Keil5_MDK\ARM\PACK\Keil\STM32F4xx_DFP\1.0.8\Device\Include

<h2>Collection of Component Files used:</h2>
Build Time Elapsed:  00:00:04
</pre>
</body>
</html>
