Component: ARM Compiler 5.06 update 1 (build 61) Tool: armlink [4d35a8]

==============================================================================

Section Cross References

    startup_stm32f407xx.o(STACK) refers (Special) to heapauxi.o(.text) for __use_two_region_memory
    startup_stm32f407xx.o(HEAP) refers (Special) to heapauxi.o(.text) for __use_two_region_memory
    startup_stm32f407xx.o(RESET) refers (Special) to heapauxi.o(.text) for __use_two_region_memory
    startup_stm32f407xx.o(RESET) refers to startup_stm32f407xx.o(STACK) for __initial_sp
    startup_stm32f407xx.o(RESET) refers to startup_stm32f407xx.o(.text) for Reset_Handler
    startup_stm32f407xx.o(RESET) refers to stm32f4xx_it.o(.text) for NMI_Handler
    startup_stm32f407xx.o(RESET) refers to usmart_port.o(.text) for TIM4_IRQHandler
    startup_stm32f407xx.o(RESET) refers to usart.o(.text) for USART1_IRQHandler
    startup_stm32f407xx.o(.text) refers (Special) to heapauxi.o(.text) for __use_two_region_memory
    startup_stm32f407xx.o(.text) refers to system_stm32f4xx.o(.text) for SystemInit
    startup_stm32f407xx.o(.text) refers to __main.o(!!!main) for __main
    startup_stm32f407xx.o(.text) refers to startup_stm32f407xx.o(HEAP) for Heap_Mem
    startup_stm32f407xx.o(.text) refers to startup_stm32f407xx.o(STACK) for Stack_Mem
    main.o(.text) refers to stm32f4xx_hal.o(.text) for HAL_Init
    main.o(.text) refers to sys.o(.text) for sys_stm32_clock_init
    main.o(.text) refers to delay.o(.text) for delay_init
    main.o(.text) refers to usart.o(.text) for usart_init
    main.o(.text) refers to led.o(.text) for led_init
    main.o(.text) refers to lcd.o(.text) for lcd_init
    main.o(.text) refers to key.o(.text) for key_init
    main.o(.text) refers to can.o(.text) for can_init
    main.o(.text) refers to stm32f4xx_hal_gpio.o(.text) for HAL_GPIO_TogglePin
    main.o(.text) refers to usmart_config.o(.data) for usmart_dev
    stm32f4xx_it.o(.text) refers to stm32f4xx_hal.o(.text) for HAL_IncTick
    system_stm32f4xx.o(.text) refers to system_stm32f4xx.o(.data) for SystemCoreClock
    system_stm32f4xx.o(.text) refers to system_stm32f4xx.o(.constdata) for AHBPrescTable
    delay.o(.text) refers to delay.o(.data) for g_fac_us
    sys.o(.text) refers to rt_memclr_w.o(.text) for __aeabi_memclr4
    sys.o(.text) refers to stm32f4xx_hal_rcc.o(.text) for HAL_RCC_OscConfig
    sys.o(.text) refers to stm32f4xx_hal.o(.text) for HAL_GetREVID
    usart.o(.rev16_text) refers (Special) to use_no_semi_2.o(.text) for __use_no_semihosting
    usart.o(.revsh_text) refers (Special) to use_no_semi_2.o(.text) for __use_no_semihosting
    usart.o(.rrx_text) refers (Special) to use_no_semi_2.o(.text) for __use_no_semihosting
    usart.o(.text) refers (Special) to use_no_semi_2.o(.text) for __use_no_semihosting
    usart.o(.text) refers to stm32f4xx_hal_uart.o(.text) for HAL_UART_Init
    usart.o(.text) refers to stm32f4xx_hal_gpio.o(.text) for HAL_GPIO_Init
    usart.o(.text) refers to stm32f4xx_hal_cortex.o(.text) for HAL_NVIC_EnableIRQ
    usart.o(.text) refers to usart.o(.bss) for g_uart1_handle
    usart.o(.text) refers to usart.o(.data) for g_rx_buffer
    usart.o(.bss) refers (Special) to use_no_semi_2.o(.text) for __use_no_semihosting
    usart.o(.data) refers (Special) to use_no_semi_2.o(.text) for __use_no_semihosting
    stm32f4xx_hal.o(.text) refers to stm32f4xx_hal_cortex.o(.text) for HAL_SYSTICK_Config
    stm32f4xx_hal.o(.text) refers to stm32f4xx_hal.o(.data) for uwTickFreq
    stm32f4xx_hal.o(.text) refers to system_stm32f4xx.o(.data) for SystemCoreClock
    stm32f4xx_hal_rcc.o(.text) refers to stm32f4xx_hal.o(.text) for HAL_GetTick
    stm32f4xx_hal_rcc.o(.text) refers to lludivv7m.o(.text) for __aeabi_uldivmod
    stm32f4xx_hal_rcc.o(.text) refers to stm32f4xx_hal_gpio.o(.text) for HAL_GPIO_Init
    stm32f4xx_hal_rcc.o(.text) refers to system_stm32f4xx.o(.constdata) for AHBPrescTable
    stm32f4xx_hal_rcc.o(.text) refers to system_stm32f4xx.o(.data) for SystemCoreClock
    stm32f4xx_hal_rcc.o(.text) refers to stm32f4xx_hal.o(.data) for uwTickPrio
    stm32f4xx_hal_rcc_ex.o(.text) refers to stm32f4xx_hal.o(.text) for HAL_GetTick
    stm32f4xx_hal_rcc_ex.o(.text) refers to system_stm32f4xx.o(.data) for SystemCoreClock
    stm32f4xx_hal_rcc_ex.o(.text) refers to stm32f4xx_hal.o(.data) for uwTickPrio
    stm32f4xx_hal_usart.o(.text) refers to stm32f4xx_hal_rcc.o(.text) for HAL_RCC_GetPCLK2Freq
    stm32f4xx_hal_usart.o(.text) refers to lludivv7m.o(.text) for __aeabi_uldivmod
    stm32f4xx_hal_usart.o(.text) refers to stm32f4xx_hal.o(.text) for HAL_GetTick
    stm32f4xx_hal_usart.o(.text) refers to stm32f4xx_hal_dma.o(.text) for HAL_DMA_Start_IT
    stm32f4xx_hal_pwr_ex.o(.text) refers to stm32f4xx_hal.o(.text) for HAL_GetTick
    stm32f4xx_hal_uart.o(.text) refers to stm32f4xx_hal_rcc.o(.text) for HAL_RCC_GetPCLK2Freq
    stm32f4xx_hal_uart.o(.text) refers to lludivv7m.o(.text) for __aeabi_uldivmod
    stm32f4xx_hal_uart.o(.text) refers to usart.o(.text) for HAL_UART_MspInit
    stm32f4xx_hal_uart.o(.text) refers to stm32f4xx_hal.o(.text) for HAL_GetTick
    stm32f4xx_hal_uart.o(.text) refers to stm32f4xx_hal_dma.o(.text) for HAL_DMA_Start_IT
    stm32f4xx_hal_tim.o(.text) refers to stm32f4xx_hal_dma.o(.text) for HAL_DMA_Start_IT
    stm32f4xx_hal_tim.o(.text) refers to stm32f4xx_hal_tim_ex.o(.text) for HAL_TIMEx_BreakCallback
    stm32f4xx_hal_tim_ex.o(.text) refers to stm32f4xx_hal_tim.o(.text) for TIM_Base_SetConfig
    stm32f4xx_hal_tim_ex.o(.text) refers to stm32f4xx_hal_dma.o(.text) for HAL_DMA_Start_IT
    stm32f4xx_hal_sram.o(.text) refers to lcd.o(.text) for HAL_SRAM_MspInit
    stm32f4xx_hal_sram.o(.text) refers to stm32f4xx_ll_fsmc.o(.text) for FSMC_NORSRAM_Init
    stm32f4xx_hal_sram.o(.text) refers to stm32f4xx_hal_dma.o(.text) for HAL_DMA_Start_IT
    stm32f4xx_ll_fsmc.o(.text) refers to stm32f4xx_hal.o(.text) for HAL_GetTick
    stm32f4xx_hal_dma.o(.text) refers to stm32f4xx_hal.o(.text) for HAL_GetTick
    stm32f4xx_hal_dma.o(.text) refers to stm32f4xx_hal_dma.o(.constdata) for flagBitshiftOffset
    stm32f4xx_hal_dma.o(.text) refers to system_stm32f4xx.o(.data) for SystemCoreClock
    stm32f4xx_hal_can.o(.text) refers to can.o(.text) for HAL_CAN_MspInit
    stm32f4xx_hal_can.o(.text) refers to stm32f4xx_hal.o(.text) for HAL_GetTick
    led.o(.text) refers to stm32f4xx_hal_gpio.o(.text) for HAL_GPIO_Init
    lcd.o(.text) refers to _printf_percent.o(.ARM.Collect$$_printf_percent$$00000000) for _printf_percent
    lcd.o(.text) refers to _printf_x.o(.ARM.Collect$$_printf_percent$$0000000C) for _printf_x
    lcd.o(.text) refers to _printf_hex_int.o(.text) for _printf_longlong_hex
    lcd.o(.text) refers to delay.o(.text) for delay_ms
    lcd.o(.text) refers to lcd.o(.bss) for lcddev
    lcd.o(.text) refers to dflt_clz.o(x$fpl$dfltu) for __aeabi_ui2d
    lcd.o(.text) refers to dmul.o(x$fpl$dmul) for __aeabi_dmul
    lcd.o(.text) refers to dfixu.o(x$fpl$dfixu) for __aeabi_d2uiz
    lcd.o(.text) refers to stm32f4xx_hal_gpio.o(.text) for HAL_GPIO_Init
    lcd.o(.text) refers to stm32f4xx_hal_sram.o(.text) for HAL_SRAM_Init
    lcd.o(.text) refers to noretval__2printf.o(.text) for __2printf
    lcd.o(.text) refers to stm32f4xx_ll_fsmc.o(.text) for FSMC_NORSRAM_Extended_Timing_Init
    lcd.o(.text) refers to lcd.o(.constdata) for asc2_1206
    lcd.o(.text) refers to lcd.o(.data) for g_back_color
    key.o(.text) refers to stm32f4xx_hal_gpio.o(.text) for HAL_GPIO_Init
    key.o(.text) refers to delay.o(.text) for delay_ms
    key.o(.text) refers to key.o(.data) for key_up
    can.o(.text) refers to stm32f4xx_hal_can.o(.text) for HAL_CAN_Init
    can.o(.text) refers to stm32f4xx_hal_gpio.o(.text) for HAL_GPIO_Init
    can.o(.text) refers to can.o(.bss) for g_canx_handler
    usmart.o(.text) refers to _printf_percent.o(.ARM.Collect$$_printf_percent$$00000000) for _printf_percent
    usmart.o(.text) refers to _printf_s.o(.ARM.Collect$$_printf_percent$$00000014) for _printf_s
    usmart.o(.text) refers to _printf_str.o(.text) for _printf_str
    usmart.o(.text) refers to _printf_pad.o(.text) for _printf_pre_padding
    usmart.o(.text) refers to _printf_x.o(.ARM.Collect$$_printf_percent$$0000000C) for _printf_x
    usmart.o(.text) refers to _printf_hex_int.o(.text) for _printf_longlong_hex
    usmart.o(.text) refers to _printf_u.o(.ARM.Collect$$_printf_percent$$0000000A) for _printf_u
    usmart.o(.text) refers to _printf_dec.o(.text) for _printf_int_dec
    usmart.o(.text) refers to _printf_c.o(.ARM.Collect$$_printf_percent$$00000013) for _printf_c
    usmart.o(.text) refers to _printf_d.o(.ARM.Collect$$_printf_percent$$00000009) for _printf_d
    usmart.o(.text) refers to usmart_str.o(.text) for usmart_get_cmdname
    usmart.o(.text) refers to noretval__2printf.o(.text) for __2printf
    usmart.o(.text) refers to usmart.o(.data) for sys_cmd_tab
    usmart.o(.text) refers to usmart_config.o(.data) for usmart_dev
    usmart.o(.text) refers to usmart_port.o(.text) for usmart_timx_init
    usmart.o(.data) refers to usmart.o(.conststring) for .conststring
    usmart_config.o(.data) refers to usmart.o(.text) for read_addr
    usmart_config.o(.data) refers to usmart_config.o(.conststring) for .conststring
    usmart_config.o(.data) refers to delay.o(.text) for delay_ms
    usmart_config.o(.data) refers to lcd.o(.text) for lcd_clear
    usmart_config.o(.data) refers to can.o(.text) for can_send_msg
    usmart_port.o(.text) refers to stm32f4xx_hal_tim.o(.text) for HAL_TIM_Base_Init
    usmart_port.o(.text) refers to stm32f4xx_hal_cortex.o(.text) for HAL_NVIC_SetPriority
    usmart_port.o(.text) refers to usart.o(.data) for g_usart_rx_sta
    usmart_port.o(.text) refers to usart.o(.bss) for g_usart_rx_buf
    usmart_port.o(.text) refers to usmart_port.o(.bss) for g_timx_usmart_handle
    usmart_port.o(.text) refers to usmart_config.o(.data) for usmart_dev
    usmart_str.o(.text) refers to usmart_config.o(.data) for usmart_dev
    dcf.o(.text) refers to nmtmaster.o(.text) for masterSendNMTstateChange
    dcf.o(.text) refers to sdo.o(.text) for writeNetworkDictCallBackAI
    emcy.o(.text) refers to objacces.o(.text) for RegisterSetODentryCallBack
    lifegrd.o(.text) refers to timer.o(.text) for DelAlarm
    lifegrd.o(.text) refers to nmtmaster.o(.text) for masterSendNMTnodeguard
    lifegrd.o(.text) refers to objacces.o(.text) for RegisterSetODentryCallBack
    nmtslave.o(.text) refers to states.o(.text) for setState
    objacces.o(.text) refers to rt_memcpy_v6.o(.text) for __aeabi_memcpy
    pdo.o(.text) refers to objacces.o(.text) for _getODentry
    pdo.o(.text) refers to memcmp.o(.text) for memcmp
    pdo.o(.text) refers to timer.o(.text) for DelAlarm
    sdo.o(.text) refers to timer.o(.text) for SetAlarm
    sdo.o(.text) refers to objacces.o(.text) for _setODentry
    states.o(.text) refers to sync.o(.text) for proceedSYNC
    states.o(.text) refers to emcy.o(.text) for proceedEMCY
    states.o(.text) refers to pdo.o(.text) for proceedPDO
    states.o(.text) refers to sdo.o(.text) for proceedSDO
    states.o(.text) refers to lifegrd.o(.text) for proceedNODE_GUARD
    states.o(.text) refers to nmtslave.o(.text) for proceedNMTstateChange
    states.o(.text) refers to nmtmaster.o(.text) for masterSendNMTstateChange
    states.o(.text) refers to states.o(.constdata) for .constdata
    sync.o(.text) refers to pdo.o(.text) for _sendPDOevent
    sync.o(.text) refers to objacces.o(.text) for RegisterSetODentryCallBack
    sync.o(.text) refers to timer.o(.text) for DelAlarm
    timer.o(.text) refers to timer.o(.bss) for timers
    timer.o(.text) refers to timer.o(.data) for last_timer_raw
    use_no_semi_2.o(.text) refers (Special) to use_no_semi.o(.text) for __use_no_semihosting_swi
    __2printf.o(.text) refers to _printf_char_file.o(.text) for _printf_char_file
    __2printf.o(.text) refers to usart.o(.data) for __stdout
    noretval__2printf.o(.text) refers to _printf_char_file.o(.text) for _printf_char_file
    noretval__2printf.o(.text) refers to usart.o(.data) for __stdout
    __printf.o(.text) refers to _printf_percent.o(.ARM.Collect$$_printf_percent$$00000000) for _printf_percent
    _printf_str.o(.text) refers (Special) to _printf_char.o(.text) for _printf_cs_common
    _printf_str.o(.text) refers (Weak) to _printf_pad.o(.text) for _printf_pre_padding
    _printf_str.o(.text) refers (Weak) to _printf_pad.o(.text) for _printf_post_padding
    _printf_dec.o(.text) refers to _printf_intcommon.o(.text) for _printf_int_common
    _printf_hex_ll.o(.text) refers to _printf_intcommon.o(.text) for _printf_int_common
    _printf_hex_ll.o(.text) refers to _printf_hex_ll.o(.constdata) for .constdata
    _printf_hex_int.o(.text) refers to _printf_intcommon.o(.text) for _printf_int_common
    _printf_hex_int.o(.text) refers to _printf_hex_int.o(.constdata) for .constdata
    _printf_hex_int_ll.o(.text) refers to _printf_intcommon.o(.text) for _printf_int_common
    _printf_hex_int_ll.o(.text) refers to _printf_hex_int_ll.o(.constdata) for .constdata
    _printf_hex_ptr.o(.text) refers to _printf_intcommon.o(.text) for _printf_int_common
    _printf_hex_ptr.o(.text) refers to _printf_hex_ptr.o(.constdata) for .constdata
    _printf_hex_int_ptr.o(.text) refers to _printf_intcommon.o(.text) for _printf_int_common
    _printf_hex_int_ptr.o(.text) refers to _printf_hex_int_ptr.o(.constdata) for .constdata
    _printf_hex_ll_ptr.o(.text) refers to _printf_intcommon.o(.text) for _printf_int_common
    _printf_hex_ll_ptr.o(.text) refers to _printf_hex_ll_ptr.o(.constdata) for .constdata
    _printf_hex_int_ll_ptr.o(.text) refers to _printf_intcommon.o(.text) for _printf_int_common
    _printf_hex_int_ll_ptr.o(.text) refers to _printf_hex_int_ll_ptr.o(.constdata) for .constdata
    __printf_flags.o(.text) refers to _printf_percent.o(.ARM.Collect$$_printf_percent$$00000000) for _printf_percent
    __printf_flags.o(.text) refers to __printf_flags.o(.constdata) for .constdata
    __printf_ss.o(.text) refers to _printf_percent.o(.ARM.Collect$$_printf_percent$$00000000) for _printf_percent
    __printf_flags_ss.o(.text) refers to _printf_percent.o(.ARM.Collect$$_printf_percent$$00000000) for _printf_percent
    __printf_flags_ss.o(.text) refers to __printf_flags_ss.o(.constdata) for .constdata
    __printf_wp.o(.text) refers to __printf_wp.o(i._is_digit) for _is_digit
    __printf_wp.o(.text) refers to _printf_percent.o(.ARM.Collect$$_printf_percent$$00000000) for _printf_percent
    __printf_flags_wp.o(.text) refers to __printf_wp.o(i._is_digit) for _is_digit
    __printf_flags_wp.o(.text) refers to _printf_percent.o(.ARM.Collect$$_printf_percent$$00000000) for _printf_percent
    __printf_flags_wp.o(.text) refers to __printf_flags_wp.o(.constdata) for .constdata
    __printf_ss_wp.o(.text) refers to __printf_wp.o(i._is_digit) for _is_digit
    __printf_ss_wp.o(.text) refers to _printf_percent.o(.ARM.Collect$$_printf_percent$$00000000) for _printf_percent
    __printf_flags_ss_wp.o(.text) refers to __printf_wp.o(i._is_digit) for _is_digit
    __printf_flags_ss_wp.o(.text) refers to _printf_percent.o(.ARM.Collect$$_printf_percent$$00000000) for _printf_percent
    __printf_flags_ss_wp.o(.text) refers to __printf_flags_ss_wp.o(.constdata) for .constdata
    _printf_c.o(.ARM.Collect$$_printf_percent$$00000013) refers (Weak) to _printf_char.o(.text) for _printf_char
    _printf_s.o(.ARM.Collect$$_printf_percent$$00000014) refers (Weak) to _printf_char.o(.text) for _printf_string
    _printf_x.o(.ARM.Collect$$_printf_percent$$0000000C) refers (Weak) to _printf_hex_int.o(.text) for _printf_int_hex
    _printf_d.o(.ARM.Collect$$_printf_percent$$00000009) refers (Weak) to _printf_dec.o(.text) for _printf_int_dec
    _printf_u.o(.ARM.Collect$$_printf_percent$$0000000A) refers (Weak) to _printf_dec.o(.text) for _printf_int_dec
    _printf_percent.o(.ARM.Collect$$_printf_percent$$00000000) refers (Special) to _printf_percent_end.o(.ARM.Collect$$_printf_percent$$00000017) for _printf_percent_end
    rt_memcpy_v6.o(.text) refers to rt_memcpy_w.o(.text) for __aeabi_memcpy4
    __main.o(!!!main) refers to __rtentry.o(.ARM.Collect$$rtentry$$00000000) for __rt_entry
    dfixu.o(x$fpl$dfixu) refers (Special) to usenofp.o(x$fpl$usenofp) for __I$use$fp
    dfixu.o(x$fpl$dfixu) refers to dnaninf.o(x$fpl$dnaninf) for __fpl_dnaninf
    dfixu.o(x$fpl$dfixur) refers (Special) to usenofp.o(x$fpl$usenofp) for __I$use$fp
    dfixu.o(x$fpl$dfixur) refers to dnaninf.o(x$fpl$dnaninf) for __fpl_dnaninf
    dflt_clz.o(x$fpl$dfltu) refers (Special) to usenofp.o(x$fpl$usenofp) for __I$use$fp
    dflt_clz.o(x$fpl$dflt) refers (Special) to usenofp.o(x$fpl$usenofp) for __I$use$fp
    dflt_clz.o(x$fpl$dfltn) refers (Special) to usenofp.o(x$fpl$usenofp) for __I$use$fp
    dmul.o(x$fpl$dmul) refers (Special) to usenofp.o(x$fpl$usenofp) for __I$use$fp
    dmul.o(x$fpl$dmul) refers to dretinf.o(x$fpl$dretinf) for __fpl_dretinf
    dmul.o(x$fpl$dmul) refers to dnaninf.o(x$fpl$dnaninf) for __fpl_dnaninf
    __rtentry.o(.ARM.Collect$$rtentry$$00000000) refers (Special) to __rtentry2.o(.ARM.Collect$$rtentry$$0000000A) for __rt_entry_li
    __rtentry.o(.ARM.Collect$$rtentry$$00000000) refers (Special) to __rtentry2.o(.ARM.Collect$$rtentry$$0000000D) for __rt_entry_main
    __rtentry.o(.ARM.Collect$$rtentry$$00000000) refers (Special) to __rtentry2.o(.ARM.Collect$$rtentry$$0000000C) for __rt_entry_postli_1
    __rtentry.o(.ARM.Collect$$rtentry$$00000000) refers (Special) to __rtentry2.o(.ARM.Collect$$rtentry$$00000009) for __rt_entry_postsh_1
    __rtentry.o(.ARM.Collect$$rtentry$$00000000) refers (Special) to __rtentry2.o(.ARM.Collect$$rtentry$$00000002) for __rt_entry_presh_1
    __rtentry.o(.ARM.Collect$$rtentry$$00000000) refers (Special) to __rtentry4.o(.ARM.Collect$$rtentry$$00000004) for __rt_entry_sh
    aeabi_ldiv0_sigfpe.o(.text) refers to rt_div0.o(.text) for __rt_div0
    _printf_intcommon.o(.text) refers (Weak) to _printf_pad.o(.text) for _printf_pre_padding
    _printf_intcommon.o(.text) refers (Weak) to _printf_pad.o(.text) for _printf_pre_padding
    _printf_intcommon.o(.text) refers (Weak) to _printf_pad.o(.text) for _printf_post_padding
    _printf_char.o(.text) refers (Weak) to _printf_str.o(.text) for _printf_str
    _printf_char_file.o(.text) refers to _printf_char_common.o(.text) for _printf_char_common
    _printf_char_file.o(.text) refers to ferror.o(.text) for ferror
    _printf_char_file.o(.text) refers to usart.o(.text) for fputc
    dnaninf.o(x$fpl$dnaninf) refers (Special) to usenofp.o(x$fpl$usenofp) for __I$use$fp
    dretinf.o(x$fpl$dretinf) refers (Special) to usenofp.o(x$fpl$usenofp) for __I$use$fp
    __rtentry2.o(.ARM.Collect$$rtentry$$00000008) refers to boardinit2.o(.text) for _platform_post_stackheap_init
    __rtentry2.o(.ARM.Collect$$rtentry$$0000000A) refers to libinit.o(.ARM.Collect$$libinit$$00000000) for __rt_lib_init
    __rtentry2.o(.ARM.Collect$$rtentry$$0000000B) refers to boardinit3.o(.text) for _platform_post_lib_init
    __rtentry2.o(.ARM.Collect$$rtentry$$0000000D) refers to main.o(.text) for main
    __rtentry2.o(.ARM.Collect$$rtentry$$0000000D) refers to exit.o(.text) for exit
    __rtentry2.o(.ARM.exidx) refers to __rtentry2.o(.ARM.Collect$$rtentry$$00000001) for .ARM.Collect$$rtentry$$00000001
    __rtentry2.o(.ARM.exidx) refers to __rtentry2.o(.ARM.Collect$$rtentry$$00000008) for .ARM.Collect$$rtentry$$00000008
    __rtentry2.o(.ARM.exidx) refers to __rtentry2.o(.ARM.Collect$$rtentry$$0000000A) for .ARM.Collect$$rtentry$$0000000A
    __rtentry2.o(.ARM.exidx) refers to __rtentry2.o(.ARM.Collect$$rtentry$$0000000B) for .ARM.Collect$$rtentry$$0000000B
    __rtentry2.o(.ARM.exidx) refers to __rtentry2.o(.ARM.Collect$$rtentry$$0000000D) for .ARM.Collect$$rtentry$$0000000D
    __rtentry4.o(.ARM.Collect$$rtentry$$00000004) refers to sys_stackheap_outer.o(.text) for __user_setup_stackheap
    __rtentry4.o(.ARM.exidx) refers to __rtentry4.o(.ARM.Collect$$rtentry$$00000004) for .ARM.Collect$$rtentry$$00000004
    rt_div0.o(.text) refers to defsig_fpe_outer.o(.text) for __rt_SIGFPE
    _printf_char_common.o(.text) refers to __printf_flags_ss_wp.o(.text) for __printf
    sys_stackheap_outer.o(.text) refers to libspace.o(.text) for __user_perproc_libspace
    sys_stackheap_outer.o(.text) refers to startup_stm32f407xx.o(.text) for __user_initial_stackheap
    exit.o(.text) refers to rtexit.o(.ARM.Collect$$rtexit$$00000000) for __rt_exit
    defsig_fpe_outer.o(.text) refers to defsig_fpe_inner.o(.text) for __rt_SIGFPE_inner
    defsig_fpe_outer.o(.text) refers to defsig_exit.o(.text) for __sig_exit
    defsig_fpe_formal.o(.text) refers to rt_raise.o(.text) for __rt_raise
    libinit.o(.ARM.Collect$$libinit$$00000000) refers (Special) to libinit2.o(.ARM.Collect$$libinit$$0000002E) for __rt_lib_init_alloca_1
    libinit.o(.ARM.Collect$$libinit$$00000000) refers (Special) to libinit2.o(.ARM.Collect$$libinit$$0000002C) for __rt_lib_init_argv_1
    libinit.o(.ARM.Collect$$libinit$$00000000) refers (Special) to libinit2.o(.ARM.Collect$$libinit$$0000001B) for __rt_lib_init_atexit_1
    libinit.o(.ARM.Collect$$libinit$$00000000) refers (Special) to libinit2.o(.ARM.Collect$$libinit$$00000021) for __rt_lib_init_clock_1
    libinit.o(.ARM.Collect$$libinit$$00000000) refers (Special) to libinit2.o(.ARM.Collect$$libinit$$00000032) for __rt_lib_init_cpp_1
    libinit.o(.ARM.Collect$$libinit$$00000000) refers (Special) to libinit2.o(.ARM.Collect$$libinit$$00000030) for __rt_lib_init_exceptions_1
    libinit.o(.ARM.Collect$$libinit$$00000000) refers (Special) to libinit2.o(.ARM.Collect$$libinit$$00000001) for __rt_lib_init_fp_1
    libinit.o(.ARM.Collect$$libinit$$00000000) refers (Special) to libinit2.o(.ARM.Collect$$libinit$$0000001F) for __rt_lib_init_fp_trap_1
    libinit.o(.ARM.Collect$$libinit$$00000000) refers (Special) to libinit2.o(.ARM.Collect$$libinit$$00000023) for __rt_lib_init_getenv_1
    libinit.o(.ARM.Collect$$libinit$$00000000) refers (Special) to libinit2.o(.ARM.Collect$$libinit$$0000000A) for __rt_lib_init_heap_1
    libinit.o(.ARM.Collect$$libinit$$00000000) refers (Special) to libinit2.o(.ARM.Collect$$libinit$$00000011) for __rt_lib_init_lc_collate_1
    libinit.o(.ARM.Collect$$libinit$$00000000) refers (Special) to libinit2.o(.ARM.Collect$$libinit$$00000013) for __rt_lib_init_lc_ctype_1
    libinit.o(.ARM.Collect$$libinit$$00000000) refers (Special) to libinit2.o(.ARM.Collect$$libinit$$00000015) for __rt_lib_init_lc_monetary_1
    libinit.o(.ARM.Collect$$libinit$$00000000) refers (Special) to libinit2.o(.ARM.Collect$$libinit$$00000017) for __rt_lib_init_lc_numeric_1
    libinit.o(.ARM.Collect$$libinit$$00000000) refers (Special) to libinit2.o(.ARM.Collect$$libinit$$00000019) for __rt_lib_init_lc_time_1
    libinit.o(.ARM.Collect$$libinit$$00000000) refers (Special) to libinit2.o(.ARM.Collect$$libinit$$00000004) for __rt_lib_init_preinit_1
    libinit.o(.ARM.Collect$$libinit$$00000000) refers (Special) to libinit2.o(.ARM.Collect$$libinit$$0000000E) for __rt_lib_init_rand_1
    libinit.o(.ARM.Collect$$libinit$$00000000) refers (Special) to libinit2.o(.ARM.Collect$$libinit$$00000033) for __rt_lib_init_return
    libinit.o(.ARM.Collect$$libinit$$00000000) refers (Special) to libinit2.o(.ARM.Collect$$libinit$$0000001D) for __rt_lib_init_signal_1
    libinit.o(.ARM.Collect$$libinit$$00000000) refers (Special) to libinit2.o(.ARM.Collect$$libinit$$00000025) for __rt_lib_init_stdio_1
    libinit.o(.ARM.Collect$$libinit$$00000000) refers (Special) to libinit2.o(.ARM.Collect$$libinit$$0000000C) for __rt_lib_init_user_alloc_1
    libspace.o(.text) refers to libspace.o(.bss) for __libspace_start
    rtexit.o(.ARM.Collect$$rtexit$$00000000) refers (Special) to rtexit2.o(.ARM.Collect$$rtexit$$00000004) for __rt_exit_exit
    rtexit.o(.ARM.Collect$$rtexit$$00000000) refers (Special) to rtexit2.o(.ARM.Collect$$rtexit$$00000003) for __rt_exit_ls
    rtexit.o(.ARM.Collect$$rtexit$$00000000) refers (Special) to rtexit2.o(.ARM.Collect$$rtexit$$00000002) for __rt_exit_prels_1
    rtexit.o(.ARM.exidx) refers (Special) to rtexit2.o(.ARM.Collect$$rtexit$$00000004) for __rt_exit_exit
    rtexit.o(.ARM.exidx) refers (Special) to rtexit2.o(.ARM.Collect$$rtexit$$00000003) for __rt_exit_ls
    rtexit.o(.ARM.exidx) refers (Special) to rtexit2.o(.ARM.Collect$$rtexit$$00000002) for __rt_exit_prels_1
    rtexit.o(.ARM.exidx) refers to rtexit.o(.ARM.Collect$$rtexit$$00000000) for .ARM.Collect$$rtexit$$00000000
    rt_raise.o(.text) refers to __raise.o(.text) for __raise
    rt_raise.o(.text) refers to usart.o(.text) for _sys_exit
    defsig_exit.o(.text) refers to usart.o(.text) for _sys_exit
    defsig_fpe_inner.o(.text) refers to defsig_general.o(.text) for __default_signal_display
    libinit2.o(.ARM.Collect$$libinit$$00000001) refers to fpinit.o(x$fpl$fpinit) for _fp_init
    libinit2.o(.ARM.Collect$$libinit$$00000010) refers to libinit2.o(.ARM.Collect$$libinit$$0000000F) for .ARM.Collect$$libinit$$0000000F
    libinit2.o(.ARM.Collect$$libinit$$00000012) refers to libinit2.o(.ARM.Collect$$libinit$$0000000F) for .ARM.Collect$$libinit$$0000000F
    libinit2.o(.ARM.Collect$$libinit$$00000014) refers to libinit2.o(.ARM.Collect$$libinit$$0000000F) for .ARM.Collect$$libinit$$0000000F
    libinit2.o(.ARM.Collect$$libinit$$00000016) refers to libinit2.o(.ARM.Collect$$libinit$$0000000F) for .ARM.Collect$$libinit$$0000000F
    libinit2.o(.ARM.Collect$$libinit$$00000018) refers to libinit2.o(.ARM.Collect$$libinit$$0000000F) for .ARM.Collect$$libinit$$0000000F
    libinit2.o(.ARM.Collect$$libinit$$00000026) refers to argv_veneer.o(.emb_text) for __ARM_argv_veneer
    libinit2.o(.ARM.Collect$$libinit$$00000027) refers to argv_veneer.o(.emb_text) for __ARM_argv_veneer
    rtexit2.o(.ARM.Collect$$rtexit$$00000003) refers to libshutdown.o(.ARM.Collect$$libshutdown$$00000000) for __rt_lib_shutdown
    rtexit2.o(.ARM.Collect$$rtexit$$00000004) refers to usart.o(.text) for _sys_exit
    rtexit2.o(.ARM.exidx) refers to rtexit2.o(.ARM.Collect$$rtexit$$00000001) for .ARM.Collect$$rtexit$$00000001
    rtexit2.o(.ARM.exidx) refers to rtexit2.o(.ARM.Collect$$rtexit$$00000003) for .ARM.Collect$$rtexit$$00000003
    rtexit2.o(.ARM.exidx) refers to rtexit2.o(.ARM.Collect$$rtexit$$00000004) for .ARM.Collect$$rtexit$$00000004
    __raise.o(.text) refers to defsig.o(CL$$defsig) for __default_signal_handler
    defsig_general.o(.text) refers to usart.o(.text) for _ttywrch
    argv_veneer.o(.emb_text) refers to no_argv.o(.text) for __ARM_get_argv
    defsig.o(CL$$defsig) refers to defsig_fpe_inner.o(.text) for __rt_SIGFPE_inner
    defsig.o(CL$$defsig) refers to defsig_rtmem_inner.o(.text) for __rt_SIGRTMEM_inner
    _get_argv_nomalloc.o(.text) refers (Special) to hrguard.o(.text) for __heap_region$guard
    _get_argv_nomalloc.o(.text) refers to defsig_rtmem_outer.o(.text) for __rt_SIGRTMEM
    _get_argv_nomalloc.o(.text) refers to usart.o(.text) for _sys_command_string
    libshutdown.o(.ARM.Collect$$libshutdown$$00000000) refers (Special) to libshutdown2.o(.ARM.Collect$$libshutdown$$00000002) for __rt_lib_shutdown_cpp_1
    libshutdown.o(.ARM.Collect$$libshutdown$$00000000) refers (Special) to libshutdown2.o(.ARM.Collect$$libshutdown$$00000007) for __rt_lib_shutdown_fp_trap_1
    libshutdown.o(.ARM.Collect$$libshutdown$$00000000) refers (Special) to libshutdown2.o(.ARM.Collect$$libshutdown$$0000000F) for __rt_lib_shutdown_heap_1
    libshutdown.o(.ARM.Collect$$libshutdown$$00000000) refers (Special) to libshutdown2.o(.ARM.Collect$$libshutdown$$00000010) for __rt_lib_shutdown_return
    libshutdown.o(.ARM.Collect$$libshutdown$$00000000) refers (Special) to libshutdown2.o(.ARM.Collect$$libshutdown$$0000000A) for __rt_lib_shutdown_signal_1
    libshutdown.o(.ARM.Collect$$libshutdown$$00000000) refers (Special) to libshutdown2.o(.ARM.Collect$$libshutdown$$00000004) for __rt_lib_shutdown_stdio_1
    libshutdown.o(.ARM.Collect$$libshutdown$$00000000) refers (Special) to libshutdown2.o(.ARM.Collect$$libshutdown$$0000000C) for __rt_lib_shutdown_user_alloc_1
    defsig_abrt_inner.o(.text) refers to defsig_general.o(.text) for __default_signal_display
    defsig_rtred_inner.o(.text) refers to defsig_general.o(.text) for __default_signal_display
    defsig_rtmem_inner.o(.text) refers to defsig_general.o(.text) for __default_signal_display
    defsig_rtmem_outer.o(.text) refers to defsig_rtmem_inner.o(.text) for __rt_SIGRTMEM_inner
    defsig_rtmem_outer.o(.text) refers to defsig_exit.o(.text) for __sig_exit
    defsig_rtmem_formal.o(.text) refers to rt_raise.o(.text) for __rt_raise
    defsig_stak_inner.o(.text) refers to defsig_general.o(.text) for __default_signal_display
    defsig_pvfn_inner.o(.text) refers to defsig_general.o(.text) for __default_signal_display
    defsig_cppl_inner.o(.text) refers to defsig_general.o(.text) for __default_signal_display
    defsig_segv_inner.o(.text) refers to defsig_general.o(.text) for __default_signal_display
    defsig_other.o(.text) refers to defsig_general.o(.text) for __default_signal_display


==============================================================================

Removing Unused input sections from the image.

    Removing main.o(.rev16_text), (4 bytes).
    Removing main.o(.revsh_text), (4 bytes).
    Removing main.o(.rrx_text), (6 bytes).
    Removing stm32f4xx_it.o(.rev16_text), (4 bytes).
    Removing stm32f4xx_it.o(.revsh_text), (4 bytes).
    Removing stm32f4xx_it.o(.rrx_text), (6 bytes).
    Removing system_stm32f4xx.o(.rev16_text), (4 bytes).
    Removing system_stm32f4xx.o(.revsh_text), (4 bytes).
    Removing system_stm32f4xx.o(.rrx_text), (6 bytes).
    Removing delay.o(.rev16_text), (4 bytes).
    Removing delay.o(.revsh_text), (4 bytes).
    Removing delay.o(.rrx_text), (6 bytes).
    Removing sys.o(.rev16_text), (4 bytes).
    Removing sys.o(.revsh_text), (4 bytes).
    Removing sys.o(.rrx_text), (6 bytes).
    Removing usart.o(.rev16_text), (4 bytes).
    Removing usart.o(.revsh_text), (4 bytes).
    Removing usart.o(.rrx_text), (6 bytes).
    Removing stm32f4xx_hal.o(.rev16_text), (4 bytes).
    Removing stm32f4xx_hal.o(.revsh_text), (4 bytes).
    Removing stm32f4xx_hal.o(.rrx_text), (6 bytes).
    Removing stm32f4xx_hal_cortex.o(.rev16_text), (4 bytes).
    Removing stm32f4xx_hal_cortex.o(.revsh_text), (4 bytes).
    Removing stm32f4xx_hal_cortex.o(.rrx_text), (6 bytes).
    Removing stm32f4xx_hal_gpio.o(.rev16_text), (4 bytes).
    Removing stm32f4xx_hal_gpio.o(.revsh_text), (4 bytes).
    Removing stm32f4xx_hal_gpio.o(.rrx_text), (6 bytes).
    Removing stm32f4xx_hal_rcc.o(.rev16_text), (4 bytes).
    Removing stm32f4xx_hal_rcc.o(.revsh_text), (4 bytes).
    Removing stm32f4xx_hal_rcc.o(.rrx_text), (6 bytes).
    Removing stm32f4xx_hal_rcc_ex.o(.rev16_text), (4 bytes).
    Removing stm32f4xx_hal_rcc_ex.o(.revsh_text), (4 bytes).
    Removing stm32f4xx_hal_rcc_ex.o(.rrx_text), (6 bytes).
    Removing stm32f4xx_hal_rcc_ex.o(.text), (1144 bytes).
    Removing stm32f4xx_hal_usart.o(.rev16_text), (4 bytes).
    Removing stm32f4xx_hal_usart.o(.revsh_text), (4 bytes).
    Removing stm32f4xx_hal_usart.o(.rrx_text), (6 bytes).
    Removing stm32f4xx_hal_usart.o(.text), (4632 bytes).
    Removing stm32f4xx_hal_pwr.o(.rev16_text), (4 bytes).
    Removing stm32f4xx_hal_pwr.o(.revsh_text), (4 bytes).
    Removing stm32f4xx_hal_pwr.o(.rrx_text), (6 bytes).
    Removing stm32f4xx_hal_pwr.o(.text), (496 bytes).
    Removing stm32f4xx_hal_pwr_ex.o(.rev16_text), (4 bytes).
    Removing stm32f4xx_hal_pwr_ex.o(.revsh_text), (4 bytes).
    Removing stm32f4xx_hal_pwr_ex.o(.rrx_text), (6 bytes).
    Removing stm32f4xx_hal_pwr_ex.o(.text), (256 bytes).
    Removing stm32f4xx_hal_uart.o(.rev16_text), (4 bytes).
    Removing stm32f4xx_hal_uart.o(.revsh_text), (4 bytes).
    Removing stm32f4xx_hal_uart.o(.rrx_text), (6 bytes).
    Removing stm32f4xx_hal_dma_ex.o(.rev16_text), (4 bytes).
    Removing stm32f4xx_hal_dma_ex.o(.revsh_text), (4 bytes).
    Removing stm32f4xx_hal_dma_ex.o(.rrx_text), (6 bytes).
    Removing stm32f4xx_hal_dma_ex.o(.text), (4232 bytes).
    Removing stm32f4xx_hal_tim.o(.rev16_text), (4 bytes).
    Removing stm32f4xx_hal_tim.o(.revsh_text), (4 bytes).
    Removing stm32f4xx_hal_tim.o(.rrx_text), (6 bytes).
    Removing stm32f4xx_hal_tim_ex.o(.rev16_text), (4 bytes).
    Removing stm32f4xx_hal_tim_ex.o(.revsh_text), (4 bytes).
    Removing stm32f4xx_hal_tim_ex.o(.rrx_text), (6 bytes).
    Removing stm32f4xx_hal_sram.o(.rev16_text), (4 bytes).
    Removing stm32f4xx_hal_sram.o(.revsh_text), (4 bytes).
    Removing stm32f4xx_hal_sram.o(.rrx_text), (6 bytes).
    Removing stm32f4xx_ll_fsmc.o(.rev16_text), (4 bytes).
    Removing stm32f4xx_ll_fsmc.o(.revsh_text), (4 bytes).
    Removing stm32f4xx_ll_fsmc.o(.rrx_text), (6 bytes).
    Removing stm32f4xx_hal_dma.o(.rev16_text), (4 bytes).
    Removing stm32f4xx_hal_dma.o(.revsh_text), (4 bytes).
    Removing stm32f4xx_hal_dma.o(.rrx_text), (6 bytes).
    Removing stm32f4xx_hal_can.o(.rev16_text), (4 bytes).
    Removing stm32f4xx_hal_can.o(.revsh_text), (4 bytes).
    Removing stm32f4xx_hal_can.o(.rrx_text), (6 bytes).
    Removing led.o(.rev16_text), (4 bytes).
    Removing led.o(.revsh_text), (4 bytes).
    Removing led.o(.rrx_text), (6 bytes).
    Removing lcd.o(.rev16_text), (4 bytes).
    Removing lcd.o(.revsh_text), (4 bytes).
    Removing lcd.o(.rrx_text), (6 bytes).
    Removing key.o(.rev16_text), (4 bytes).
    Removing key.o(.revsh_text), (4 bytes).
    Removing key.o(.rrx_text), (6 bytes).
    Removing can.o(.rev16_text), (4 bytes).
    Removing can.o(.revsh_text), (4 bytes).
    Removing can.o(.rrx_text), (6 bytes).
    Removing usmart.o(.rev16_text), (4 bytes).
    Removing usmart.o(.revsh_text), (4 bytes).
    Removing usmart.o(.rrx_text), (6 bytes).
    Removing usmart_config.o(.rev16_text), (4 bytes).
    Removing usmart_config.o(.revsh_text), (4 bytes).
    Removing usmart_config.o(.rrx_text), (6 bytes).
    Removing usmart_port.o(.rev16_text), (4 bytes).
    Removing usmart_port.o(.revsh_text), (4 bytes).
    Removing usmart_port.o(.rrx_text), (6 bytes).
    Removing usmart_str.o(.rev16_text), (4 bytes).
    Removing usmart_str.o(.revsh_text), (4 bytes).
    Removing usmart_str.o(.rrx_text), (6 bytes).
    Removing dcf.o(.text), (892 bytes).
    Removing emcy.o(.text), (674 bytes).
    Removing lifegrd.o(.text), (1024 bytes).
    Removing nmtmaster.o(.text), (132 bytes).
    Removing nmtslave.o(.text), (270 bytes).
    Removing objacces.o(.text), (608 bytes).
    Removing pdo.o(.text), (2660 bytes).
    Removing sdo.o(.text), (15482 bytes).
    Removing states.o(.text), (1120 bytes).
    Removing states.o(.constdata), (64 bytes).
    Removing sync.o(.text), (292 bytes).
    Removing timer.o(.text), (408 bytes).
    Removing timer.o(.bss), (192 bytes).
    Removing timer.o(.data), (12 bytes).

109 unused section(s) (total 35010 bytes) removed from the image.

==============================================================================

Memory Map of the image

  Image Entry point : 0x00000000

  Load Region LR_IROM1 (Base: 0x08000000, Size: 0x0001330c, Max: 0x00100000, ABSOLUTE)

    Execution Region ER_IROM1 (Base: 0x08000000, Size: 0x00013154, Max: 0x00100000, ABSOLUTE)

    Base Addr    Size         Type   Attr      Idx    E Section Name        Object

    0x08000000   0x00000188   Data   RO            3    RESET               startup_stm32f407xx.o
    0x08000188   0x00000008   Code   RO         1371  * !!!main             c_w.l(__main.o)
    0x08000190   0x00000000   Code   RO         1362    .ARM.Collect$$_printf_percent$$00000000  c_w.l(_printf_percent.o)
    0x08000190   0x00000006   Code   RO         1360    .ARM.Collect$$_printf_percent$$00000009  c_w.l(_printf_d.o)
    0x08000196   0x00000006   Code   RO         1361    .ARM.Collect$$_printf_percent$$0000000A  c_w.l(_printf_u.o)
    0x0800019c   0x00000006   Code   RO         1359    .ARM.Collect$$_printf_percent$$0000000C  c_w.l(_printf_x.o)
    0x080001a2   0x00000006   Code   RO         1357    .ARM.Collect$$_printf_percent$$00000013  c_w.l(_printf_c.o)
    0x080001a8   0x00000006   Code   RO         1358    .ARM.Collect$$_printf_percent$$00000014  c_w.l(_printf_s.o)
    0x080001ae   0x00000004   Code   RO         1398    .ARM.Collect$$_printf_percent$$00000017  c_w.l(_printf_percent_end.o)
    0x080001b2   0x00000002   Code   RO         1444    .ARM.Collect$$libinit$$00000000  c_w.l(libinit.o)
    0x080001b4   0x00000004   Code   RO         1456    .ARM.Collect$$libinit$$00000001  c_w.l(libinit2.o)
    0x080001b8   0x00000000   Code   RO         1459    .ARM.Collect$$libinit$$00000004  c_w.l(libinit2.o)
    0x080001b8   0x00000000   Code   RO         1462    .ARM.Collect$$libinit$$0000000A  c_w.l(libinit2.o)
    0x080001b8   0x00000000   Code   RO         1464    .ARM.Collect$$libinit$$0000000C  c_w.l(libinit2.o)
    0x080001b8   0x00000000   Code   RO         1466    .ARM.Collect$$libinit$$0000000E  c_w.l(libinit2.o)
    0x080001b8   0x00000000   Code   RO         1469    .ARM.Collect$$libinit$$00000011  c_w.l(libinit2.o)
    0x080001b8   0x00000000   Code   RO         1471    .ARM.Collect$$libinit$$00000013  c_w.l(libinit2.o)
    0x080001b8   0x00000000   Code   RO         1473    .ARM.Collect$$libinit$$00000015  c_w.l(libinit2.o)
    0x080001b8   0x00000000   Code   RO         1475    .ARM.Collect$$libinit$$00000017  c_w.l(libinit2.o)
    0x080001b8   0x00000000   Code   RO         1477    .ARM.Collect$$libinit$$00000019  c_w.l(libinit2.o)
    0x080001b8   0x00000000   Code   RO         1479    .ARM.Collect$$libinit$$0000001B  c_w.l(libinit2.o)
    0x080001b8   0x00000000   Code   RO         1481    .ARM.Collect$$libinit$$0000001D  c_w.l(libinit2.o)
    0x080001b8   0x00000000   Code   RO         1483    .ARM.Collect$$libinit$$0000001F  c_w.l(libinit2.o)
    0x080001b8   0x00000000   Code   RO         1485    .ARM.Collect$$libinit$$00000021  c_w.l(libinit2.o)
    0x080001b8   0x00000000   Code   RO         1487    .ARM.Collect$$libinit$$00000023  c_w.l(libinit2.o)
    0x080001b8   0x00000000   Code   RO         1489    .ARM.Collect$$libinit$$00000025  c_w.l(libinit2.o)
    0x080001b8   0x00000000   Code   RO         1493    .ARM.Collect$$libinit$$0000002C  c_w.l(libinit2.o)
    0x080001b8   0x00000000   Code   RO         1495    .ARM.Collect$$libinit$$0000002E  c_w.l(libinit2.o)
    0x080001b8   0x00000000   Code   RO         1497    .ARM.Collect$$libinit$$00000030  c_w.l(libinit2.o)
    0x080001b8   0x00000000   Code   RO         1499    .ARM.Collect$$libinit$$00000032  c_w.l(libinit2.o)
    0x080001b8   0x00000002   Code   RO         1500    .ARM.Collect$$libinit$$00000033  c_w.l(libinit2.o)
    0x080001ba   0x00000002   Code   RO         1524    .ARM.Collect$$libshutdown$$00000000  c_w.l(libshutdown.o)
    0x080001bc   0x00000000   Code   RO         1548    .ARM.Collect$$libshutdown$$00000002  c_w.l(libshutdown2.o)
    0x080001bc   0x00000000   Code   RO         1550    .ARM.Collect$$libshutdown$$00000004  c_w.l(libshutdown2.o)
    0x080001bc   0x00000000   Code   RO         1553    .ARM.Collect$$libshutdown$$00000007  c_w.l(libshutdown2.o)
    0x080001bc   0x00000000   Code   RO         1556    .ARM.Collect$$libshutdown$$0000000A  c_w.l(libshutdown2.o)
    0x080001bc   0x00000000   Code   RO         1558    .ARM.Collect$$libshutdown$$0000000C  c_w.l(libshutdown2.o)
    0x080001bc   0x00000000   Code   RO         1561    .ARM.Collect$$libshutdown$$0000000F  c_w.l(libshutdown2.o)
    0x080001bc   0x00000002   Code   RO         1562    .ARM.Collect$$libshutdown$$00000010  c_w.l(libshutdown2.o)
    0x080001be   0x00000000   Code   RO         1387    .ARM.Collect$$rtentry$$00000000  c_w.l(__rtentry.o)
    0x080001be   0x00000000   Code   RO         1407    .ARM.Collect$$rtentry$$00000002  c_w.l(__rtentry2.o)
    0x080001be   0x00000006   Code   RO         1419    .ARM.Collect$$rtentry$$00000004  c_w.l(__rtentry4.o)
    0x080001c4   0x00000000   Code   RO         1409    .ARM.Collect$$rtentry$$00000009  c_w.l(__rtentry2.o)
    0x080001c4   0x00000004   Code   RO         1410    .ARM.Collect$$rtentry$$0000000A  c_w.l(__rtentry2.o)
    0x080001c8   0x00000000   Code   RO         1412    .ARM.Collect$$rtentry$$0000000C  c_w.l(__rtentry2.o)
    0x080001c8   0x00000008   Code   RO         1413    .ARM.Collect$$rtentry$$0000000D  c_w.l(__rtentry2.o)
    0x080001d0   0x00000002   Code   RO         1448    .ARM.Collect$$rtexit$$00000000  c_w.l(rtexit.o)
    0x080001d2   0x00000000   Code   RO         1502    .ARM.Collect$$rtexit$$00000002  c_w.l(rtexit2.o)
    0x080001d2   0x00000004   Code   RO         1503    .ARM.Collect$$rtexit$$00000003  c_w.l(rtexit2.o)
    0x080001d6   0x00000006   Code   RO         1504    .ARM.Collect$$rtexit$$00000004  c_w.l(rtexit2.o)
    0x080001dc   0x0000004c   Code   RO            4    .text               startup_stm32f407xx.o
    0x08000228   0x00000390   Code   RO           13    .text               main.o
    0x080005b8   0x00000020   Code   RO          273    .text               stm32f4xx_it.o
    0x080005d8   0x000000d0   Code   RO          300    .text               system_stm32f4xx.o
    0x080006a8   0x0000006c   Code   RO          331    .text               delay.o
    0x08000714   0x00000178   Code   RO          357    .text               sys.o
    0x0800088c   0x000001bc   Code   RO          388    .text               usart.o
    0x08000a48   0x000001fc   Code   RO          423    .text               stm32f4xx_hal.o
    0x08000c44   0x000003d0   Code   RO          453    .text               stm32f4xx_hal_cortex.o
    0x08001014   0x000003bc   Code   RO          481    .text               stm32f4xx_hal_gpio.o
    0x080013d0   0x00000948   Code   RO          505    .text               stm32f4xx_hal_rcc.o
    0x08001d18   0x0000170c   Code   RO          625    .text               stm32f4xx_hal_uart.o
    0x08003424   0x00003bac   Code   RO          673    .text               stm32f4xx_hal_tim.o
    0x08006fd0   0x00001788   Code   RO          697    .text               stm32f4xx_hal_tim_ex.o
    0x08008758   0x00000380   Code   RO          721    .text               stm32f4xx_hal_sram.o
    0x08008ad8   0x00000388   Code   RO          745    .text               stm32f4xx_ll_fsmc.o
    0x08008e60   0x000008b0   Code   RO          769    .text               stm32f4xx_hal_dma.o
    0x08009710   0x00000b12   Code   RO          794    .text               stm32f4xx_hal_can.o
    0x0800a222   0x00000002   PAD
    0x0800a224   0x00000098   Code   RO          818    .text               led.o
    0x0800a2bc   0x00003c70   Code   RO          842    .text               lcd.o
    0x0800df2c   0x000001b8   Code   RO          890    .text               key.o
    0x0800e0e4   0x000001dc   Code   RO          915    .text               can.o
    0x0800e2c0   0x00000b48   Code   RO          942    .text               usmart.o
    0x0800ee08   0x00000130   Code   RO          998    .text               usmart_port.o
    0x0800ef38   0x00000570   Code   RO         1025    .text               usmart_str.o
    0x0800f4a8   0x00000002   Code   RO         1300    .text               c_w.l(use_no_semi_2.o)
    0x0800f4aa   0x000000ee   Code   RO         1302    .text               c_w.l(lludivv7m.o)
    0x0800f598   0x00000018   Code   RO         1306    .text               c_w.l(noretval__2printf.o)
    0x0800f5b0   0x0000004e   Code   RO         1310    .text               c_w.l(_printf_pad.o)
    0x0800f5fe   0x00000052   Code   RO         1312    .text               c_w.l(_printf_str.o)
    0x0800f650   0x00000078   Code   RO         1314    .text               c_w.l(_printf_dec.o)
    0x0800f6c8   0x00000058   Code   RO         1319    .text               c_w.l(_printf_hex_int.o)
    0x0800f720   0x00000188   Code   RO         1354    .text               c_w.l(__printf_flags_ss_wp.o)
    0x0800f8a8   0x0000004e   Code   RO         1367    .text               c_w.l(rt_memclr_w.o)
    0x0800f8f6   0x00000006   Code   RO         1369    .text               c_w.l(heapauxi.o)
    0x0800f8fc   0x00000002   Code   RO         1385    .text               c_w.l(use_no_semi.o)
    0x0800f8fe   0x000000b2   Code   RO         1392    .text               c_w.l(_printf_intcommon.o)
    0x0800f9b0   0x0000002c   Code   RO         1394    .text               c_w.l(_printf_char.o)
    0x0800f9dc   0x00000024   Code   RO         1396    .text               c_w.l(_printf_char_file.o)
    0x0800fa00   0x00000030   Code   RO         1423    .text               c_w.l(_printf_char_common.o)
    0x0800fa30   0x00000008   Code   RO         1425    .text               c_w.l(ferror.o)
    0x0800fa38   0x0000004a   Code   RO         1429    .text               c_w.l(sys_stackheap_outer.o)
    0x0800fa82   0x00000012   Code   RO         1433    .text               c_w.l(exit.o)
    0x0800fa94   0x00000008   Code   RO         1445    .text               c_w.l(libspace.o)
    0x0800fa9c   0x0000000e   Code   RO         1347    i._is_digit         c_w.l(__printf_wp.o)
    0x0800faaa   0x00000002   PAD
    0x0800faac   0x0000005a   Code   RO         1373    x$fpl$dfixu         fz_wm.l(dfixu.o)
    0x0800fb06   0x00000026   Code   RO         1377    x$fpl$dfltu         fz_wm.l(dflt_clz.o)
    0x0800fb2c   0x00000154   Code   RO         1383    x$fpl$dmul          fz_wm.l(dmul.o)
    0x0800fc80   0x0000009c   Code   RO         1401    x$fpl$dnaninf       fz_wm.l(dnaninf.o)
    0x0800fd1c   0x0000000c   Code   RO         1403    x$fpl$dretinf       fz_wm.l(dretinf.o)
    0x0800fd28   0x0000000a   Code   RO         1514    x$fpl$fpinit        fz_wm.l(fpinit.o)
    0x0800fd32   0x00000000   Code   RO         1405    x$fpl$usenofp       fz_wm.l(usenofp.o)
    0x0800fd32   0x00000018   Data   RO          301    .constdata          system_stm32f4xx.o
    0x0800fd4a   0x00000008   Data   RO          770    .constdata          stm32f4xx_hal_dma.o
    0x0800fd52   0x00002f80   Data   RO          844    .constdata          lcd.o
    0x08012cd2   0x00000028   Data   RO         1320    .constdata          c_w.l(_printf_hex_int.o)
    0x08012cfa   0x00000011   Data   RO         1355    .constdata          c_w.l(__printf_flags_ss_wp.o)
    0x08012d0b   0x00000001   PAD
    0x08012d0c   0x00000028   Data   RO          943    .conststring        usmart.o
    0x08012d34   0x00000420   Data   RO          973    .conststring        usmart_config.o
    0x08013154   0x00000000   Data   RO         1563    Region$$Table       anon$$obj.o


    Execution Region RW_IRAM1 (Base: 0x20000000, Size: 0x00000828, Max: 0x00020000, ABSOLUTE)

    Base Addr    Size         Type   Attr      Idx    E Section Name        Object

    0x20000000   0x00000004   Data   RW          302    .data               system_stm32f4xx.o
    0x20000004   0x00000004   Data   RW          332    .data               delay.o
    0x20000008   0x00000007   Data   RW          390    .data               usart.o
    0x2000000f   0x00000001   PAD
    0x20000010   0x00000009   Data   RW          424    .data               stm32f4xx_hal.o
    0x20000019   0x00000003   PAD
    0x2000001c   0x00000008   Data   RW          845    .data               lcd.o
    0x20000024   0x00000001   Data   RW          891    .data               key.o
    0x20000025   0x00000003   PAD
    0x20000028   0x0000001c   Data   RW          944    .data               usmart.o
    0x20000044   0x00000174   Data   RW          974    .data               usmart_config.o
    0x200001b8   0x0000010c   Zero   RW          389    .bss                usart.o
    0x200002c4   0x0000005e   Zero   RW          843    .bss                lcd.o
    0x20000322   0x00000002   PAD
    0x20000324   0x0000005c   Zero   RW          916    .bss                can.o
    0x20000380   0x00000048   Zero   RW          999    .bss                usmart_port.o
    0x200003c8   0x00000060   Zero   RW         1446    .bss                c_w.l(libspace.o)
    0x20000428   0x00000000   Zero   RW            2    HEAP                startup_stm32f407xx.o
    0x20000428   0x00000400   Zero   RW            1    STACK               startup_stm32f407xx.o

