<html>
<body>
<pre>
<h1>µVision Build Log</h1>
<h2>Tool Versions:</h2>
IDE-Version: ¦ÌVision V5.18.0.0
Copyright (C) 2016 ARM Ltd and ARM Germany GmbH. All rights reserved.
License Information: 123 845619656@qq.com, 123, LIC=14HV2-97S0W-455T5-G6F1H-N60JG-K0Q7E
 
Tool Versions:
Toolchain:       MDK-ARM Standard  Version: 5.18
Toolchain Path:  D:\Keil5_MDK\ARM\ARMCC\Bin
C Compiler:      Armcc.exe V5.06 update 1 (build 61)
Assembler:       Armasm.exe V5.06 update 1 (build 61)
Linker/Locator:  ArmLink.exe V5.06 update 1 (build 61)
Library Manager: ArmAr.exe V5.06 update 1 (build 61)
Hex Converter:   FromElf.exe V5.06 update 1 (build 61)
CPU DLL:         SARMCM3.DLL V5.18
Dialog DLL:      DCM.DLL V1.13.6.0
Target DLL:      STLink\ST-LINKIII-KEIL_SWO.dll V2.0.18.0
Dialog DLL:      TCM.DLL V1.14.8.0
 
<h2>Project:</h2>
E:\00_bafel\CAN¿ò¼Ü\05.Ë«CANÍ¨ÐÅ¿ò¼Ü\000_½Úµã°å²âÊÔ\USER\CANopen.uvprojx
Project File Date:  10/29/2024

<h2>Output:</h2>
*** Using Compiler 'V5.06 update 1 (build 61)', folder: 'D:\Keil5_MDK\ARM\ARMCC\Bin'
Rebuild target 'CANpen'
assembling startup_stm32f40_41xxx.s...
compiling stm32f4xx_it.c...
compiling key.c...
compiling stm32f4xx_gpio.c...
compiling led.c...
compiling stm32f4xx_fsmc.c...
compiling system_stm32f4xx.c...
compiling sys_init.c...
..\CANopen\04_Interface\sys_init.c(82): warning:  #177-D: variable "task_time" was declared but never referenced
  	u32 task_time = 0;
..\CANopen\04_Interface\sys_init.c: 1 warning, 0 errors
compiling stm32f4xx_syscfg.c...
compiling delay.c...
compiling misc.c...
compiling sys.c...
compiling main.c...
compiling usart.c...
compiling stm32f4xx_rcc.c...
compiling stm32f4xx_usart.c...
compiling stm32f4xx_can.c...
compiling stm32f4xx_spi.c...
compiling stm32f4xx_sdio.c...
compiling stm32f4xx_dma.c...
compiling stm32f4xx_tim.c...
compiling dcf.c...
compiling emcy.c...
compiling lss.c...
compiling lifegrd.c...
compiling nmtMaster.c...
compiling nmtSlave.c...
compiling objacces.c...
compiling states.c...
compiling pdo.c...
compiling sdo.c...
compiling EPOS_control_word.c...
compiling sync.c...
compiling timer.c...
compiling Master.c...
compiling Master2.c...
compiling Slaver.c...
compiling timer7_action_timing.c...
compiling motor_control.c...
compiling timer2.c...
compiling dual_can.c...
..\CANopen\02_Communication\dual_can.c(6): warning:  #550-D: variable "co_data_1" was set but never used
  static CO_Data *co_data_1 = NULL;
..\CANopen\02_Communication\dual_can.c(7): warning:  #550-D: variable "co_data_2" was set but never used
  static CO_Data *co_data_2 = NULL;
..\CANopen\02_Communication\dual_can.c: 2 warnings, 0 errors
compiling mathtool.c...
compiling Para_monitor.c...
compiling key_test.c...
linking...
Program Size: Code=56824 RO-data=2644 RW-data=2104 ZI-data=1912  
FromELF: creating hex file...
"..\OBJ\CANopen.axf" - 0 Error(s), 3 Warning(s).

<h2>Collection of Component include folders:</h2>
  E:\00_bafel\CAN¿ò¼Ü\05.Ë«CANÍ¨ÐÅ¿ò¼Ü\000_½Úµã°å²âÊÔ\USER\RTE
  D:\Keil5_MDK\ARM\PACK\Keil\STM32F4xx_DFP\1.0.8\Device\Include

<h2>Collection of Component Files used:</h2>
Build Time Elapsed:  00:00:11
</pre>
</body>
</html>
