<html>
<body>
<pre>
<h1>µVision Build Log</h1>
<h2>Tool Versions:</h2>
IDE-Version: ¦ÌVision V5.18.0.0
Copyright (C) 2016 ARM Ltd and ARM Germany GmbH. All rights reserved.
License Information: 123 845619656@qq.com, 123, LIC=14HV2-97S0W-455T5-G6F1H-N60JG-K0Q7E
 
Tool Versions:
Toolchain:       MDK-ARM Standard  Version: 5.18
Toolchain Path:  D:\Keil5_MDK\ARM\ARMCC\Bin
C Compiler:      Armcc.exe V5.06 update 1 (build 61)
Assembler:       Armasm.exe V5.06 update 1 (build 61)
Linker/Locator:  ArmLink.exe V5.06 update 1 (build 61)
Library Manager: ArmAr.exe V5.06 update 1 (build 61)
Hex Converter:   FromElf.exe V5.06 update 1 (build 61)
CPU DLL:         SARMCM3.DLL V5.18
Dialog DLL:      DCM.DLL V1.13.6.0
Target DLL:      STLink\ST-LINKIII-KEIL_SWO.dll V2.0.18.0
Dialog DLL:      TCM.DLL V1.14.8.0
 
<h2>Project:</h2>
E:\00_bafel\CAN¿ò¼Ü\06.Test\3_Öâ¹Ø½ÚÍäÇú\USER\CANopen.uvprojx
Project File Date:  10/29/2024

<h2>Output:</h2>
*** Using Compiler 'V5.06 update 1 (build 61)', folder: 'D:\Keil5_MDK\ARM\ARMCC\Bin'
Build target 'CANpen'
compiling dual_can.c...
..\CANopen\02_Communication\dual_can.c(6): warning:  #550-D: variable "co_data_1" was set but never used
  static CO_Data *co_data_1 = NULL;
..\CANopen\02_Communication\dual_can.c(7): warning:  #550-D: variable "co_data_2" was set but never used
  static CO_Data *co_data_2 = NULL;
..\CANopen\02_Communication\dual_can.c: 2 warnings, 0 errors
linking...
Program Size: Code=56864 RO-data=2644 RW-data=2104 ZI-data=1912  
FromELF: creating hex file...
"..\OBJ\CANopen.axf" - 0 Error(s), 2 Warning(s).

<h2>Collection of Component include folders:</h2>
  E:\00_bafel\CAN¿ò¼Ü\06.Test\3_Öâ¹Ø½ÚÍäÇú\USER\RTE
  D:\Keil5_MDK\ARM\PACK\Keil\STM32F4xx_DFP\1.0.8\Device\Include

<h2>Collection of Component Files used:</h2>
Build Time Elapsed:  00:00:03
</pre>
</body>
</html>
