<html>
<body>
<pre>
<h1>µVision Build Log</h1>
<h2>Tool Versions:</h2>
IDE-Version: ¦ÌVision V5.18.0.0
Copyright (C) 2016 ARM Ltd and ARM Germany GmbH. All rights reserved.
License Information: 123 845619656@qq.com, 123, LIC=14HV2-97S0W-455T5-G6F1H-N60JG-K0Q7E
 
Tool Versions:
Toolchain:       MDK-ARM Standard  Version: 5.18
Toolchain Path:  D:\Keil5_MDK\ARM\ARMCC\Bin
C Compiler:      Armcc.exe V5.06 update 1 (build 61)
Assembler:       Armasm.exe V5.06 update 1 (build 61)
Linker/Locator:  ArmLink.exe V5.06 update 1 (build 61)
Library Manager: ArmAr.exe V5.06 update 1 (build 61)
Hex Converter:   FromElf.exe V5.06 update 1 (build 61)
CPU DLL:         SARMCM3.DLL V5.18
Dialog DLL:      DCM.DLL V1.13.6.0
Target DLL:      STLink\ST-LINKIII-KEIL_SWO.dll V2.0.18.0
Dialog DLL:      TCM.DLL V1.14.8.0
 
<h2>Project:</h2>
E:\00_bafel\CAN¿ò¼Ü\05.Ë«CANÍ¨ÐÅ¿ò¼Ü\000_Test\USER\CANopen.uvprojx
Project File Date:  10/09/2024

<h2>Output:</h2>
*** Using Compiler 'V5.06 update 1 (build 61)', folder: 'D:\Keil5_MDK\ARM\ARMCC\Bin'
Rebuild target 'CANpen'
assembling startup_stm32f40_41xxx.s...
compiling main.c...
main.c(68): warning:  #177-D: variable "activ_PVM" was declared but never referenced
    unsigned char activ_PVM[5]={0x2F,0x60,0x60,0x00,0x03};
main.c(70): warning:  #177-D: variable "EPOS_disable" was declared but never referenced
    unsigned char EPOS_disable[6] = {0x2B,0x40,0x60,0x00,0x06,0x00};
main.c(72): warning:  #177-D: variable "EPOS_enable" was declared but never referenced
    unsigned char EPOS_enable[6] = {0x2B,0x40,0x60,0x00,0x0F,0x00};
main.c(76): warning:  #177-D: variable "PVM_Halt" was declared but never referenced
    unsigned char PVM_Halt[6] = {0x2B,0x40,0x60,0x00,0x0F,0x01};
main.c(78): warning:  #550-D: variable "temp" was set but never used
  	Message temp;
main.c: 5 warnings, 0 errors
compiling sys.c...
compiling stm32f4xx_rcc.c...
compiling delay.c...
compiling misc.c...
compiling stm32f4xx_fsmc.c...
compiling stm32f4xx_syscfg.c...
compiling led.c...
compiling system_stm32f4xx.c...
compiling stm32f4xx_it.c...
compiling stm32f4xx_gpio.c...
compiling stm32f4xx_can.c...
compiling usart.c...
compiling stm32f4xx_usart.c...
compiling stm32f4xx_sdio.c...
compiling stm32f4xx_spi.c...
compiling dcf.c...
compiling stm32f4xx_tim.c...
compiling stm32f4xx_dma.c...
compiling objacces.c...
compiling emcy.c...
compiling states.c...
compiling timer.c...
compiling lss.c...
compiling nmtMaster.c...
compiling nmtSlave.c...
compiling lifegrd.c...
compiling Master.c...
compiling pdo.c...
compiling Master2.c...
compiling Slaver.c...
compiling sync.c...
compiling sdo.c...
compiling timer2.c...
compiling dual_can.c...
..\CANopen\hardware\dual_can.c(258): warning:  #177-D: variable "actual_position" was declared but never referenced
  	unsigned char actual_position[8]={0x23,0x7A,0x60,0x00};
..\CANopen\hardware\dual_can.c: 1 warning, 0 errors
linking...
Program Size: Code=51344 RO-data=2580 RW-data=976 ZI-data=1824  
FromELF: creating hex file...
"..\OBJ\CANopen.axf" - 0 Error(s), 6 Warning(s).

<h2>Collection of Component include folders:</h2>
  E:\00_bafel\CAN¿ò¼Ü\05.Ë«CANÍ¨ÐÅ¿ò¼Ü\000_Test\USER\RTE
  D:\Keil5_MDK\ARM\PACK\Keil\STM32F4xx_DFP\1.0.8\Device\Include

<h2>Collection of Component Files used:</h2>
Build Time Elapsed:  00:00:05
</pre>
</body>
</html>
