Component: ARM Compiler 5.06 update 1 (build 61) Tool: armlink [4d35a8]

==============================================================================

Section Cross References

    main.o(.text) refers to key.o(.text) for key_init
    main.o(.text) refers to led.o(.text) for led_init
    main.o(.text) refers to misc.o(.text) for NVIC_PriorityGroupConfig
    main.o(.text) refers to delay.o(.text) for delay_init
    main.o(.text) refers to dual_can.o(.text) for CAN1_Init
    main.o(.text) refers to timer2.o(.text) for TIM2_Init
    main.o(.text) refers to usart.o(.text) for USART1_Init
    main.o(.text) refers to states.o(.text) for setNodeId
    main.o(.text) refers to main.o(.data) for pressf
    main.o(.text) refers to master.o(.data) for Master_Data
    system_stm32f4xx.o(.text) refers to system_stm32f4xx.o(.data) for SystemCoreClock
    led.o(.text) refers to stm32f4xx_rcc.o(.text) for RCC_AHB1PeriphClockCmd
    led.o(.text) refers to stm32f4xx_gpio.o(.text) for GPIO_Init
    key.o(.text) refers to sys_1.o(.text) for sys_gpio_set
    key.o(.text) refers to delay.o(.text) for delay_ms
    key.o(.text) refers to key.o(.data) for key_up
    delay.o(.text) refers to misc.o(.text) for SysTick_CLKSourceConfig
    delay.o(.text) refers to delay.o(.data) for fac_us
    usart.o(.rev16_text) refers (Special) to use_no_semi_2.o(.text) for __use_no_semihosting
    usart.o(.revsh_text) refers (Special) to use_no_semi_2.o(.text) for __use_no_semihosting
    usart.o(.text) refers (Special) to use_no_semi_2.o(.text) for __use_no_semihosting
    usart.o(.text) refers to stm32f4xx_rcc.o(.text) for RCC_AHB1PeriphClockCmd
    usart.o(.text) refers to stm32f4xx_gpio.o(.text) for GPIO_PinAFConfig
    usart.o(.text) refers to stm32f4xx_usart.o(.text) for USART_Init
    usart.o(.text) refers to misc.o(.text) for NVIC_Init
    usart.o(.data) refers (Special) to use_no_semi_2.o(.text) for __use_no_semihosting
    startup_stm32f407xx.o(STACK) refers (Special) to heapauxi.o(.text) for __use_two_region_memory
    startup_stm32f407xx.o(HEAP) refers (Special) to heapauxi.o(.text) for __use_two_region_memory
    startup_stm32f407xx.o(RESET) refers (Special) to heapauxi.o(.text) for __use_two_region_memory
    startup_stm32f407xx.o(RESET) refers to startup_stm32f407xx.o(STACK) for __initial_sp
    startup_stm32f407xx.o(RESET) refers to startup_stm32f407xx.o(.text) for Reset_Handler
    startup_stm32f407xx.o(RESET) refers to stm32f4xx_it.o(.text) for NMI_Handler
    startup_stm32f407xx.o(RESET) refers to dual_can.o(.text) for CAN1_RX0_IRQHandler
    startup_stm32f407xx.o(RESET) refers to timer2.o(.text) for TIM2_IRQHandler
    startup_stm32f407xx.o(RESET) refers to usart.o(.text) for USART1_IRQHandler
    startup_stm32f407xx.o(.text) refers (Special) to heapauxi.o(.text) for __use_two_region_memory
    startup_stm32f407xx.o(.text) refers to __main.o(!!!main) for __main
    startup_stm32f407xx.o(.text) refers to startup_stm32f407xx.o(HEAP) for Heap_Mem
    startup_stm32f407xx.o(.text) refers to startup_stm32f407xx.o(STACK) for Stack_Mem
    stm32f4xx_gpio.o(.text) refers to stm32f4xx_rcc.o(.text) for RCC_AHB1PeriphResetCmd
    stm32f4xx_fsmc.o(.text) refers to stm32f4xx_fsmc.o(.constdata) for FSMC_DefaultTimingStruct
    stm32f4xx_rcc.o(.text) refers to stm32f4xx_rcc.o(.data) for APBAHBPrescTable
    stm32f4xx_syscfg.o(.text) refers to stm32f4xx_rcc.o(.text) for RCC_APB2PeriphResetCmd
    stm32f4xx_usart.o(.text) refers to stm32f4xx_rcc.o(.text) for RCC_APB2PeriphResetCmd
    stm32f4xx_can.o(.text) refers to stm32f4xx_rcc.o(.text) for RCC_APB1PeriphResetCmd
    stm32f4xx_spi.o(.text) refers to stm32f4xx_rcc.o(.text) for RCC_APB2PeriphResetCmd
    stm32f4xx_sdio.o(.text) refers to stm32f4xx_rcc.o(.text) for RCC_APB2PeriphResetCmd
    stm32f4xx_tim.o(.text) refers to stm32f4xx_rcc.o(.text) for RCC_APB2PeriphResetCmd
    dcf.o(.text) refers to _printf_percent.o(.ARM.Collect$$_printf_percent$$00000000) for _printf_percent
    dcf.o(.text) refers to _printf_d.o(.ARM.Collect$$_printf_percent$$00000009) for _printf_d
    dcf.o(.text) refers to _printf_x.o(.ARM.Collect$$_printf_percent$$0000000C) for _printf_x
    dcf.o(.text) refers to _printf_s.o(.ARM.Collect$$_printf_percent$$00000014) for _printf_s
    dcf.o(.text) refers to _printf_dec.o(.text) for _printf_int_dec
    dcf.o(.text) refers to _printf_hex_int.o(.text) for _printf_longlong_hex
    dcf.o(.text) refers to _printf_str.o(.text) for _printf_str
    dcf.o(.text) refers to nmtmaster.o(.text) for masterSendNMTstateChange
    dcf.o(.text) refers to sdo.o(.text) for writeNetworkDictCallBackAI
    dcf.o(.text) refers to noretval__2printf.o(.text) for __2printf
    emcy.o(.text) refers to _printf_percent.o(.ARM.Collect$$_printf_percent$$00000000) for _printf_percent
    emcy.o(.text) refers to _printf_d.o(.ARM.Collect$$_printf_percent$$00000009) for _printf_d
    emcy.o(.text) refers to _printf_x.o(.ARM.Collect$$_printf_percent$$0000000C) for _printf_x
[...]
    .ARM.Collect$$_printf_percent$$00000017  0x0800024e   Section        4  _printf_percent_end.o(.ARM.Collect$$_printf_percent$$00000017)
    .ARM.Collect$$libinit$$00000000          0x08000252   Section        2  libinit.o(.ARM.Collect$$libinit$$00000000)
    .ARM.Collect$$libinit$$00000001          0x08000254   Section        4  libinit2.o(.ARM.Collect$$libinit$$00000001)
    .ARM.Collect$$libinit$$00000004          0x08000258   Section        0  libinit2.o(.ARM.Collect$$libinit$$00000004)
    .ARM.Collect$$libinit$$0000000A          0x08000258   Section        0  libinit2.o(.ARM.Collect$$libinit$$0000000A)
    .ARM.Collect$$libinit$$0000000C          0x08000258   Section        0  libinit2.o(.ARM.Collect$$libinit$$0000000C)
    .ARM.Collect$$libinit$$0000000E          0x08000258   Section        0  libinit2.o(.ARM.Collect$$libinit$$0000000E)
    .ARM.Collect$$libinit$$00000011          0x08000258   Section        0  libinit2.o(.ARM.Collect$$libinit$$00000011)
    .ARM.Collect$$libinit$$00000013          0x08000258   Section        0  libinit2.o(.ARM.Collect$$libinit$$00000013)
    .ARM.Collect$$libinit$$00000015          0x08000258   Section        0  libinit2.o(.ARM.Collect$$libinit$$00000015)
    .ARM.Collect$$libinit$$00000017          0x08000258   Section        0  libinit2.o(.ARM.Collect$$libinit$$00000017)
    .ARM.Collect$$libinit$$00000019          0x08000258   Section        0  libinit2.o(.ARM.Collect$$libinit$$00000019)
    .ARM.Collect$$libinit$$0000001B          0x08000258   Section        0  libinit2.o(.ARM.Collect$$libinit$$0000001B)
    .ARM.Collect$$libinit$$0000001D          0x08000258   Section        0  libinit2.o(.ARM.Collect$$libinit$$0000001D)
    .ARM.Collect$$libinit$$0000001F          0x08000258   Section        0  libinit2.o(.ARM.Collect$$libinit$$0000001F)
    .ARM.Collect$$libinit$$00000021          0x08000258   Section        0  libinit2.o(.ARM.Collect$$libinit$$00000021)
    .ARM.Collect$$libinit$$00000023          0x08000258   Section        0  libinit2.o(.ARM.Collect$$libinit$$00000023)
    .ARM.Collect$$libinit$$00000025          0x08000258   Section        0  libinit2.o(.ARM.Collect$$libinit$$00000025)
    .ARM.Collect$$libinit$$0000002C          0x08000258   Section        0  libinit2.o(.ARM.Collect$$libinit$$0000002C)
    .ARM.Collect$$libinit$$0000002E          0x08000258   Section        0  libinit2.o(.ARM.Collect$$libinit$$0000002E)
    .ARM.Collect$$libinit$$00000030          0x08000258   Section        0  libinit2.o(.ARM.Collect$$libinit$$00000030)
    .ARM.Collect$$libinit$$00000032          0x08000258   Section        0  libinit2.o(.ARM.Collect$$libinit$$00000032)
    .ARM.Collect$$libinit$$00000033          0x08000258   Section        2  libinit2.o(.ARM.Collect$$libinit$$00000033)
    .ARM.Collect$$libshutdown$$00000000      0x0800025a   Section        2  libshutdown.o(.ARM.Collect$$libshutdown$$00000000)
    .ARM.Collect$$libshutdown$$00000002      0x0800025c   Section        0  libshutdown2.o(.ARM.Collect$$libshutdown$$00000002)
    .ARM.Collect$$libshutdown$$00000004      0x0800025c   Section        0  libshutdown2.o(.ARM.Collect$$libshutdown$$00000004)
    .ARM.Collect$$libshutdown$$00000007      0x0800025c   Section        0  libshutdown2.o(.ARM.Collect$$libshutdown$$00000007)
    .ARM.Collect$$libshutdown$$0000000A      0x0800025c   Section        0  libshutdown2.o(.ARM.Collect$$libshutdown$$0000000A)
    .ARM.Collect$$libshutdown$$0000000C      0x0800025c   Section        0  libshutdown2.o(.ARM.Collect$$libshutdown$$0000000C)
    .ARM.Collect$$libshutdown$$0000000F      0x0800025c   Section        0  libshutdown2.o(.ARM.Collect$$libshutdown$$0000000F)
    .ARM.Collect$$libshutdown$$00000010      0x0800025c   Section        2  libshutdown2.o(.ARM.Collect$$libshutdown$$00000010)
    .ARM.Collect$$rtentry$$00000000          0x0800025e   Section        0  __rtentry.o(.ARM.Collect$$rtentry$$00000000)
    .ARM.Collect$$rtentry$$00000002          0x0800025e   Section        0  __rtentry2.o(.ARM.Collect$$rtentry$$00000002)
    .ARM.Collect$$rtentry$$00000004          0x0800025e   Section        6  __rtentry4.o(.ARM.Collect$$rtentry$$00000004)
    .ARM.Collect$$rtentry$$00000009          0x08000264   Section        0  __rtentry2.o(.ARM.Collect$$rtentry$$00000009)
    .ARM.Collect$$rtentry$$0000000A          0x08000264   Section        4  __rtentry2.o(.ARM.Collect$$rtentry$$0000000A)
    .ARM.Collect$$rtentry$$0000000C          0x08000268   Section        0  __rtentry2.o(.ARM.Collect$$rtentry$$0000000C)
    .ARM.Collect$$rtentry$$0000000D          0x08000268   Section        8  __rtentry2.o(.ARM.Collect$$rtentry$$0000000D)
    .ARM.Collect$$rtexit$$00000000           0x08000270   Section        2  rtexit.o(.ARM.Collect$$rtexit$$00000000)
    .ARM.Collect$$rtexit$$00000002           0x08000272   Section        0  rtexit2.o(.ARM.Collect$$rtexit$$00000002)
    .ARM.Collect$$rtexit$$00000003           0x08000272   Section        4  rtexit2.o(.ARM.Collect$$rtexit$$00000003)
    .ARM.Collect$$rtexit$$00000004           0x08000276   Section        6  rtexit2.o(.ARM.Collect$$rtexit$$00000004)
    .text                                    0x0800027c   Section        0  main.o(.text)
    .text                                    0x080003b4   Section        0  stm32f4xx_it.o(.text)
    .text                                    0x080003d0   Section        0  led.o(.text)
    .text                                    0x08000428   Section        0  key.o(.text)
    .text                                    0x08000578   Section        0  delay.o(.text)
    .text                                    0x0800067c   Section        0  usart.o(.text)
    .text                                    0x08000760   Section        0  sys_1.o(.text)
    sys_nvic_priority_group_config           0x0800076d   Thumb Code    36  sys_1.o(.text)
    .text                                    0x08000cc4   Section       68  startup_stm32f407xx.o(.text)
    $v0                                      0x08000cc4   Number         0  startup_stm32f407xx.o(.text)
    .text                                    0x08000d08   Section        0  misc.o(.text)
    .text                                    0x08000de8   Section        0  stm32f4xx_gpio.o(.text)
    .text                                    0x0800107c   Section        0  stm32f4xx_rcc.o(.text)
    .text                                    0x080016d8   Section        0  stm32f4xx_usart.o(.text)
    .text                                    0x08001b2c   Section        0  stm32f4xx_can.o(.text)
    CheckITStatus                            0x0800232f   Thumb Code    18  stm32f4xx_can.o(.text)
    .text                                    0x0800251c   Section        0  stm32f4xx_tim.o(.text)
    TI4_Config                               0x08002cbb   Thumb Code    80  stm32f4xx_tim.o(.text)
    TI3_Config                               0x08002d1d   Thumb Code    72  stm32f4xx_tim.o(.text)
    TI2_Config                               0x08002d7f   Thumb Code    90  stm32f4xx_tim.o(.text)
    TI1_Config                               0x08002deb   Thumb Code    58  stm32f4xx_tim.o(.text)
    .text                                    0x080031c0   Section        0  emcy.o(.text)
    .text                                    0x080035ac   Section        0  lifegrd.o(.text)
    .text                                    0x08003b74   Section        0  nmtmaster.o(.text)
    .text                                    0x08003cac   Section        0  nmtslave.o(.text)
    .text                                    0x08003e50   Section        0  objacces.o(.text)
    .text                                    0x080043d8   Section        0  pdo.o(.text)
    sendPdo                                  0x080046ff   Thumb Code    92  pdo.o(.text)
    .text                                    0x080055dc   Section        0  sdo.o(.text)
    .text                                    0x0800ba5c   Section        0  states.o(.text)
    .text                                    0x0800c0e4   Section        0  sync.o(.text)
    .text                                    0x0800c298   Section        0  timer.o(.text)
    .text                                    0x0800c488   Section        0  master.o(.text)
    .text                                    0x0800c504   Section        0  timer2.o(.text)
    .text                                    0x0800c608   Section        0  dual_can.o(.text)
    .text                                    0x0800ca38   Section        2  use_no_semi_2.o(.text)
    .text                                    0x0800ca3c   Section        0  noretval__2printf.o(.text)
    .text                                    0x0800ca54   Section        0  __printf.o(.text)
    .text                                    0x0800cabc   Section        0  _printf_str.o(.text)
    .text                                    0x0800cb10   Section        0  _printf_dec.o(.text)
    .text                                    0x0800cb88   Section        0  _printf_hex_int.o(.text)
    .text                                    0x0800cbe0   Section        0  memcmp.o(.text)
    .text                                    0x0800cc38   Section      138  rt_memcpy_v6.o(.text)
    .text                                    0x0800ccc2   Section       78  rt_memclr_w.o(.text)
    .text                                    0x0800cd10   Section        0  heapauxi.o(.text)
    .text                                    0x0800cd16   Section        2  use_no_semi.o(.text)
    .text                                    0x0800cd18   Section        0  _printf_intcommon.o(.text)
    .text                                    0x0800cdca   Section        0  _printf_char.o(.text)
    .text                                    0x0800cdf8   Section        0  _printf_char_file.o(.text)
    .text                                    0x0800ce1c   Section      100  rt_memcpy_w.o(.text)
    .text                                    0x0800ce80   Section        0  _printf_char_common.o(.text)
    _printf_input_char                       0x0800ce81   Thumb Code    10  _printf_char_common.o(.text)
    .text                                    0x0800ceb0   Section        0  ferror.o(.text)
    .text                                    0x0800ceb8   Section       74  sys_stackheap_outer.o(.text)
    .text                                    0x0800cf02   Section        0  exit.o(.text)
    .text                                    0x0800cf14   Section        8  libspace.o(.text)
    x$fpl$fpinit                             0x0800cf1c   Section       10  fpinit.o(x$fpl$fpinit)
    $v0                                      0x0800cf1c   Number         0  fpinit.o(x$fpl$fpinit)
    .constdata                               0x0800cf28   Section       64  states.o(.constdata)
    .constdata                               0x0800cf68   Section       70  master.o(.constdata)
    .constdata                               0x0800cfb0   Section        8  dual_can.o(.constdata)
    .constdata                               0x0800cfb8   Section       40  _printf_hex_int.o(.constdata)
    uc_hextab                                0x0800cfb8   Data          20  _printf_hex_int.o(.constdata)
    lc_hextab                                0x0800cfcc   Data          20  _printf_hex_int.o(.constdata)
    .conststring                             0x0800cfe0   Section       68  pdo.o(.conststring)
    .conststring                             0x0800d024   Section     1902  sdo.o(.conststring)
    .data                                    0x20000000   Section        4  main.o(.data)
    .data                                    0x20000004   Section        1  key.o(.data)
    key_up                                   0x20000004   Data           1  key.o(.data)
    .data                                    0x20000006   Section        4  delay.o(.data)
    fac_us                                   0x20000006   Data           1  delay.o(.data)
    fac_ms                                   0x20000008   Data           2  delay.o(.data)
    .data                                    0x2000000c   Section        4  usart.o(.data)
    .data                                    0x20000010   Section       16  stm32f4xx_rcc.o(.data)
    APBAHBPrescTable                         0x20000010   Data          16  stm32f4xx_rcc.o(.data)
    .data                                    0x20000020   Section       12  timer.o(.data)
    .data                                    0x2000002c   Section      904  master.o(.data)
    .data                                    0x200003b4   Section        8  timer2.o(.data)
    .data                                    0x200003bc   Section        8  dual_can.o(.data)
    co_data_1                                0x200003bc   Data           4  dual_can.o(.data)
    co_data_2                                0x200003c0   Data           4  dual_can.o(.data)
    .bss                                     0x200003c4   Section      192  timer.o(.bss)
    .bss                                     0x20000484   Section       96  libspace.o(.bss)
    HEAP                                     0x200004e8   Section        0  startup_stm32f407xx.o(HEAP)
    STACK                                    0x200004e8   Section     1024  startup_stm32f407xx.o(STACK)
    Heap_Mem                                 0x200004e8   Data           0  startup_stm32f407xx.o(HEAP)
    Stack_Mem                                0x200004e8   Data        1024  startup_stm32f407xx.o(STACK)
    __initial_sp                             0x200008e8   Data           0  startup_stm32f407xx.o(STACK)

    Global Symbols

    Symbol Name                              Value     Ov Type        Size  Object(Section)

    BuildAttributes$$THM_ISAv4$E$P$D$K$B$S$7EM$VFPi3$EXTD16$VFPS$VFMA$PE$A:L22UL41UL21$X:L11$S22US41US21$IEEE1$IW$USESV6$~STKCKD$USESV7$~SHL$OSPACE$ROPI$EBA8$UX$STANDARDLIB$REQ8$PRES8$EABIv2 0x00000000   Number         0  anon$$obj.o ABSOLUTE
    __ARM_use_no_argv                        0x00000000   Number         0  main.o ABSOLUTE
    __ARM_exceptions_init                     - Undefined Weak Reference
    __alloca_initialize                       - Undefined Weak Reference
    __arm_preinit_                            - Undefined Weak Reference
    __cpp_initialize__aeabi_                  - Undefined Weak Reference
    __cxa_finalize                            - Undefined Weak Reference
    __rt_locale                               - Undefined Weak Reference
    __sigvec_lookup                           - Undefined Weak Reference
    _atexit_init                              - Undefined Weak Reference
    _call_atexit_fns                          - Undefined Weak Reference
    _clock_init                               - Undefined Weak Reference
    _fp_trap_init                             - Undefined Weak Reference
    _fp_trap_shutdown                         - Undefined Weak Reference
    _get_lc_collate                           - Undefined Weak Reference
    _get_lc_ctype                             - Undefined Weak Reference
    _get_lc_monetary                          - Undefined Weak Reference
    _get_lc_numeric                           - Undefined Weak Reference
    _get_lc_time                              - Undefined Weak Reference
    _getenv_init                              - Undefined Weak Reference
    _handle_redirection                       - Undefined Weak Reference
    _init_alloc                               - Undefined Weak Reference
    _init_user_alloc                          - Undefined Weak Reference
    _initio                                   - Undefined Weak Reference
    _mutex_acquire                            - Undefined Weak Reference
    _mutex_release                            - Undefined Weak Reference
    _printf_mbtowc                            - Undefined Weak Reference
    _printf_post_padding                      - Undefined Weak Reference
    _printf_pre_padding                       - Undefined Weak Reference
    _printf_truncate_signed                   - Undefined Weak Reference
    _printf_truncate_unsigned                 - Undefined Weak Reference
    _rand_init                                - Undefined Weak Reference
    _signal_finish                            - Undefined Weak Reference
    _signal_init                              - Undefined Weak Reference
    _terminate_alloc                          - Undefined Weak Reference
    _terminate_user_alloc                     - Undefined Weak Reference
    _terminateio                              - Undefined Weak Reference
    __Vectors_Size                           0x00000188   Number         0  startup_stm32f407xx.o ABSOLUTE
    __Vectors                                0x08000000   Data           4  startup_stm32f407xx.o(RESET)
    __Vectors_End                            0x08000188   Data           0  startup_stm32f407xx.o(RESET)
    __main                                   0x08000189   Thumb Code     8  __main.o(!!!main)
    __scatterload                            0x08000191   Thumb Code     0  __scatter.o(!!!scatter)
    __scatterload_rt2                        0x08000191   Thumb Code    44  __scatter.o(!!!scatter)
    __scatterload_rt2_thumb_only             0x08000191   Thumb Code     0  __scatter.o(!!!scatter)
    __scatterload_null                       0x0800019f   Thumb Code     0  __scatter.o(!!!scatter)
    __decompress                             0x080001c5   Thumb Code    90  __dczerorl2.o(!!dczerorl2)
    __decompress1                            0x080001c5   Thumb Code     0  __dczerorl2.o(!!dczerorl2)
    __scatterload_zeroinit                   0x08000221   Thumb Code    28  __scatter_zi.o(!!handler_zi)
    _printf_d                                0x0800023d   Thumb Code     0  _printf_d.o(.ARM.Collect$$_printf_percent$$00000009)
    _printf_percent                          0x0800023d   Thumb Code     0  _printf_percent.o(.ARM.Collect$$_printf_percent$$00000000)
    _printf_x                                0x08000243   Thumb Code     0  _printf_x.o(.ARM.Collect$$_printf_percent$$0000000C)
    _printf_s                                0x08000249   Thumb Code     0  _printf_s.o(.ARM.Collect$$_printf_percent$$00000014)
    _printf_percent_end                      0x0800024f   Thumb Code     0  _printf_percent_end.o(.ARM.Collect$$_printf_percent$$00000017)
    __rt_lib_init                            0x08000253   Thumb Code     0  libinit.o(.ARM.Collect$$libinit$$00000000)
    __rt_lib_init_fp_1                       0x08000255   Thumb Code     0  libinit2.o(.ARM.Collect$$libinit$$00000001)
    __rt_lib_init_alloca_1                   0x08000259   Thumb Code     0  libinit2.o(.ARM.Collect$$libinit$$0000002E)
    __rt_lib_init_argv_1                     0x08000259   Thumb Code     0  libinit2.o(.ARM.Collect$$libinit$$0000002C)
    __rt_lib_init_atexit_1                   0x08000259   Thumb Code     0  libinit2.o(.ARM.Collect$$libinit$$0000001B)
    __rt_lib_init_clock_1                    0x08000259   Thumb Code     0  libinit2.o(.ARM.Collect$$libinit$$00000021)
    __rt_lib_init_cpp_1                      0x08000259   Thumb Code     0  libinit2.o(.ARM.Collect$$libinit$$00000032)
    __rt_lib_init_exceptions_1               0x08000259   Thumb Code     0  libinit2.o(.ARM.Collect$$libinit$$00000030)
    __rt_lib_init_fp_trap_1                  0x08000259   Thumb Code     0  libinit2.o(.ARM.Collect$$libinit$$0000001F)
    __rt_lib_init_getenv_1                   0x08000259   Thumb Code     0  libinit2.o(.ARM.Collect$$libinit$$00000023)
    __rt_lib_init_heap_1                     0x08000259   Thumb Code     0  libinit2.o(.ARM.Collect$$libinit$$0000000A)
    __rt_lib_init_lc_collate_1               0x08000259   Thumb Code     0  libinit2.o(.ARM.Collect$$libinit$$00000011)
    __rt_lib_init_lc_ctype_1                 0x08000259   Thumb Code     0  libinit2.o(.ARM.Collect$$libinit$$00000013)
    __rt_lib_init_lc_monetary_1              0x08000259   Thumb Code     0  libinit2.o(.ARM.Collect$$libinit$$00000015)
    __rt_lib_init_lc_numeric_1               0x08000259   Thumb Code     0  libinit2.o(.ARM.Collect$$libinit$$00000017)
    __rt_lib_init_lc_time_1                  0x08000259   Thumb Code     0  libinit2.o(.ARM.Collect$$libinit$$00000019)
    __rt_lib_init_preinit_1                  0x08000259   Thumb Code     0  libinit2.o(.ARM.Collect$$libinit$$00000004)
    __rt_lib_init_rand_1                     0x08000259   Thumb Code     0  libinit2.o(.ARM.Collect$$libinit$$0000000E)
    __rt_lib_init_return                     0x08000259   Thumb Code     0  libinit2.o(.ARM.Collect$$libinit$$00000033)
    __rt_lib_init_signal_1                   0x08000259   Thumb Code     0  libinit2.o(.ARM.Collect$$libinit$$0000001D)
    __rt_lib_init_stdio_1                    0x08000259   Thumb Code     0  libinit2.o(.ARM.Collect$$libinit$$00000025)
    __rt_lib_init_user_alloc_1               0x08000259   Thumb Code     0  libinit2.o(.ARM.Collect$$libinit$$0000000C)
    __rt_lib_shutdown                        0x0800025b   Thumb Code     0  libshutdown.o(.ARM.Collect$$libshutdown$$00000000)
    __rt_lib_shutdown_cpp_1                  0x0800025d   Thumb Code     0  libshutdown2.o(.ARM.Collect$$libshutdown$$00000002)
    __rt_lib_shutdown_fp_trap_1              0x0800025d   Thumb Code     0  libshutdown2.o(.ARM.Collect$$libshutdown$$00000007)
    __rt_lib_shutdown_heap_1                 0x0800025d   Thumb Code     0  libshutdown2.o(.ARM.Collect$$libshutdown$$0000000F)
    __rt_lib_shutdown_return                 0x0800025d   Thumb Code     0  libshutdown2.o(.ARM.Collect$$libshutdown$$00000010)
    __rt_lib_shutdown_signal_1               0x0800025d   Thumb Code     0  libshutdown2.o(.ARM.Collect$$libshutdown$$0000000A)
    __rt_lib_shutdown_stdio_1                0x0800025d   Thumb Code     0  libshutdown2.o(.ARM.Collect$$libshutdown$$00000004)
    __rt_lib_shutdown_user_alloc_1           0x0800025d   Thumb Code     0  libshutdown2.o(.ARM.Collect$$libshutdown$$0000000C)
    __rt_entry                               0x0800025f   Thumb Code     0  __rtentry.o(.ARM.Collect$$rtentry$$00000000)
    __rt_entry_presh_1                       0x0800025f   Thumb Code     0  __rtentry2.o(.ARM.Collect$$rtentry$$00000002)
    __rt_entry_sh                            0x0800025f   Thumb Code     0  __rtentry4.o(.ARM.Collect$$rtentry$$00000004)
    __rt_entry_li                            0x08000265   Thumb Code     0  __rtentry2.o(.ARM.Collect$$rtentry$$0000000A)
    __rt_entry_postsh_1                      0x08000265   Thumb Code     0  __rtentry2.o(.ARM.Collect$$rtentry$$00000009)
    __rt_entry_main                          0x08000269   Thumb Code     0  __rtentry2.o(.ARM.Collect$$rtentry$$0000000D)
    __rt_entry_postli_1                      0x08000269   Thumb Code     0  __rtentry2.o(.ARM.Collect$$rtentry$$0000000C)
    __rt_exit                                0x08000271   Thumb Code     0  rtexit.o(.ARM.Collect$$rtexit$$00000000)
    __rt_exit_ls                             0x08000273   Thumb Code     0  rtexit2.o(.ARM.Collect$$rtexit$$00000003)
    __rt_exit_prels_1                        0x08000273   Thumb Code     0  rtexit2.o(.ARM.Collect$$rtexit$$00000002)
    __rt_exit_exit                           0x08000277   Thumb Code     0  rtexit2.o(.ARM.Collect$$rtexit$$00000004)
    main                                     0x0800027d   Thumb Code   282  main.o(.text)
    NMI_Handler                              0x080003b5   Thumb Code     2  stm32f4xx_it.o(.text)
    HardFault_Handler                        0x080003b7   Thumb Code     4  stm32f4xx_it.o(.text)
    MemManage_Handler                        0x080003bb   Thumb Code     4  stm32f4xx_it.o(.text)
    BusFault_Handler                         0x080003bf   Thumb Code     4  stm32f4xx_it.o(.text)
    UsageFault_Handler                       0x080003c3   Thumb Code     4  stm32f4xx_it.o(.text)
    SVC_Handler                              0x080003c7   Thumb Code     2  stm32f4xx_it.o(.text)
    DebugMon_Handler                         0x080003c9   Thumb Code     2  stm32f4xx_it.o(.text)
    PendSV_Handler                           0x080003cb   Thumb Code     2  stm32f4xx_it.o(.text)
    SysTick_Handler                          0x080003cd   Thumb Code     2  stm32f4xx_it.o(.text)
    led_init                                 0x080003d1   Thumb Code    76  led.o(.text)
    key_init                                 0x08000429   Thumb Code   134  key.o(.text)
    key_scan                                 0x080004af   Thumb Code   184  key.o(.text)
    delay_init                               0x08000579   Thumb Code    52  delay.o(.text)
    delay_us                                 0x080005ad   Thumb Code    72  delay.o(.text)
    delay_xms                                0x080005f5   Thumb Code    72  delay.o(.text)
    delay_ms                                 0x0800063d   Thumb Code    56  delay.o(.text)
    _sys_exit                                0x0800067d   Thumb Code     4  usart.o(.text)
    fputc                                    0x08000681   Thumb Code    22  usart.o(.text)
    USART1_Init                              0x08000697   Thumb Code   166  usart.o(.text)
    USART1_IRQHandler                        0x0800073d   Thumb Code    28  usart.o(.text)
    sys_nvic_set_vector_table                0x08000761   Thumb Code    12  sys_1.o(.text)
    sys_nvic_init                            0x08000791   Thumb Code   116  sys_1.o(.text)
    sys_nvic_ex_config                       0x08000805   Thumb Code   272  sys_1.o(.text)
    sys_gpio_af_set                          0x08000915   Thumb Code   104  sys_1.o(.text)
    sys_gpio_set                             0x0800097d   Thumb Code   222  sys_1.o(.text)
    sys_gpio_pin_get                         0x08000a5b   Thumb Code    16  sys_1.o(.text)
    sys_wfi_set                              0x08000a6b   Thumb Code     4  sys_1.o(.text)
    sys_intx_disable                         0x08000a6f   Thumb Code     4  sys_1.o(.text)
    sys_intx_enable                          0x08000a73   Thumb Code     4  sys_1.o(.text)
    sys_msr_msp                              0x08000a77   Thumb Code    10  sys_1.o(.text)
    sys_standby                              0x08000a81   Thumb Code    72  sys_1.o(.text)
    sys_soft_reset                           0x08000ac9   Thumb Code    12  sys_1.o(.text)
    sys_clock_set                            0x08000ad5   Thumb Code   428  sys_1.o(.text)
    sys_stm32_clock_init                     0x08000c81   Thumb Code    60  sys_1.o(.text)
    Reset_Handler                            0x08000cc5   Thumb Code    14  startup_stm32f407xx.o(.text)
    ADC_IRQHandler                           0x08000ce5   Thumb Code     0  startup_stm32f407xx.o(.text)
    CAN1_RX1_IRQHandler                      0x08000ce5   Thumb Code     0  startup_stm32f407xx.o(.text)
    CAN1_SCE_IRQHandler                      0x08000ce5   Thumb Code     0  startup_stm32f407xx.o(.text)
    CAN1_TX_IRQHandler                       0x08000ce5   Thumb Code     0  startup_stm32f407xx.o(.text)
    CAN2_RX1_IRQHandler                      0x08000ce5   Thumb Code     0  startup_stm32f407xx.o(.text)
    CAN2_SCE_IRQHandler                      0x08000ce5   Thumb Code     0  startup_stm32f407xx.o(.text)
    CAN2_TX_IRQHandler                       0x08000ce5   Thumb Code     0  startup_stm32f407xx.o(.text)
    DCMI_IRQHandler                          0x08000ce5   Thumb Code     0  startup_stm32f407xx.o(.text)
    DMA1_Stream0_IRQHandler                  0x08000ce5   Thumb Code     0  startup_stm32f407xx.o(.text)
    DMA1_Stream1_IRQHandler                  0x08000ce5   Thumb Code     0  startup_stm32f407xx.o(.text)
    DMA1_Stream2_IRQHandler                  0x08000ce5   Thumb Code     0  startup_stm32f407xx.o(.text)
    DMA1_Stream3_IRQHandler                  0x08000ce5   Thumb Code     0  startup_stm32f407xx.o(.text)
    DMA1_Stream4_IRQHandler                  0x08000ce5   Thumb Code     0  startup_stm32f407xx.o(.text)
    DMA1_Stream5_IRQHandler                  0x08000ce5   Thumb Code     0  startup_stm32f407xx.o(.text)
    DMA1_Stream6_IRQHandler                  0x08000ce5   Thumb Code     0  startup_stm32f407xx.o(.text)
    DMA1_Stream7_IRQHandler                  0x08000ce5   Thumb Code     0  startup_stm32f407xx.o(.text)
    DMA2_Stream0_IRQHandler                  0x08000ce5   Thumb Code     0  startup_stm32f407xx.o(.text)
    DMA2_Stream1_IRQHandler                  0x08000ce5   Thumb Code     0  startup_stm32f407xx.o(.text)
    DMA2_Stream2_IRQHandler                  0x08000ce5   Thumb Code     0  startup_stm32f407xx.o(.text)
    DMA2_Stream3_IRQHandler                  0x08000ce5   Thumb Code     0  startup_stm32f407xx.o(.text)
    DMA2_Stream4_IRQHandler                  0x08000ce5   Thumb Code     0  startup_stm32f407xx.o(.text)
    DMA2_Stream5_IRQHandler                  0x08000ce5   Thumb Code     0  startup_stm32f407xx.o(.text)
    DMA2_Stream6_IRQHandler                  0x08000ce5   Thumb Code     0  startup_stm32f407xx.o(.text)
    DMA2_Stream7_IRQHandler                  0x08000ce5   Thumb Code     0  startup_stm32f407xx.o(.text)
    ETH_IRQHandler                           0x08000ce5   Thumb Code     0  startup_stm32f407xx.o(.text)
    ETH_WKUP_IRQHandler                      0x08000ce5   Thumb Code     0  startup_stm32f407xx.o(.text)
    EXTI0_IRQHandler                         0x08000ce5   Thumb Code     0  startup_stm32f407xx.o(.text)
    EXTI15_10_IRQHandler                     0x08000ce5   Thumb Code     0  startup_stm32f407xx.o(.text)
    EXTI1_IRQHandler                         0x08000ce5   Thumb Code     0  startup_stm32f407xx.o(.text)
    EXTI2_IRQHandler                         0x08000ce5   Thumb Code     0  startup_stm32f407xx.o(.text)
    EXTI3_IRQHandler                         0x08000ce5   Thumb Code     0  startup_stm32f407xx.o(.text)
    EXTI4_IRQHandler                         0x08000ce5   Thumb Code     0  startup_stm32f407xx.o(.text)
    EXTI9_5_IRQHandler                       0x08000ce5   Thumb Code     0  startup_stm32f407xx.o(.text)
    FLASH_IRQHandler                         0x08000ce5   Thumb Code     0  startup_stm32f407xx.o(.text)
    FMC_IRQHandler                           0x08000ce5   Thumb Code     0  startup_stm32f407xx.o(.text)
    FPU_IRQHandler                           0x08000ce5   Thumb Code     0  startup_stm32f407xx.o(.text)
    HASH_RNG_IRQHandler                      0x08000ce5   Thumb Code     0  startup_stm32f407xx.o(.text)
    I2C1_ER_IRQHandler                       0x08000ce5   Thumb Code     0  startup_stm32f407xx.o(.text)
    I2C1_EV_IRQHandler                       0x08000ce5   Thumb Code     0  startup_stm32f407xx.o(.text)
    I2C2_ER_IRQHandler                       0x08000ce5   Thumb Code     0  startup_stm32f407xx.o(.text)
    I2C2_EV_IRQHandler                       0x08000ce5   Thumb Code     0  startup_stm32f407xx.o(.text)
    I2C3_ER_IRQHandler                       0x08000ce5   Thumb Code     0  startup_stm32f407xx.o(.text)
    I2C3_EV_IRQHandler                       0x08000ce5   Thumb Code     0  startup_stm32f407xx.o(.text)
    OTG_FS_IRQHandler                        0x08000ce5   Thumb Code     0  startup_stm32f407xx.o(.text)
    OTG_FS_WKUP_IRQHandler                   0x08000ce5   Thumb Code     0  startup_stm32f407xx.o(.text)
    OTG_HS_EP1_IN_IRQHandler                 0x08000ce5   Thumb Code     0  startup_stm32f407xx.o(.text)
    OTG_HS_EP1_OUT_IRQHandler                0x08000ce5   Thumb Code     0  startup_stm32f407xx.o(.text)
    OTG_HS_IRQHandler                        0x08000ce5   Thumb Code     0  startup_stm32f407xx.o(.text)
    OTG_HS_WKUP_IRQHandler                   0x08000ce5   Thumb Code     0  startup_stm32f407xx.o(.text)
    PVD_IRQHandler                           0x08000ce5   Thumb Code     0  startup_stm32f407xx.o(.text)
    RCC_IRQHandler                           0x08000ce5   Thumb Code     0  startup_stm32f407xx.o(.text)
    RTC_Alarm_IRQHandler                     0x08000ce5   Thumb Code     0  startup_stm32f407xx.o(.text)
    RTC_WKUP_IRQHandler                      0x08000ce5   Thumb Code     0  startup_stm32f407xx.o(.text)
    SDIO_IRQHandler                          0x08000ce5   Thumb Code     0  startup_stm32f407xx.o(.text)
    SPI1_IRQHandler                          0x08000ce5   Thumb Code     0  startup_stm32f407xx.o(.text)
    SPI2_IRQHandler                          0x08000ce5   Thumb Code     0  startup_stm32f407xx.o(.text)
    SPI3_IRQHandler                          0x08000ce5   Thumb Code     0  startup_stm32f407xx.o(.text)
    TAMP_STAMP_IRQHandler                    0x08000ce5   Thumb Code     0  startup_stm32f407xx.o(.text)
    TIM1_BRK_TIM9_IRQHandler                 0x08000ce5   Thumb Code     0  startup_stm32f407xx.o(.text)
    TIM1_CC_IRQHandler                       0x08000ce5   Thumb Code     0  startup_stm32f407xx.o(.text)
    TIM1_TRG_COM_TIM11_IRQHandler            0x08000ce5   Thumb Code     0  startup_stm32f407xx.o(.text)
    TIM1_UP_TIM10_IRQHandler                 0x08000ce5   Thumb Code     0  startup_stm32f407xx.o(.text)
    TIM3_IRQHandler                          0x08000ce5   Thumb Code     0  startup_stm32f407xx.o(.text)
    TIM4_IRQHandler                          0x08000ce5   Thumb Code     0  startup_stm32f407xx.o(.text)
    TIM5_IRQHandler                          0x08000ce5   Thumb Code     0  startup_stm32f407xx.o(.text)
    TIM6_DAC_IRQHandler                      0x08000ce5   Thumb Code     0  startup_stm32f407xx.o(.text)
    TIM7_IRQHandler                          0x08000ce5   Thumb Code     0  startup_stm32f407xx.o(.text)
    TIM8_BRK_TIM12_IRQHandler                0x08000ce5   Thumb Code     0  startup_stm32f407xx.o(.text)
    TIM8_CC_IRQHandler                       0x08000ce5   Thumb Code     0  startup_stm32f407xx.o(.text)
    TIM8_TRG_COM_TIM14_IRQHandler            0x08000ce5   Thumb Code     0  startup_stm32f407xx.o(.text)
    TIM8_UP_TIM13_IRQHandler                 0x08000ce5   Thumb Code     0  startup_stm32f407xx.o(.text)
    UART4_IRQHandler                         0x08000ce5   Thumb Code     0  startup_stm32f407xx.o(.text)
    UART5_IRQHandler                         0x08000ce5   Thumb Code     0  startup_stm32f407xx.o(.text)
    USART2_IRQHandler                        0x08000ce5   Thumb Code     0  startup_stm32f407xx.o(.text)
    USART3_IRQHandler                        0x08000ce5   Thumb Code     0  startup_stm32f407xx.o(.text)
    USART6_IRQHandler                        0x08000ce5   Thumb Code     0  startup_stm32f407xx.o(.text)
    WWDG_IRQHandler                          0x08000ce5   Thumb Code     0  startup_stm32f407xx.o(.text)
    __user_initial_stackheap                 0x08000ce9   Thumb Code     0  startup_stm32f407xx.o(.text)
    NVIC_PriorityGroupConfig                 0x08000d09   Thumb Code    10  misc.o(.text)
    NVIC_Init                                0x08000d13   Thumb Code   106  misc.o(.text)
    NVIC_SetVectorTable                      0x08000d7d   Thumb Code    14  misc.o(.text)
    NVIC_SystemLPConfig                      0x08000d8b   Thumb Code    34  misc.o(.text)
    SysTick_CLKSourceConfig                  0x08000dad   Thumb Code    40  misc.o(.text)
    GPIO_DeInit                              0x08000de9   Thumb Code   268  stm32f4xx_gpio.o(.text)
    GPIO_Init                                0x08000ef5   Thumb Code   144  stm32f4xx_gpio.o(.text)
    GPIO_StructInit                          0x08000f85   Thumb Code    18  stm32f4xx_gpio.o(.text)
    GPIO_PinLockConfig                       0x08000f97   Thumb Code    34  stm32f4xx_gpio.o(.text)
    GPIO_ReadInputDataBit                    0x08000fb9   Thumb Code    18  stm32f4xx_gpio.o(.text)
    GPIO_ReadInputData                       0x08000fcb   Thumb Code     8  stm32f4xx_gpio.o(.text)
    GPIO_ReadOutputDataBit                   0x08000fd3   Thumb Code    18  stm32f4xx_gpio.o(.text)
    GPIO_ReadOutputData                      0x08000fe5   Thumb Code     8  stm32f4xx_gpio.o(.text)
    GPIO_SetBits                             0x08000fed   Thumb Code     4  stm32f4xx_gpio.o(.text)
    GPIO_ResetBits                           0x08000ff1   Thumb Code     4  stm32f4xx_gpio.o(.text)
    GPIO_WriteBit                            0x08000ff5   Thumb Code    10  stm32f4xx_gpio.o(.text)
    GPIO_Write                               0x08000fff   Thumb Code     4  stm32f4xx_gpio.o(.text)
    GPIO_ToggleBits                          0x08001003   Thumb Code     8  stm32f4xx_gpio.o(.text)
    GPIO_PinAFConfig                         0x0800100b   Thumb Code    70  stm32f4xx_gpio.o(.text)
    RCC_DeInit                               0x0800107d   Thumb Code    82  stm32f4xx_rcc.o(.text)
    RCC_HSEConfig                            0x080010cf   Thumb Code    14  stm32f4xx_rcc.o(.text)
    RCC_GetFlagStatus                        0x080010dd   Thumb Code    60  stm32f4xx_rcc.o(.text)
    RCC_WaitForHSEStartUp                    0x08001119   Thumb Code    56  stm32f4xx_rcc.o(.text)
    RCC_AdjustHSICalibrationValue            0x08001151   Thumb Code    20  stm32f4xx_rcc.o(.text)
    RCC_HSICmd                               0x08001165   Thumb Code     6  stm32f4xx_rcc.o(.text)
    RCC_LSEConfig                            0x0800116b   Thumb Code    46  stm32f4xx_rcc.o(.text)
    RCC_LSICmd                               0x08001199   Thumb Code     6  stm32f4xx_rcc.o(.text)
    RCC_PLLConfig                            0x0800119f   Thumb Code    32  stm32f4xx_rcc.o(.text)
    RCC_PLLCmd                               0x080011bf   Thumb Code     6  stm32f4xx_rcc.o(.text)
    RCC_PLLI2SConfig                         0x080011c5   Thumb Code    14  stm32f4xx_rcc.o(.text)
    RCC_PLLI2SCmd                            0x080011d3   Thumb Code     6  stm32f4xx_rcc.o(.text)
    RCC_PLLSAIConfig                         0x080011d9   Thumb Code    20  stm32f4xx_rcc.o(.text)
    RCC_PLLSAICmd                            0x080011ed   Thumb Code     6  stm32f4xx_rcc.o(.text)
    RCC_ClockSecuritySystemCmd               0x080011f3   Thumb Code     6  stm32f4xx_rcc.o(.text)
    RCC_MCO1Config                           0x080011f9   Thumb Code    28  stm32f4xx_rcc.o(.text)
    RCC_MCO2Config                           0x08001215   Thumb Code    28  stm32f4xx_rcc.o(.text)
    RCC_SYSCLKConfig                         0x08001231   Thumb Code    20  stm32f4xx_rcc.o(.text)
    RCC_GetSYSCLKSource                      0x08001245   Thumb Code    12  stm32f4xx_rcc.o(.text)
    RCC_HCLKConfig                           0x08001251   Thumb Code    20  stm32f4xx_rcc.o(.text)
    RCC_PCLK1Config                          0x08001265   Thumb Code    20  stm32f4xx_rcc.o(.text)
    RCC_PCLK2Config                          0x08001279   Thumb Code    22  stm32f4xx_rcc.o(.text)
    RCC_GetClocksFreq                        0x0800128f   Thumb Code   222  stm32f4xx_rcc.o(.text)
    RCC_RTCCLKConfig                         0x0800136d   Thumb Code    54  stm32f4xx_rcc.o(.text)
    RCC_RTCCLKCmd                            0x080013a3   Thumb Code     8  stm32f4xx_rcc.o(.text)
    RCC_BackupResetCmd                       0x080013ab   Thumb Code     8  stm32f4xx_rcc.o(.text)
    RCC_I2SCLKConfig                         0x080013b3   Thumb Code     6  stm32f4xx_rcc.o(.text)
    RCC_SAIPLLI2SClkDivConfig                0x080013b9   Thumb Code    26  stm32f4xx_rcc.o(.text)
    RCC_SAIPLLSAIClkDivConfig                0x080013d3   Thumb Code    28  stm32f4xx_rcc.o(.text)
    RCC_SAIBlockACLKConfig                   0x080013ef   Thumb Code    20  stm32f4xx_rcc.o(.text)
    RCC_SAIBlockBCLKConfig                   0x08001403   Thumb Code    20  stm32f4xx_rcc.o(.text)
    RCC_LTDCCLKDivConfig                     0x08001417   Thumb Code    20  stm32f4xx_rcc.o(.text)
    RCC_TIMCLKPresConfig                     0x0800142b   Thumb Code     6  stm32f4xx_rcc.o(.text)
    RCC_AHB1PeriphClockCmd                   0x08001431   Thumb Code    34  stm32f4xx_rcc.o(.text)
    RCC_AHB2PeriphClockCmd                   0x08001453   Thumb Code    78  stm32f4xx_rcc.o(.text)
    RCC_AHB3PeriphClockCmd                   0x080014a1   Thumb Code    34  stm32f4xx_rcc.o(.text)
    RCC_APB1PeriphClockCmd                   0x080014c3   Thumb Code    34  stm32f4xx_rcc.o(.text)
    RCC_APB2PeriphClockCmd                   0x080014e5   Thumb Code    34  stm32f4xx_rcc.o(.text)
    RCC_AHB1PeriphResetCmd                   0x08001507   Thumb Code    34  stm32f4xx_rcc.o(.text)
    RCC_AHB2PeriphResetCmd                   0x08001529   Thumb Code    34  stm32f4xx_rcc.o(.text)
    RCC_AHB3PeriphResetCmd                   0x0800154b   Thumb Code    34  stm32f4xx_rcc.o(.text)
    RCC_APB1PeriphResetCmd                   0x0800156d   Thumb Code    34  stm32f4xx_rcc.o(.text)
    RCC_APB2PeriphResetCmd                   0x0800158f   Thumb Code    34  stm32f4xx_rcc.o(.text)
    RCC_AHB1PeriphClockLPModeCmd             0x080015b1   Thumb Code    34  stm32f4xx_rcc.o(.text)
    RCC_AHB2PeriphClockLPModeCmd             0x080015d3   Thumb Code    34  stm32f4xx_rcc.o(.text)
    RCC_AHB3PeriphClockLPModeCmd             0x080015f5   Thumb Code    34  stm32f4xx_rcc.o(.text)
    RCC_APB1PeriphClockLPModeCmd             0x08001617   Thumb Code    34  stm32f4xx_rcc.o(.text)
    RCC_APB2PeriphClockLPModeCmd             0x08001639   Thumb Code    34  stm32f4xx_rcc.o(.text)
    RCC_LSEModeConfig                        0x0800165b   Thumb Code    40  stm32f4xx_rcc.o(.text)
    RCC_ITConfig                             0x08001683   Thumb Code    34  stm32f4xx_rcc.o(.text)
    RCC_ClearFlag                            0x080016a5   Thumb Code    18  stm32f4xx_rcc.o(.text)
    RCC_GetITStatus                          0x080016b7   Thumb Code    22  stm32f4xx_rcc.o(.text)
    RCC_ClearITPendingBit                    0x080016cd   Thumb Code     8  stm32f4xx_rcc.o(.text)
    USART_DeInit                             0x080016d9   Thumb Code   206  stm32f4xx_usart.o(.text)
    USART_Init                               0x080017a7   Thumb Code   204  stm32f4xx_usart.o(.text)
    USART_StructInit                         0x08001873   Thumb Code    24  stm32f4xx_usart.o(.text)
    USART_ClockInit                          0x0800188b   Thumb Code    32  stm32f4xx_usart.o(.text)
    USART_ClockStructInit                    0x080018ab   Thumb Code    12  stm32f4xx_usart.o(.text)
    USART_Cmd                                0x080018b7   Thumb Code    24  stm32f4xx_usart.o(.text)
    USART_SetPrescaler                       0x080018cf   Thumb Code    16  stm32f4xx_usart.o(.text)
    USART_OverSampling8Cmd                   0x080018df   Thumb Code    22  stm32f4xx_usart.o(.text)
    USART_OneBitMethodCmd                    0x080018f5   Thumb Code    24  stm32f4xx_usart.o(.text)
    USART_SendData                           0x0800190d   Thumb Code     8  stm32f4xx_usart.o(.text)
    USART_ReceiveData                        0x08001915   Thumb Code    10  stm32f4xx_usart.o(.text)
    USART_SetAddress                         0x0800191f   Thumb Code    18  stm32f4xx_usart.o(.text)
    USART_ReceiverWakeUpCmd                  0x08001931   Thumb Code    24  stm32f4xx_usart.o(.text)
    USART_WakeUpConfig                       0x08001949   Thumb Code    18  stm32f4xx_usart.o(.text)
    USART_LINBreakDetectLengthConfig         0x0800195b   Thumb Code    18  stm32f4xx_usart.o(.text)
    USART_LINCmd                             0x0800196d   Thumb Code    24  stm32f4xx_usart.o(.text)
    USART_SendBreak                          0x08001985   Thumb Code    10  stm32f4xx_usart.o(.text)
    USART_HalfDuplexCmd                      0x0800198f   Thumb Code    24  stm32f4xx_usart.o(.text)
    USART_SetGuardTime                       0x080019a7   Thumb Code    16  stm32f4xx_usart.o(.text)
    USART_SmartCardCmd                       0x080019b7   Thumb Code    24  stm32f4xx_usart.o(.text)
    USART_SmartCardNACKCmd                   0x080019cf   Thumb Code    24  stm32f4xx_usart.o(.text)
    USART_IrDAConfig                         0x080019e7   Thumb Code    18  stm32f4xx_usart.o(.text)
    USART_IrDACmd                            0x080019f9   Thumb Code    24  stm32f4xx_usart.o(.text)
    USART_DMACmd                             0x08001a11   Thumb Code    18  stm32f4xx_usart.o(.text)
    USART_ITConfig                           0x08001a23   Thumb Code    74  stm32f4xx_usart.o(.text)
    USART_GetFlagStatus                      0x08001a6d   Thumb Code    26  stm32f4xx_usart.o(.text)
    USART_ClearFlag                          0x08001a87   Thumb Code    18  stm32f4xx_usart.o(.text)
    USART_GetITStatus                        0x08001a99   Thumb Code   118  stm32f4xx_usart.o(.text)
    USART_ClearITPendingBit                  0x08001b0f   Thumb Code    30  stm32f4xx_usart.o(.text)
    CAN_DeInit                               0x08001b2d   Thumb Code    50  stm32f4xx_can.o(.text)
    CAN_Init                                 0x08001b5f   Thumb Code   276  stm32f4xx_can.o(.text)
    CAN_FilterInit                           0x08001c73   Thumb Code   258  stm32f4xx_can.o(.text)
    CAN_StructInit                           0x08001d75   Thumb Code    32  stm32f4xx_can.o(.text)
    CAN_SlaveStartBank                       0x08001d95   Thumb Code    48  stm32f4xx_can.o(.text)
    CAN_DBGFreeze                            0x08001dc5   Thumb Code    22  stm32f4xx_can.o(.text)
    CAN_TTComModeCmd                         0x08001ddb   Thumb Code   118  stm32f4xx_can.o(.text)
    CAN_Transmit                             0x08001e51   Thumb Code   304  stm32f4xx_can.o(.text)
    CAN_TransmitStatus                       0x08001f81   Thumb Code   138  stm32f4xx_can.o(.text)
    CAN_CancelTransmit                       0x0800200b   Thumb Code    48  stm32f4xx_can.o(.text)
    CAN_Receive                              0x0800203b   Thumb Code   240  stm32f4xx_can.o(.text)
    CAN_FIFORelease                          0x0800212b   Thumb Code    22  stm32f4xx_can.o(.text)
    CAN_MessagePending                       0x08002141   Thumb Code    30  stm32f4xx_can.o(.text)
    CAN_OperatingModeRequest                 0x0800215f   Thumb Code   162  stm32f4xx_can.o(.text)
    CAN_Sleep                                0x08002201   Thumb Code    30  stm32f4xx_can.o(.text)
    CAN_WakeUp                               0x0800221f   Thumb Code    48  stm32f4xx_can.o(.text)
    CAN_GetLastErrorCode                     0x0800224f   Thumb Code    12  stm32f4xx_can.o(.text)
    CAN_GetReceiveErrorCounter               0x0800225b   Thumb Code    10  stm32f4xx_can.o(.text)
    CAN_GetLSBTransmitErrorCounter           0x08002265   Thumb Code    12  stm32f4xx_can.o(.text)
    CAN_ITConfig                             0x08002271   Thumb Code    18  stm32f4xx_can.o(.text)
    CAN_GetFlagStatus                        0x08002283   Thumb Code   120  stm32f4xx_can.o(.text)
    CAN_ClearFlag                            0x080022fb   Thumb Code    52  stm32f4xx_can.o(.text)
    CAN_GetITStatus                          0x08002341   Thumb Code   310  stm32f4xx_can.o(.text)
    CAN_ClearITPendingBit                    0x08002477   Thumb Code   162  stm32f4xx_can.o(.text)
    TIM_DeInit                               0x0800251d   Thumb Code   346  stm32f4xx_tim.o(.text)
    TIM_TimeBaseInit                         0x08002677   Thumb Code   104  stm32f4xx_tim.o(.text)
    TIM_TimeBaseStructInit                   0x080026df   Thumb Code    18  stm32f4xx_tim.o(.text)
    TIM_PrescalerConfig                      0x080026f1   Thumb Code     6  stm32f4xx_tim.o(.text)
    TIM_CounterModeConfig                    0x080026f7   Thumb Code    18  stm32f4xx_tim.o(.text)
    TIM_SetCounter                           0x08002709   Thumb Code     4  stm32f4xx_tim.o(.text)
    TIM_SetAutoreload                        0x0800270d   Thumb Code     4  stm32f4xx_tim.o(.text)
    TIM_GetCounter                           0x08002711   Thumb Code     6  stm32f4xx_tim.o(.text)
    TIM_GetPrescaler                         0x08002717   Thumb Code     6  stm32f4xx_tim.o(.text)
    TIM_UpdateDisableConfig                  0x0800271d   Thumb Code    24  stm32f4xx_tim.o(.text)
    TIM_UpdateRequestConfig                  0x08002735   Thumb Code    24  stm32f4xx_tim.o(.text)
    TIM_ARRPreloadConfig                     0x0800274d   Thumb Code    24  stm32f4xx_tim.o(.text)
    TIM_SelectOnePulseMode                   0x08002765   Thumb Code    18  stm32f4xx_tim.o(.text)
    TIM_SetClockDivision                     0x08002777   Thumb Code    18  stm32f4xx_tim.o(.text)
    TIM_Cmd                                  0x08002789   Thumb Code    24  stm32f4xx_tim.o(.text)
    TIM_OC1Init                              0x080027a1   Thumb Code   114  stm32f4xx_tim.o(.text)
    TIM_OC2Init                              0x08002813   Thumb Code   154  stm32f4xx_tim.o(.text)
    TIM_OC3Init                              0x080028ad   Thumb Code   204  stm32f4xx_tim.o(.text)
    TIM_OC4Init                              0x08002979   Thumb Code   112  stm32f4xx_tim.o(.text)
    TIM_OCStructInit                         0x080029e9   Thumb Code    20  stm32f4xx_tim.o(.text)
    TIM_SelectOCxM                           0x080029fd   Thumb Code    86  stm32f4xx_tim.o(.text)
    TIM_SetCompare1                          0x08002a53   Thumb Code     4  stm32f4xx_tim.o(.text)
    TIM_SetCompare2                          0x08002a57   Thumb Code     4  stm32f4xx_tim.o(.text)
    TIM_SetCompare3                          0x08002a5b   Thumb Code     4  stm32f4xx_tim.o(.text)
    TIM_SetCompare4                          0x08002a5f   Thumb Code     4  stm32f4xx_tim.o(.text)
    TIM_ForcedOC1Config                      0x08002a63   Thumb Code    18  stm32f4xx_tim.o(.text)
    TIM_ForcedOC2Config                      0x08002a75   Thumb Code    26  stm32f4xx_tim.o(.text)
    TIM_ForcedOC3Config                      0x08002a8f   Thumb Code    18  stm32f4xx_tim.o(.text)
    TIM_ForcedOC4Config                      0x08002aa1   Thumb Code    26  stm32f4xx_tim.o(.text)
    TIM_OC1PreloadConfig                     0x08002abb   Thumb Code    18  stm32f4xx_tim.o(.text)
    TIM_OC2PreloadConfig                     0x08002acd   Thumb Code    26  stm32f4xx_tim.o(.text)
    TIM_OC3PreloadConfig                     0x08002ae7   Thumb Code    18  stm32f4xx_tim.o(.text)
    TIM_OC4PreloadConfig                     0x08002af9   Thumb Code    26  stm32f4xx_tim.o(.text)
    TIM_OC1FastConfig                        0x08002b13   Thumb Code    18  stm32f4xx_tim.o(.text)
    TIM_OC2FastConfig                        0x08002b25   Thumb Code    26  stm32f4xx_tim.o(.text)
    TIM_OC3FastConfig                        0x08002b3f   Thumb Code    18  stm32f4xx_tim.o(.text)
    TIM_OC4FastConfig                        0x08002b51   Thumb Code    26  stm32f4xx_tim.o(.text)
    TIM_ClearOC1Ref                          0x08002b6b   Thumb Code    18  stm32f4xx_tim.o(.text)
    TIM_ClearOC2Ref                          0x08002b7d   Thumb Code    24  stm32f4xx_tim.o(.text)
    TIM_ClearOC3Ref                          0x08002b95   Thumb Code    18  stm32f4xx_tim.o(.text)
    TIM_ClearOC4Ref                          0x08002ba7   Thumb Code    24  stm32f4xx_tim.o(.text)
    TIM_OC1PolarityConfig                    0x08002bbf   Thumb Code    18  stm32f4xx_tim.o(.text)
    TIM_OC1NPolarityConfig                   0x08002bd1   Thumb Code    18  stm32f4xx_tim.o(.text)
    TIM_OC2PolarityConfig                    0x08002be3   Thumb Code    26  stm32f4xx_tim.o(.text)
    TIM_OC2NPolarityConfig                   0x08002bfd   Thumb Code    26  stm32f4xx_tim.o(.text)
    TIM_OC3PolarityConfig                    0x08002c17   Thumb Code    26  stm32f4xx_tim.o(.text)
    TIM_OC3NPolarityConfig                   0x08002c31   Thumb Code    26  stm32f4xx_tim.o(.text)
    TIM_OC4PolarityConfig                    0x08002c4b   Thumb Code    26  stm32f4xx_tim.o(.text)
    TIM_CCxCmd                               0x08002c65   Thumb Code    30  stm32f4xx_tim.o(.text)
    TIM_CCxNCmd                              0x08002c83   Thumb Code    30  stm32f4xx_tim.o(.text)
    TIM_SetIC4Prescaler                      0x08002ca1   Thumb Code    26  stm32f4xx_tim.o(.text)
    TIM_SetIC3Prescaler                      0x08002d0b   Thumb Code    18  stm32f4xx_tim.o(.text)
    TIM_SetIC2Prescaler                      0x08002d65   Thumb Code    26  stm32f4xx_tim.o(.text)
    TIM_SetIC1Prescaler                      0x08002dd9   Thumb Code    18  stm32f4xx_tim.o(.text)
    TIM_ICInit                               0x08002e25   Thumb Code   110  stm32f4xx_tim.o(.text)
    TIM_ICStructInit                         0x08002e93   Thumb Code    18  stm32f4xx_tim.o(.text)
    TIM_PWMIConfig                           0x08002ea5   Thumb Code   124  stm32f4xx_tim.o(.text)
    TIM_GetCapture1                          0x08002f21   Thumb Code     6  stm32f4xx_tim.o(.text)
    TIM_GetCapture2                          0x08002f27   Thumb Code     6  stm32f4xx_tim.o(.text)
    TIM_GetCapture3                          0x08002f2d   Thumb Code     6  stm32f4xx_tim.o(.text)
    TIM_GetCapture4                          0x08002f33   Thumb Code     6  stm32f4xx_tim.o(.text)
    TIM_BDTRConfig                           0x08002f39   Thumb Code    32  stm32f4xx_tim.o(.text)
    TIM_BDTRStructInit                       0x08002f59   Thumb Code    18  stm32f4xx_tim.o(.text)
    TIM_CtrlPWMOutputs                       0x08002f6b   Thumb Code    30  stm32f4xx_tim.o(.text)
    TIM_SelectCOM                            0x08002f89   Thumb Code    24  stm32f4xx_tim.o(.text)
    TIM_CCPreloadControl                     0x08002fa1   Thumb Code    24  stm32f4xx_tim.o(.text)
    TIM_ITConfig                             0x08002fb9   Thumb Code    18  stm32f4xx_tim.o(.text)
    TIM_GenerateEvent                        0x08002fcb   Thumb Code     4  stm32f4xx_tim.o(.text)
    TIM_GetFlagStatus                        0x08002fcf   Thumb Code    18  stm32f4xx_tim.o(.text)
    TIM_ClearFlag                            0x08002fe1   Thumb Code     6  stm32f4xx_tim.o(.text)
    TIM_GetITStatus                          0x08002fe7   Thumb Code    34  stm32f4xx_tim.o(.text)
    TIM_ClearITPendingBit                    0x08003009   Thumb Code     6  stm32f4xx_tim.o(.text)
    TIM_DMAConfig                            0x0800300f   Thumb Code    10  stm32f4xx_tim.o(.text)
    TIM_DMACmd                               0x08003019   Thumb Code    18  stm32f4xx_tim.o(.text)
    TIM_SelectCCDMA                          0x0800302b   Thumb Code    24  stm32f4xx_tim.o(.text)
    TIM_InternalClockConfig                  0x08003043   Thumb Code    12  stm32f4xx_tim.o(.text)
    TIM_SelectInputTrigger                   0x0800304f   Thumb Code    18  stm32f4xx_tim.o(.text)
    TIM_ITRxExternalClockConfig              0x08003061   Thumb Code    24  stm32f4xx_tim.o(.text)
    TIM_TIxExternalClockConfig               0x08003079   Thumb Code    62  stm32f4xx_tim.o(.text)
    TIM_ETRConfig                            0x080030b7   Thumb Code    28  stm32f4xx_tim.o(.text)
    TIM_ETRClockMode1Config                  0x080030d3   Thumb Code    54  stm32f4xx_tim.o(.text)
    TIM_ETRClockMode2Config                  0x08003109   Thumb Code    32  stm32f4xx_tim.o(.text)
    TIM_SelectOutputTrigger                  0x08003129   Thumb Code    18  stm32f4xx_tim.o(.text)
    TIM_SelectSlaveMode                      0x0800313b   Thumb Code    18  stm32f4xx_tim.o(.text)
    TIM_SelectMasterSlaveMode                0x0800314d   Thumb Code    18  stm32f4xx_tim.o(.text)
    TIM_EncoderInterfaceConfig               0x0800315f   Thumb Code    66  stm32f4xx_tim.o(.text)
    TIM_SelectHallSensor                     0x080031a1   Thumb Code    24  stm32f4xx_tim.o(.text)
    TIM_RemapConfig                          0x080031b9   Thumb Code     6  stm32f4xx_tim.o(.text)
    OnNumberOfErrorsUpdate                   0x080031c1   Thumb Code    44  emcy.o(.text)
    emergencyInit                            0x080031ed   Thumb Code    30  emcy.o(.text)
    emergencyStop                            0x0800320b   Thumb Code     2  emcy.o(.text)
    sendEMCY                                 0x0800320d   Thumb Code   114  emcy.o(.text)
    EMCY_setError                            0x0800327f   Thumb Code   338  emcy.o(.text)
    EMCY_errorRecovered                      0x080033d1   Thumb Code   176  emcy.o(.text)
    proceedEMCY                              0x08003481   Thumb Code   102  emcy.o(.text)
    _post_emcy                               0x080034e7   Thumb Code     6  emcy.o(.text)
    getNodeState                             0x080035ad   Thumb Code    16  lifegrd.o(.text)
    ConsumerHeartbeatAlarm                   0x080035bd   Thumb Code    50  lifegrd.o(.text)
    proceedNODE_GUARD                        0x080035ef   Thumb Code   344  lifegrd.o(.text)
    ProducerHeartbeatAlarm                   0x08003747   Thumb Code   102  lifegrd.o(.text)
    GuardTimeAlarm                           0x080037ad   Thumb Code   158  lifegrd.o(.text)
    nodeguardInit                            0x0800384b   Thumb Code   174  lifegrd.o(.text)
    nodeguardStop                            0x080038f9   Thumb Code    18  lifegrd.o(.text)
    OnNodeGuardUpdate                        0x0800390b   Thumb Code    24  lifegrd.o(.text)
    OnHeartbeatProducerUpdate                0x08003923   Thumb Code    66  lifegrd.o(.text)
    heartbeatInit                            0x08003965   Thumb Code   132  lifegrd.o(.text)
    heartbeatStop                            0x080039e9   Thumb Code   352  lifegrd.o(.text)
    lifeGuardInit                            0x08003b49   Thumb Code    18  lifegrd.o(.text)
    lifeGuardStop                            0x08003b5b   Thumb Code    18  lifegrd.o(.text)
    _heartbeatError                          0x08003b6d   Thumb Code     2  lifegrd.o(.text)
    _post_SlaveBootup                        0x08003b6f   Thumb Code     2  lifegrd.o(.text)
    _post_SlaveStateChange                   0x08003b71   Thumb Code     2  lifegrd.o(.text)
    _nodeguardError                          0x08003b73   Thumb Code     2  lifegrd.o(.text)
    masterSendNMTstateChange                 0x08003b75   Thumb Code    88  nmtmaster.o(.text)
    masterSendNMTnodeguard                   0x08003bcd   Thumb Code    62  nmtmaster.o(.text)
    masterRequestNodeState                   0x08003c0b   Thumb Code    50  nmtmaster.o(.text)
    proceedNMTstateChange                    0x08003cad   Thumb Code   246  nmtslave.o(.text)
    slaveSendBootUp                          0x08003da3   Thumb Code    72  nmtslave.o(.text)
    accessDictionaryError                    0x08003e51   Thumb Code   314  objacces.o(.text)
    _getODentry                              0x08003f8b   Thumb Code   256  objacces.o(.text)
    _setODentry                              0x0800408b   Thumb Code   784  objacces.o(.text)
    RegisterSetODentryCallBack               0x0800439b   Thumb Code    50  objacces.o(.text)
    _storeODSubIndex                         0x080043cd   Thumb Code     6  objacces.o(.text)
    CopyBits                                 0x080043d9   Thumb Code   236  pdo.o(.text)
    buildPDO                                 0x080044c5   Thumb Code   410  pdo.o(.text)
    sendPDOrequest                           0x0800465f   Thumb Code   160  pdo.o(.text)
    PDOInhibitTimerAlarm                     0x0800475b   Thumb Code    56  pdo.o(.text)
    sendOnePDOevent                          0x08004793   Thumb Code   908  pdo.o(.text)
    PDOEventTimerAlarm                       0x08004b1f   Thumb Code    46  pdo.o(.text)
    proceedPDO                               0x08004b4d   Thumb Code  1420  pdo.o(.text)
    _sendPDOevent                            0x080050d9   Thumb Code   642  pdo.o(.text)
    sendPDOevent                             0x0800535b   Thumb Code    14  pdo.o(.text)
    _RxPDO_EventTimers_Handler               0x08005369   Thumb Code     2  pdo.o(.text)
    TPDO_Communication_Parameter_Callback    0x0800536b   Thumb Code   148  pdo.o(.text)
    PDOInit                                  0x080053ff   Thumb Code   262  pdo.o(.text)
    PDOStop                                  0x08005505   Thumb Code   120  pdo.o(.text)
    PDOEnable                                0x0800557d   Thumb Code    48  pdo.o(.text)
    PDODisable                               0x080055ad   Thumb Code    48  pdo.o(.text)
    initSDOline                              0x080055dd   Thumb Code   510  sdo.o(.text)
    resetSDOline                             0x080057db   Thumb Code   118  sdo.o(.text)
    sendSDO                                  0x08005851   Thumb Code   316  sdo.o(.text)
    sendSDOabort                             0x0800598d   Thumb Code   458  sdo.o(.text)
    SDOTimeoutAlarm                          0x08005b57   Thumb Code   432  sdo.o(.text)
    resetSDO                                 0x08005d07   Thumb Code    26  sdo.o(.text)
    SDOlineToObjdict                         0x08005d21   Thumb Code   220  sdo.o(.text)
    objdictToSDOline                         0x08005dfd   Thumb Code   226  sdo.o(.text)
    lineToSDO                                0x08005edf   Thumb Code   490  sdo.o(.text)
    SDOtoLine                                0x080060c9   Thumb Code   172  sdo.o(.text)
    getSDOlineOnUse                          0x08006175   Thumb Code   114  sdo.o(.text)
    failedSDO                                0x080061e7   Thumb Code   336  sdo.o(.text)
    getSDOfreeLine                           0x08006337   Thumb Code    98  sdo.o(.text)
    getSDOlineToClose                        0x08006399   Thumb Code    92  sdo.o(.text)
    GetSDOClientFromNodeId                   0x080063f5   Thumb Code   444  sdo.o(.text)
    closeSDOtransfer                         0x080065b1   Thumb Code    92  sdo.o(.text)
    getSDOlineRestBytes                      0x0800660d   Thumb Code    74  sdo.o(.text)
    setSDOlineRestBytes                      0x08006657   Thumb Code    66  sdo.o(.text)
    proceedSDO                               0x08006699   Thumb Code 18276  sdo.o(.text)
    resetClientSDOLineFromNodeId             0x0800adfd   Thumb Code    52  sdo.o(.text)
    _writeNetworkDict                        0x0800ae31   Thumb Code   720  sdo.o(.text)
    writeNetworkDict                         0x0800b101   Thumb Code    54  sdo.o(.text)
    writeNetworkDictCallBack                 0x0800b137   Thumb Code   418  sdo.o(.text)
    writeNetworkDictCallBackAI               0x0800b2d9   Thumb Code   252  sdo.o(.text)
    _readNetworkDict                         0x0800b3d5   Thumb Code   496  sdo.o(.text)
    readNetworkDict                          0x0800b5c5   Thumb Code    42  sdo.o(.text)
    readNetworkDictCallback                  0x0800b5ef   Thumb Code    40  sdo.o(.text)
    readNetworkDictCallbackAI                0x0800b617   Thumb Code   448  sdo.o(.text)
    getReadResultNetworkDict                 0x0800b7d7   Thumb Code   412  sdo.o(.text)
    getWriteResultNetworkDict                0x0800b973   Thumb Code   170  sdo.o(.text)
    getState                                 0x0800ba5d   Thumb Code     8  states.o(.text)
    canDispatch                              0x0800ba65   Thumb Code   154  states.o(.text)
    switchCommunicationState                 0x0800baff   Thumb Code   572  states.o(.text)
    setState                                 0x0800bd3b   Thumb Code   200  states.o(.text)
    getNodeId                                0x0800be03   Thumb Code     8  states.o(.text)
    setNodeId                                0x0800be0b   Thumb Code   698  states.o(.text)
    _initialisation                          0x0800c0c5   Thumb Code     2  states.o(.text)
    _preOperational                          0x0800c0c7   Thumb Code    22  states.o(.text)
    _operational                             0x0800c0dd   Thumb Code     2  states.o(.text)
    _stopped                                 0x0800c0df   Thumb Code     2  states.o(.text)
    proceedSYNC                              0x0800c0e5   Thumb Code    66  sync.o(.text)
    sendSYNCMessage                          0x0800c127   Thumb Code    64  sync.o(.text)
    sendSYNC                                 0x0800c167   Thumb Code    22  sync.o(.text)
    SyncAlarm                                0x0800c17d   Thumb Code    14  sync.o(.text)
    stopSYNC                                 0x0800c18b   Thumb Code    46  sync.o(.text)
    startSYNC                                0x0800c1b9   Thumb Code   110  sync.o(.text)
    OnCOB_ID_SyncUpdate                      0x0800c227   Thumb Code    18  sync.o(.text)
    _post_sync                               0x0800c239   Thumb Code     2  sync.o(.text)
    _post_TPDO                               0x0800c23b   Thumb Code     2  sync.o(.text)
    SetAlarm                                 0x0800c299   Thumb Code   170  timer.o(.text)
    DelAlarm                                 0x0800c343   Thumb Code    68  timer.o(.text)
    TimeDispatch                             0x0800c387   Thumb Code   178  timer.o(.text)
    Master_valueRangeTest                    0x0800c489   Thumb Code    22  master.o(.text)
    Master_scanIndexOD                       0x0800c49f   Thumb Code    88  master.o(.text)
    TIM2_Init                                0x0800c505   Thumb Code   104  timer2.o(.text)
    setTimer                                 0x0800c56d   Thumb Code    64  timer2.o(.text)
    getElapsedTime                           0x0800c5ad   Thumb Code    42  timer2.o(.text)
    TIM2_IRQHandler                          0x0800c5d7   Thumb Code    40  timer2.o(.text)
    CAN1_Init                                0x0800c609   Thumb Code   274  dual_can.o(.text)
    CAN2_Init                                0x0800c71b   Thumb Code   288  dual_can.o(.text)
    canSend                                  0x0800c83b   Thumb Code    96  dual_can.o(.text)
    canChangeBaudRate_driver                 0x0800c89b   Thumb Code     6  dual_can.o(.text)
    CAN1_RX0_IRQHandler                      0x0800c8a1   Thumb Code   182  dual_can.o(.text)
    CAN2_RX0_IRQHandler                      0x0800c957   Thumb Code   226  dual_can.o(.text)
    __use_no_semihosting                     0x0800ca39   Thumb Code     2  use_no_semi_2.o(.text)
    __2printf                                0x0800ca3d   Thumb Code    20  noretval__2printf.o(.text)
    __printf                                 0x0800ca55   Thumb Code   104  __printf.o(.text)
    _printf_str                              0x0800cabd   Thumb Code    82  _printf_str.o(.text)
    _printf_int_dec                          0x0800cb11   Thumb Code   104  _printf_dec.o(.text)
    _printf_int_hex                          0x0800cb89   Thumb Code    84  _printf_hex_int.o(.text)
    _printf_longlong_hex                     0x0800cb89   Thumb Code     0  _printf_hex_int.o(.text)
    memcmp                                   0x0800cbe1   Thumb Code    88  memcmp.o(.text)
    __aeabi_memcpy                           0x0800cc39   Thumb Code     0  rt_memcpy_v6.o(.text)
    __rt_memcpy                              0x0800cc39   Thumb Code   138  rt_memcpy_v6.o(.text)
    _memcpy_lastbytes                        0x0800cc9f   Thumb Code     0  rt_memcpy_v6.o(.text)
    __aeabi_memclr4                          0x0800ccc3   Thumb Code     0  rt_memclr_w.o(.text)
    __aeabi_memclr8                          0x0800ccc3   Thumb Code     0  rt_memclr_w.o(.text)
    __rt_memclr_w                            0x0800ccc3   Thumb Code    78  rt_memclr_w.o(.text)
    _memset_w                                0x0800ccc7   Thumb Code     0  rt_memclr_w.o(.text)
    __use_two_region_memory                  0x0800cd11   Thumb Code     2  heapauxi.o(.text)
    __rt_heap_escrow$2region                 0x0800cd13   Thumb Code     2  heapauxi.o(.text)
    __rt_heap_expand$2region                 0x0800cd15   Thumb Code     2  heapauxi.o(.text)
    __I$use$semihosting                      0x0800cd17   Thumb Code     0  use_no_semi.o(.text)
    __use_no_semihosting_swi                 0x0800cd17   Thumb Code     2  use_no_semi.o(.text)
    _printf_int_common                       0x0800cd19   Thumb Code   178  _printf_intcommon.o(.text)
    _printf_cs_common                        0x0800cdcb   Thumb Code    20  _printf_char.o(.text)
    _printf_char                             0x0800cddf   Thumb Code    16  _printf_char.o(.text)
    _printf_string                           0x0800cdef   Thumb Code     8  _printf_char.o(.text)
    _printf_char_file                        0x0800cdf9   Thumb Code    32  _printf_char_file.o(.text)
    __aeabi_memcpy4                          0x0800ce1d   Thumb Code     0  rt_memcpy_w.o(.text)
    __aeabi_memcpy8                          0x0800ce1d   Thumb Code     0  rt_memcpy_w.o(.text)
    __rt_memcpy_w                            0x0800ce1d   Thumb Code   100  rt_memcpy_w.o(.text)
    _memcpy_lastbytes_aligned                0x0800ce65   Thumb Code     0  rt_memcpy_w.o(.text)
    _printf_char_common                      0x0800ce8b   Thumb Code    32  _printf_char_common.o(.text)
    ferror                                   0x0800ceb1   Thumb Code     8  ferror.o(.text)
    __user_setup_stackheap                   0x0800ceb9   Thumb Code    74  sys_stackheap_outer.o(.text)
    exit                                     0x0800cf03   Thumb Code    18  exit.o(.text)
    __user_libspace                          0x0800cf15   Thumb Code     8  libspace.o(.text)
    __user_perproc_libspace                  0x0800cf15   Thumb Code     0  libspace.o(.text)
    __user_perthread_libspace                0x0800cf15   Thumb Code     0  libspace.o(.text)
    _fp_init                                 0x0800cf1d   Thumb Code    10  fpinit.o(x$fpl$fpinit)
    __fplib_config_fpu_vfp                   0x0800cf25   Thumb Code     0  fpinit.o(x$fpl$fpinit)
    __fplib_config_pureend_doubles           0x0800cf25   Thumb Code     0  fpinit.o(x$fpl$fpinit)
    Master_iam_a_slave                       0x0800cf68   Data           1  master.o(.constdata)
    Master_objdict                           0x0800cf6c   Data          40  master.o(.constdata)
    Master_firstIndex                        0x0800cf94   Data          12  master.o(.constdata)
    Master_lastIndex                         0x0800cfa0   Data          12  master.o(.constdata)
    Master_ObjdictSize                       0x0800cfac   Data           2  master.o(.constdata)
    Region$$Table$$Base                      0x0800d794   Number         0  anon$$obj.o(Region$$Table)
    Region$$Table$$Limit                     0x0800d7b4   Number         0  anon$$obj.o(Region$$Table)
    pressf                                   0x20000000   Data           4  main.o(.data)
    __stdout                                 0x2000000c   Data           4  usart.o(.data)
    total_sleep_time                         0x20000020   Data           4  timer.o(.data)
    last_timer_raw                           0x20000024   Data           2  timer.o(.data)
    tdcount                                  0x20000028   Data           4  timer.o(.data)
    Master_bDeviceNodeId                     0x2000002c   Data           1  master.o(.data)
    Master_heartBeatTimers                   0x2000002e   Data           2  master.o(.data)
    Master_obj1000                           0x20000030   Data           4  master.o(.data)
    Master_Index1000                         0x20000034   Data          16  master.o(.data)
    Master_obj1001                           0x20000044   Data           1  master.o(.data)
    Master_Index1001                         0x20000048   Data          16  master.o(.data)
    Master_highestSubIndex_obj1003           0x20000058   Data           1  master.o(.data)
    Master_obj1003                           0x2000005c   Data           4  master.o(.data)
    Master_Index1003                         0x20000060   Data          32  master.o(.data)
    Master_obj1005                           0x20000080   Data           4  master.o(.data)
    Master_obj1006                           0x20000084   Data           4  master.o(.data)
    Master_obj100C                           0x20000088   Data           2  master.o(.data)
    Master_obj100D                           0x2000008a   Data           1  master.o(.data)
    Master_obj1014                           0x2000008c   Data           4  master.o(.data)
    Master_highestSubIndex_obj1016           0x20000090   Data           1  master.o(.data)
    Master_obj1016                           0x20000094   Data           4  master.o(.data)
    Master_obj1017                           0x20000098   Data           2  master.o(.data)
    Master_Index1017                         0x2000009c   Data          16  master.o(.data)
    Master_highestSubIndex_obj1018           0x200000ac   Data           1  master.o(.data)
    Master_obj1018_Vendor_ID                 0x200000b0   Data           4  master.o(.data)
    Master_obj1018_Product_Code              0x200000b4   Data           4  master.o(.data)
    Master_obj1018_Revision_Number           0x200000b8   Data           4  master.o(.data)
    Master_obj1018_Serial_Number             0x200000bc   Data           4  master.o(.data)
    Master_Index1018                         0x200000c0   Data          80  master.o(.data)
    Master_highestSubIndex_obj1280           0x20000110   Data           1  master.o(.data)
    Master_obj1280_COB_ID_Client_to_Server_Transmit_SDO 0x20000114   Data           4  master.o(.data)
    Master_obj1280_COB_ID_Server_to_Client_Receive_SDO 0x20000118   Data           4  master.o(.data)
    Master_obj1280_Node_ID_of_the_SDO_Server 0x2000011c   Data           1  master.o(.data)
    Master_Index1280                         0x20000120   Data          64  master.o(.data)
    Master_PDO_status                        0x20000160   Data          18  master.o(.data)
    Master_Data                              0x20000174   Data         576  master.o(.data)
    last_counter_val                         0x200003b4   Data           4  timer2.o(.data)
    elapsed_time                             0x200003b8   Data           4  timer2.o(.data)
    timers                                   0x200003c4   Data         192  timer.o(.bss)
    __libspace_start                         0x20000484   Data          96  libspace.o(.bss)
    __temporary_stack_top$libspace           0x200004e4   Data           0  libspace.o(.bss)



==============================================================================

Memory Map of the image

  Image Entry point : 0x08000189

  Load Region LR_IROM1 (Base: 0x08000000, Size: 0x0000db78, Max: 0x00100000, ABSOLUTE, COMPRESSED[0x0000d8b4])

    Execution Region ER_IROM1 (Base: 0x08000000, Size: 0x0000d7b4, Max: 0x00100000, ABSOLUTE)

    Base Addr    Size         Type   Attr      Idx    E Section Name        Object

    0x08000000   0x00000188   Data   RO          430    RESET               startup_stm32f407xx.o
    0x08000188   0x00000008   Code   RO         1092  * !!!main             c_w.l(__main.o)
    0x08000190   0x00000034   Code   RO         1266    !!!scatter          c_w.l(__scatter.o)
    0x080001c4   0x0000005a   Code   RO         1264    !!dczerorl2         c_w.l(__dczerorl2.o)
    0x0800021e   0x00000002   PAD
    0x08000220   0x0000001c   Code   RO         1268    !!handler_zi        c_w.l(__scatter_zi.o)
    0x0800023c   0x00000000   Code   RO         1083    .ARM.Collect$$_printf_percent$$00000000  c_w.l(_printf_percent.o)
    0x0800023c   0x00000006   Code   RO         1082    .ARM.Collect$$_printf_percent$$00000009  c_w.l(_printf_d.o)
    0x08000242   0x00000006   Code   RO         1081    .ARM.Collect$$_printf_percent$$0000000C  c_w.l(_printf_x.o)
    0x08000248   0x00000006   Code   RO         1080    .ARM.Collect$$_printf_percent$$00000014  c_w.l(_printf_s.o)
    0x0800024e   0x00000004   Code   RO         1103    .ARM.Collect$$_printf_percent$$00000017  c_w.l(_printf_percent_end.o)
    0x08000252   0x00000002   Code   RO         1138    .ARM.Collect$$libinit$$00000000  c_w.l(libinit.o)
    0x08000254   0x00000004   Code   RO         1144    .ARM.Collect$$libinit$$00000001  c_w.l(libinit2.o)
    0x08000258   0x00000000   Code   RO         1147    .ARM.Collect$$libinit$$00000004  c_w.l(libinit2.o)
    0x08000258   0x00000000   Code   RO         1150    .ARM.Collect$$libinit$$0000000A  c_w.l(libinit2.o)
    0x08000258   0x00000000   Code   RO         1152    .ARM.Collect$$libinit$$0000000C  c_w.l(libinit2.o)
    0x08000258   0x00000000   Code   RO         1154    .ARM.Collect$$libinit$$0000000E  c_w.l(libinit2.o)
    0x08000258   0x00000000   Code   RO         1157    .ARM.Collect$$libinit$$00000011  c_w.l(libinit2.o)
    0x08000258   0x00000000   Code   RO         1159    .ARM.Collect$$libinit$$00000013  c_w.l(libinit2.o)
    0x08000258   0x00000000   Code   RO         1161    .ARM.Collect$$libinit$$00000015  c_w.l(libinit2.o)
    0x08000258   0x00000000   Code   RO         1163    .ARM.Collect$$libinit$$00000017  c_w.l(libinit2.o)
    0x08000258   0x00000000   Code   RO         1165    .ARM.Collect$$libinit$$00000019  c_w.l(libinit2.o)
    0x08000258   0x00000000   Code   RO         1167    .ARM.Collect$$libinit$$0000001B  c_w.l(libinit2.o)
    0x08000258   0x00000000   Code   RO         1169    .ARM.Collect$$libinit$$0000001D  c_w.l(libinit2.o)
    0x08000258   0x00000000   Code   RO         1171    .ARM.Collect$$libinit$$0000001F  c_w.l(libinit2.o)
    0x08000258   0x00000000   Code   RO         1173    .ARM.Collect$$libinit$$00000021  c_w.l(libinit2.o)
    0x08000258   0x00000000   Code   RO         1175    .ARM.Collect$$libinit$$00000023  c_w.l(libinit2.o)
    0x08000258   0x00000000   Code   RO         1177    .ARM.Collect$$libinit$$00000025  c_w.l(libinit2.o)
    0x08000258   0x00000000   Code   RO         1181    .ARM.Collect$$libinit$$0000002C  c_w.l(libinit2.o)
    0x08000258   0x00000000   Code   RO         1183    .ARM.Collect$$libinit$$0000002E  c_w.l(libinit2.o)
    0x08000258   0x00000000   Code   RO         1185    .ARM.Collect$$libinit$$00000030  c_w.l(libinit2.o)
    0x08000258   0x00000000   Code   RO         1187    .ARM.Collect$$libinit$$00000032  c_w.l(libinit2.o)
    0x08000258   0x00000002   Code   RO         1188    .ARM.Collect$$libinit$$00000033  c_w.l(libinit2.o)
    0x0800025a   0x00000002   Code   RO         1206    .ARM.Collect$$libshutdown$$00000000  c_w.l(libshutdown.o)
    0x0800025c   0x00000000   Code   RO         1216    .ARM.Collect$$libshutdown$$00000002  c_w.l(libshutdown2.o)
    0x0800025c   0x00000000   Code   RO         1218    .ARM.Collect$$libshutdown$$00000004  c_w.l(libshutdown2.o)
    0x0800025c   0x00000000   Code   RO         1221    .ARM.Collect$$libshutdown$$00000007  c_w.l(libshutdown2.o)
    0x0800025c   0x00000000   Code   RO         1224    .ARM.Collect$$libshutdown$$0000000A  c_w.l(libshutdown2.o)
    0x0800025c   0x00000000   Code   RO         1226    .ARM.Collect$$libshutdown$$0000000C  c_w.l(libshutdown2.o)
    0x0800025c   0x00000000   Code   RO         1229    .ARM.Collect$$libshutdown$$0000000F  c_w.l(libshutdown2.o)
    0x0800025c   0x00000002   Code   RO         1230    .ARM.Collect$$libshutdown$$00000010  c_w.l(libshutdown2.o)
    0x0800025e   0x00000000   Code   RO         1096    .ARM.Collect$$rtentry$$00000000  c_w.l(__rtentry.o)
    0x0800025e   0x00000000   Code   RO         1107    .ARM.Collect$$rtentry$$00000002  c_w.l(__rtentry2.o)
    0x0800025e   0x00000006   Code   RO         1119    .ARM.Collect$$rtentry$$00000004  c_w.l(__rtentry4.o)
    0x08000264   0x00000000   Code   RO         1109    .ARM.Collect$$rtentry$$00000009  c_w.l(__rtentry2.o)
    0x08000264   0x00000004   Code   RO         1110    .ARM.Collect$$rtentry$$0000000A  c_w.l(__rtentry2.o)
    0x08000268   0x00000000   Code   RO         1112    .ARM.Collect$$rtentry$$0000000C  c_w.l(__rtentry2.o)
    0x08000268   0x00000008   Code   RO         1113    .ARM.Collect$$rtentry$$0000000D  c_w.l(__rtentry2.o)
    0x08000270   0x00000002   Code   RO         1142    .ARM.Collect$$rtexit$$00000000  c_w.l(rtexit.o)
    0x08000272   0x00000000   Code   RO         1190    .ARM.Collect$$rtexit$$00000002  c_w.l(rtexit2.o)
    0x08000272   0x00000004   Code   RO         1191    .ARM.Collect$$rtexit$$00000003  c_w.l(rtexit2.o)
    0x08000276   0x00000006   Code   RO         1192    .ARM.Collect$$rtexit$$00000004  c_w.l(rtexit2.o)
    0x0800027c   0x00000138   Code   RO            3    .text               main.o
    0x080003b4   0x0000001a   Code   RO          236    .text               stm32f4xx_it.o
    0x080003ce   0x00000002   PAD
    0x080003d0   0x00000058   Code   RO          311    .text               led.o
    0x08000428   0x00000150   Code   RO          331    .text               key.o
    0x08000578   0x00000104   Code   RO          355    .text               delay.o
    0x0800067c   0x000000e4   Code   RO          377    .text               usart.o
    0x08000760   0x00000564   Code   RO          407    .text               sys_1.o
    0x08000cc4   0x00000044   Code   RO          431    .text               startup_stm32f407xx.o
    0x08000d08   0x000000e0   Code   RO          437    .text               misc.o
    0x08000de8   0x00000294   Code   RO          457    .text               stm32f4xx_gpio.o
    0x0800107c   0x0000065c   Code   RO          500    .text               stm32f4xx_rcc.o
    0x080016d8   0x00000454   Code   RO          542    .text               stm32f4xx_usart.o
    0x08001b2c   0x000009f0   Code   RO          562    .text               stm32f4xx_can.o
    0x0800251c   0x00000ca2   Code   RO          622    .text               stm32f4xx_tim.o
    0x080031be   0x00000002   PAD
    0x080031c0   0x000003ec   Code   RO          680    .text               emcy.o
    0x080035ac   0x000005c8   Code   RO          700    .text               lifegrd.o
    0x08003b74   0x00000138   Code   RO          737    .text               nmtmaster.o
    0x08003cac   0x000001a4   Code   RO          757    .text               nmtslave.o
    0x08003e50   0x00000588   Code   RO          775    .text               objacces.o
    0x080043d8   0x00001204   Code   RO          789    .text               pdo.o
    0x080055dc   0x00006480   Code   RO          810    .text               sdo.o
    0x0800ba5c   0x00000688   Code   RO          839    .text               states.o
    0x0800c0e4   0x000001b4   Code   RO          854    .text               sync.o
    0x0800c298   0x000001f0   Code   RO          872    .text               timer.o
    0x0800c488   0x0000007c   Code   RO          921    .text               master.o
    0x0800c504   0x00000104   Code   RO          942    .text               timer2.o
    0x0800c608   0x00000430   Code   RO          965    .text               dual_can.o
    0x0800ca38   0x00000002   Code   RO         1027    .text               c_w.l(use_no_semi_2.o)
    0x0800ca3a   0x00000002   PAD
    0x0800ca3c   0x00000018   Code   RO         1031    .text               c_w.l(noretval__2printf.o)
    0x0800ca54   0x00000068   Code   RO         1033    .text               c_w.l(__printf.o)
    0x0800cabc   0x00000052   Code   RO         1035    .text               c_w.l(_printf_str.o)
    0x0800cb0e   0x00000002   PAD
    0x0800cb10   0x00000078   Code   RO         1037    .text               c_w.l(_printf_dec.o)
    0x0800cb88   0x00000058   Code   RO         1042    .text               c_w.l(_printf_hex_int.o)
    0x0800cbe0   0x00000058   Code   RO         1084    .text               c_w.l(memcmp.o)
    0x0800cc38   0x0000008a   Code   RO         1086    .text               c_w.l(rt_memcpy_v6.o)
    0x0800ccc2   0x0000004e   Code   RO         1088    .text               c_w.l(rt_memclr_w.o)
    0x0800cd10   0x00000006   Code   RO         1090    .text               c_w.l(heapauxi.o)
    0x0800cd16   0x00000002   Code   RO         1094    .text               c_w.l(use_no_semi.o)
    0x0800cd18   0x000000b2   Code   RO         1097    .text               c_w.l(_printf_intcommon.o)
    0x0800cdca   0x0000002c   Code   RO         1099    .text               c_w.l(_printf_char.o)
    0x0800cdf6   0x00000002   PAD
    0x0800cdf8   0x00000024   Code   RO         1101    .text               c_w.l(_printf_char_file.o)
    0x0800ce1c   0x00000064   Code   RO         1104    .text               c_w.l(rt_memcpy_w.o)
    0x0800ce80   0x00000030   Code   RO         1121    .text               c_w.l(_printf_char_common.o)
    0x0800ceb0   0x00000008   Code   RO         1123    .text               c_w.l(ferror.o)
    0x0800ceb8   0x0000004a   Code   RO         1127    .text               c_w.l(sys_stackheap_outer.o)
    0x0800cf02   0x00000012   Code   RO         1131    .text               c_w.l(exit.o)
    0x0800cf14   0x00000008   Code   RO         1139    .text               c_w.l(libspace.o)
    0x0800cf1c   0x0000000a   Code   RO         1198    x$fpl$fpinit        fz_wm.l(fpinit.o)
    0x0800cf26   0x00000002   PAD
    0x0800cf28   0x00000040   Data   RO          840    .constdata          states.o
    0x0800cf68   0x00000046   Data   RO          922    .constdata          master.o
    0x0800cfae   0x00000002   PAD
    0x0800cfb0   0x00000008   Data   RO          966    .constdata          dual_can.o
    0x0800cfb8   0x00000028   Data   RO         1043    .constdata          c_w.l(_printf_hex_int.o)
    0x0800cfe0   0x00000044   Data   RO          790    .conststring        pdo.o
    0x0800d024   0x0000076e   Data   RO          811    .conststring        sdo.o
    0x0800d792   0x00000002   PAD
    0x0800d794   0x00000020   Data   RO         1262    Region$$Table       anon$$obj.o


    Execution Region RW_IRAM1 (Base: 0x20000000, Size: 0x000008e8, Max: 0x00020000, ABSOLUTE, COMPRESSED[0x00000100])

    Base Addr    Size         Type   Attr      Idx    E Section Name        Object

    0x20000000   0x00000004   Data   RW            4    .data               main.o
    0x20000004   0x00000001   Data   RW          332    .data               key.o
    0x20000005   0x00000001   PAD
    0x20000006   0x00000004   Data   RW          356    .data               delay.o
    0x2000000a   0x00000002   PAD
    0x2000000c   0x00000004   Data   RW          378    .data               usart.o
    0x20000010   0x00000010   Data   RW          501    .data               stm32f4xx_rcc.o
    0x20000020   0x0000000c   Data   RW          874    .data               timer.o
    0x2000002c   0x00000388   Data   RW          923    .data               master.o
    0x200003b4   0x00000008   Data   RW          943    .data               timer2.o
    0x200003bc   0x00000008   Data   RW          967    .data               dual_can.o
    0x200003c4   0x000000c0   Zero   RW          873    .bss                timer.o
    0x20000484   0x00000060   Zero   RW         1140    .bss                c_w.l(libspace.o)
    0x200004e4   0x00000004   PAD
    0x200004e8   0x00000000   Zero   RW          429    HEAP                startup_stm32f407xx.o
    0x200004e8   0x00000400   Zero   RW          428    STACK               startup_stm32f407xx.o


==============================================================================

Image component sizes


      Code (inc. data)   RO Data    RW Data    ZI Data      Debug   Object Name

       260          8          0          4          0       1501   delay.o
      1072         36          8          8          0       3711   dual_can.o
      1004        192          0          0          0       3815   emcy.o
       336         18          0          1          0        852   key.o
        88         12          0          0          0        547   led.o
      1480        292          0          0          0       5459   lifegrd.o
       312         30          0          4          0     302648   main.o
       124         14         70        904          0       4056   master.o
       224         20          0          0          0       1841   misc.o
       312        112          0          0          0       1433   nmtmaster.o
       420        102          0          0          0       1128   nmtslave.o
      1416        456          0          0          0       3604   objacces.o
      4612        964         68          0          0       8915   pdo.o
     25728       4664       1902          0          0      23407   sdo.o
        68         24        392          0       1024        848   startup_stm32f407xx.o
      1672        260         64          0          0       4323   states.o
      2544         38          0          0          0       8168   stm32f4xx_can.o
       660         44          0          0          0       4181   stm32f4xx_gpio.o
        26          0          0          0          0       1234   stm32f4xx_it.o
      1628         52          0         16          0      13068   stm32f4xx_rcc.o
      3234         60          0          0          0      23036   stm32f4xx_tim.o
      1108         34          0          0          0       7904   stm32f4xx_usart.o
       436         92          0          0          0       2326   sync.o
      1380         40          0          0          0       6438   sys_1.o
       496         80          0         12        192      13162   timer.o
       260         10          0          8          0       1472   timer2.o
       228          8          0          4          0       3182   usart.o

    ----------------------------------------------------------------------
     51132       7662       2540        964       1216     452259   Object Totals
         0          0         32          0          0          0   (incl. Generated)
         4          0          4          3          0          0   (incl. Padding)

    ----------------------------------------------------------------------

      Code (inc. data)   RO Data    RW Data    ZI Data      Debug   Library Member Name

        90          0          0          0          0          0   __dczerorl2.o
         8          0          0          0          0         68   __main.o
       104          0          0          0          0         84   __printf.o
         0          0          0          0          0          0   __rtentry.o
        12          0          0          0          0          0   __rtentry2.o
         6          0          0          0          0          0   __rtentry4.o
        52          8          0          0          0          0   __scatter.o
        28          0          0          0          0          0   __scatter_zi.o
        44          0          0          0          0        108   _printf_char.o
        48          6          0          0          0         96   _printf_char_common.o
        36          4          0          0          0         80   _printf_char_file.o
         6          0          0          0          0          0   _printf_d.o
       120         16          0          0          0         92   _printf_dec.o
        88          4         40          0          0         88   _printf_hex_int.o
       178          0          0          0          0         88   _printf_intcommon.o
         0          0          0          0          0          0   _printf_percent.o
         4          0          0          0          0          0   _printf_percent_end.o
         6          0          0          0          0          0   _printf_s.o
        82          0          0          0          0         80   _printf_str.o
         6          0          0          0          0          0   _printf_x.o
        18          0          0          0          0         80   exit.o
         8          0          0          0          0         68   ferror.o
         6          0          0          0          0        152   heapauxi.o
         2          0          0          0          0          0   libinit.o
         6          0          0          0          0          0   libinit2.o
         2          0          0          0          0          0   libshutdown.o
         2          0          0          0          0          0   libshutdown2.o
         8          4          0          0         96         68   libspace.o
        88          0          0          0          0         76   memcmp.o
        24          4          0          0          0         84   noretval__2printf.o
        78          0          0          0          0         80   rt_memclr_w.o
       138          0          0          0          0         68   rt_memcpy_v6.o
       100          0          0          0          0         80   rt_memcpy_w.o
         2          0          0          0          0          0   rtexit.o
        10          0          0          0          0          0   rtexit2.o
        74          0          0          0          0         80   sys_stackheap_outer.o
         2          0          0          0          0         68   use_no_semi.o
         2          0          0          0          0         68   use_no_semi_2.o
        10          0          0          0          0        116   fpinit.o

    ----------------------------------------------------------------------
      1508         46         40          0        100       1872   Library Totals
        10          0          0          0          4          0   (incl. Padding)

    ----------------------------------------------------------------------

      Code (inc. data)   RO Data    RW Data    ZI Data      Debug   Library Name

      1488         46         40          0         96       1756   c_w.l
        10          0          0          0          0        116   fz_wm.l

    ----------------------------------------------------------------------
      1508         46         40          0        100       1872   Library Totals

    ----------------------------------------------------------------------

==============================================================================


      Code (inc. data)   RO Data    RW Data    ZI Data      Debug   

     52640       7708       2580        964       1316     447447   Grand Totals
     52640       7708       2580        256       1316     447447   ELF Image Totals (compressed)
     52640       7708       2580        256          0          0   ROM Totals

==============================================================================

    Total RO  Size (Code + RO Data)                55220 (  53.93kB)
    Total RW  Size (RW Data + ZI Data)              2280 (   2.23kB)
    Total ROM Size (Code + RO Data + RW Data)      55476 (  54.18kB)

==============================================================================

