Component: ARM Compiler 5.06 update 1 (build 61) Tool: armlink [4d35a8]

==============================================================================

Section Cross References

    main.o(i.main) refers to boardhal.o(i.boardHAL_init) for boardHAL_init
    main.o(i.main) refers to chiphal_gpio.o(i.TestGpio_USART_Init) for TestGpio_USART_Init
    main.o(i.main) refers to chiphal_tim.o(i.SoftTimerInit) for SoftTimerInit
    main.o(i.main) refers to chiphal_delay.o(i.delay_ms) for delay_ms
    main.o(i.main) refers to canopeninit.o(i.CanopenInit) for CanopenInit
    main.o(i.main) refers to servo_control.o(i.GetServoPowerSupply) for GetServoPowerSupply
    main.o(i.main) refers to jointcontrol.o(i.JointControlParaInit) for JointControlParaInit
    main.o(i.main) refers to jointcontrol.o(i.JointControlProcess) for JointControlProcess
    main.o(i.main) refers to servo_control.o(i.PDOSendJointAngle) for PDOSendJointAngle
    main.o(i.main) refers to chiphal_tim.o(.bss) for SoftTimer
    main.o(i.main) refers to servo_control.o(.bss) for EposCtrl
    main.o(i.main) refers to jointcontrol.o(.bss) for JointCtrl
    stm32f4xx_it.o(i.TIM3_IRQHandler) refers to stm32f4xx_tim.o(i.TIM_GetITStatus) for TIM_GetITStatus
    stm32f4xx_it.o(i.TIM3_IRQHandler) refers to stm32f4xx_tim.o(i.TIM_ClearITPendingBit) for TIM_ClearITPendingBit
    stm32f4xx_it.o(i.TIM7_IRQHandler) refers to stm32f4xx_tim.o(i.TIM_GetITStatus) for TIM_GetITStatus
    stm32f4xx_it.o(i.TIM7_IRQHandler) refers to motionpathprocess.o(i.MotionPathRecorder) for MotionPathRecorder
    stm32f4xx_it.o(i.TIM7_IRQHandler) refers to motionpathprocess.o(i.MotionPathRestore) for MotionPathRestore
    stm32f4xx_it.o(i.TIM7_IRQHandler) refers to can_data_send.o(i.syncSend) for syncSend
    stm32f4xx_it.o(i.TIM7_IRQHandler) refers to can_data_send.o(i.cspTargetPositionSend) for cspTargetPositionSend
    stm32f4xx_it.o(i.TIM7_IRQHandler) refers to jointcontrol.o(i.LEDTwinkleProcess) for LEDTwinkleProcess
    stm32f4xx_it.o(i.TIM7_IRQHandler) refers to stm32f4xx_tim.o(i.TIM_ClearITPendingBit) for TIM_ClearITPendingBit
    stm32f4xx_it.o(i.TIM7_IRQHandler) refers to chiphal_tim.o(.bss) for SoftTimer
    stm32f4xx_it.o(i.TIM7_IRQHandler) refers to jointcontrol.o(.bss) for JointCtrl
    stm32f4xx_it.o(i.TIM7_IRQHandler) refers to stm32f4xx_it.o(.data) for LEDLevel
    stm32f4xx_it.o(i.TIM7_IRQHandler) refers to servo_control.o(.bss) for Sdo_R_Para
    threeaxisforcetransform.o(i.GetForceInHorAndVer) refers to dflt_clz.o(x$fpl$dflt) for __aeabi_i2d
    threeaxisforcetransform.o(i.GetForceInHorAndVer) refers to ddiv.o(x$fpl$ddiv) for __aeabi_ddiv
    threeaxisforcetransform.o(i.GetForceInHorAndVer) refers to atan.o(i.__hardfp_atan) for __hardfp_atan
    threeaxisforcetransform.o(i.GetForceInHorAndVer) refers to dmul.o(x$fpl$dmul) for __aeabi_dmul
    threeaxisforcetransform.o(i.GetForceInHorAndVer) refers to threeaxisforcetransform.o(i.getForceQuad) for getForceQuad
    threeaxisforcetransform.o(i.GetForceInHorAndVer) refers to daddsub_clz.o(x$fpl$dadd) for __aeabi_dadd
    threeaxisforcetransform.o(i.GetForceInHorAndVer) refers to dleqf.o(x$fpl$dleqf) for __aeabi_cdcmple
    threeaxisforcetransform.o(i.GetForceInHorAndVer) refers to sqrt.o(i.__hardfp_sqrt) for __hardfp_sqrt
    threeaxisforcetransform.o(i.GetForceInHorAndVer) refers to cos.o(i.__hardfp_cos) for __hardfp_cos
    threeaxisforcetransform.o(i.GetForceInHorAndVer) refers to dfix.o(x$fpl$dfix) for __aeabi_d2iz
    threeaxisforcetransform.o(i.GetForceInHorAndVer) refers to sin.o(i.__hardfp_sin) for __hardfp_sin
    threeaxisforcetransform.o(i.GetForceSensorPitchAngle) refers to deqf.o(x$fpl$deqf) for __aeabi_cdcmpeq
    threeaxisforcetransform.o(i.GetForceSensorPitchAngle) refers to dmul.o(x$fpl$dmul) for __aeabi_dmul
    threeaxisforcetransform.o(i.GetForceSensorPitchAngle) refers to ddiv.o(x$fpl$ddiv) for __aeabi_ddiv
    threeaxisforcetransform.o(i.GetForceSensorPitchAngle) refers to sin.o(i.__hardfp_sin) for __hardfp_sin
    threeaxisforcetransform.o(i.GetForceSensorPitchAngle) refers to tan.o(i.__hardfp_tan) for __hardfp_tan
    threeaxisforcetransform.o(i.GetForceSensorPitchAngle) refers to atan.o(i.__hardfp_atan) for __hardfp_atan
    threeaxisforcetransform.o(i.ThreeAxisForceTrans) refers to dflt_clz.o(x$fpl$dflt) for __aeabi_i2d
    threeaxisforcetransform.o(i.ThreeAxisForceTrans) refers to dmul.o(x$fpl$dmul) for __aeabi_dmul
    threeaxisforcetransform.o(i.ThreeAxisForceTrans) refers to ddiv.o(x$fpl$ddiv) for __aeabi_ddiv
    threeaxisforcetransform.o(i.ThreeAxisForceTrans) refers to cos.o(i.__hardfp_cos) for __hardfp_cos
    threeaxisforcetransform.o(i.ThreeAxisForceTrans) refers to sin.o(i.__hardfp_sin) for __hardfp_sin
    threeaxisforcetransform.o(i.ThreeAxisForceTrans) refers to daddsub_clz.o(x$fpl$dadd) for __aeabi_dadd
    threeaxisforcetransform.o(i.ThreeAxisForceTrans) refers to dfix.o(x$fpl$dfix) for __aeabi_d2iz
[...]
    SlaveMap1                                0x20000130   Data           4  testslave.o(.data)
    SlaveMap2                                0x20000134   Data           4  testslave.o(.data)
    SlaveMap3                                0x20000138   Data           1  testslave.o(.data)
    SlaveMap4                                0x20000139   Data           1  testslave.o(.data)
    SlaveMap5                                0x2000013a   Data           1  testslave.o(.data)
    SlaveMap6                                0x2000013b   Data           1  testslave.o(.data)
    SlaveMap7                                0x2000013c   Data           1  testslave.o(.data)
    SlaveMap8                                0x2000013d   Data           1  testslave.o(.data)
    SlaveMap9                                0x2000013e   Data           1  testslave.o(.data)
    SlaveMap10                               0x2000013f   Data           1  testslave.o(.data)
    SlaveMap11                               0x20000140   Data           2  testslave.o(.data)
    SlaveMap12                               0x20000142   Data           2  testslave.o(.data)
    SlaveMap13                               0x20000144   Data           2  testslave.o(.data)
    TestSlave_bDeviceNodeId                  0x20000146   Data           2  testslave.o(.data)
    TestSlave_iam_a_slave                    0x20000148   Data           2  testslave.o(.data)
    TestSlave_heartBeatTimers                0x2000014a   Data           8  testslave.o(.data)
    TestSlave_obj1000                        0x20000154   Data           4  testslave.o(.data)
    TestSlave_Index1000                      0x20000158   Data          28  testslave.o(.data)
    TestSlave_obj1001                        0x20000174   Data           1  testslave.o(.data)
    TestSlave_Index1001                      0x20000178   Data          28  testslave.o(.data)
    TestSlave_highestSubIndex_obj1003        0x20000194   Data           1  testslave.o(.data)
    TestSlave_Index1003_callbacks            0x20000198   Data          36  testslave.o(.data)
    TestSlave_Index1003                      0x200001bc   Data          28  testslave.o(.data)
    Error_Field                              0x200001d8   Data         252  testslave.o(.data)
    TestSlave_obj1005                        0x200002d4   Data           4  testslave.o(.data)
    TestSlave_Index1005_callbacks            0x200002d8   Data           4  testslave.o(.data)
    TestSlave_Index1005                      0x200002dc   Data          28  testslave.o(.data)
    TestSlave_obj1006                        0x200002f8   Data           4  testslave.o(.data)
    TestSlave_Index1006_callbacks            0x200002fc   Data           4  testslave.o(.data)
    TestSlave_Index1006                      0x20000300   Data          28  testslave.o(.data)
    TestSlave_obj100C                        0x2000031c   Data           2  testslave.o(.data)
    TestSlave_Index100C_callbacks            0x20000320   Data           4  testslave.o(.data)
    TestSlave_Index100C                      0x20000324   Data          28  testslave.o(.data)
    TestSlave_obj100D                        0x20000340   Data           1  testslave.o(.data)
    TestSlave_Index100D_callbacks            0x20000344   Data           4  testslave.o(.data)
    TestSlave_Index100D                      0x20000348   Data          28  testslave.o(.data)
    TestSlave_highestSubIndex_obj1010        0x20000364   Data           1  testslave.o(.data)
    TestSlave_Index1010                      0x20000368   Data          28  testslave.o(.data)
    Store_parameters                         0x20000384   Data         168  testslave.o(.data)
    TestSlave_highestSubIndex_obj1011        0x2000042c   Data           1  testslave.o(.data)
    TestSlave_Index1011                      0x20000430   Data          28  testslave.o(.data)
    Restore_Default_Parameters               0x2000044c   Data         168  testslave.o(.data)
    TestSlave_obj1014                        0x200004f4   Data           4  testslave.o(.data)
    TestSlave_Index1014                      0x200004f8   Data          28  testslave.o(.data)
    TestSlave_highestSubIndex_obj1016        0x20000514   Data           1  testslave.o(.data)
    TestSlave_Index1016                      0x20000518   Data          28  testslave.o(.data)
    Consumer_Heartbeat_Time                  0x20000534   Data         140  testslave.o(.data)
    TestSlave_obj1017                        0x200005c0   Data           2  testslave.o(.data)
    TestSlave_Index1017_callbacks            0x200005c4   Data           4  testslave.o(.data)
    TestSlave_Index1017                      0x200005c8   Data          28  testslave.o(.data)
    TestSlave_highestSubIndex_obj1018        0x200005e4   Data           1  testslave.o(.data)
    TestSlave_Index1018                      0x200005e8   Data          28  testslave.o(.data)
    Identity                                 0x20000604   Data         140  testslave.o(.data)
    TestSlave_highestSubIndex_obj1200        0x20000690   Data           1  testslave.o(.data)
    TestSlave_obj1200                        0x20000694   Data          12  testslave.o(.data)
    TestSlave_Index1200                      0x200006a0   Data          28  testslave.o(.data)
    Server_SDO_Parameter                     0x200006bc   Data         112  testslave.o(.data)
    TestSlave_highestSubIndex_obj1280        0x2000072c   Data           1  testslave.o(.data)
    TestSlave_obj1280                        0x20000730   Data          12  testslave.o(.data)
    TestSlave_Index1280                      0x2000073c   Data          28  testslave.o(.data)
    Client_SDO_Parameter                     0x20000758   Data         112  testslave.o(.data)
    TestSlave_highestSubIndex_obj1400        0x200007c8   Data           1  testslave.o(.data)
    TestSlave_obj1400                        0x200007cc   Data          20  testslave.o(.data)
    TestSlave_Index1400                      0x200007e0   Data          28  testslave.o(.data)
    Receive_PDO_1_Parameter                  0x200007fc   Data         168  testslave.o(.data)
    TestSlave_highestSubIndex_obj1401        0x200008a4   Data           1  testslave.o(.data)
    TestSlave_obj1401                        0x200008a8   Data          20  testslave.o(.data)
    TestSlave_Index1401                      0x200008bc   Data          28  testslave.o(.data)
    Receive_PDO_2_Parameter                  0x200008d8   Data         168  testslave.o(.data)
    TestSlave_highestSubIndex_obj1402        0x20000980   Data           1  testslave.o(.data)
    TestSlave_obj1402                        0x20000984   Data          20  testslave.o(.data)
    TestSlave_Index1402                      0x20000998   Data          28  testslave.o(.data)
    Receive_PDO_3_Parameter                  0x200009b4   Data         168  testslave.o(.data)
    TestSlave_highestSubIndex_obj1403        0x20000a5c   Data           1  testslave.o(.data)
    TestSlave_Index1403                      0x20000a60   Data          28  testslave.o(.data)
    Receive_PDO_4_Parameter                  0x20000a7c   Data         168  testslave.o(.data)
    TestSlave_highestSubIndex_obj1404        0x20000b24   Data           1  testslave.o(.data)
    TestSlave_Index1404                      0x20000b28   Data          28  testslave.o(.data)
    Receive_PDO_5_Parameter                  0x20000b44   Data         168  testslave.o(.data)
    TestSlave_highestSubIndex_obj1405        0x20000bec   Data           1  testslave.o(.data)
    TestSlave_Index1405                      0x20000bf0   Data          28  testslave.o(.data)
    Receive_PDO_6_Parameter                  0x20000c0c   Data         168  testslave.o(.data)
    TestSlave_highestSubIndex_obj1406        0x20000cb4   Data           1  testslave.o(.data)
    TestSlave_Index1406                      0x20000cb8   Data          28  testslave.o(.data)
    Receive_PDO_7_Parameter                  0x20000cd4   Data         168  testslave.o(.data)
    TestSlave_highestSubIndex_obj1407        0x20000d7c   Data           1  testslave.o(.data)
    TestSlave_Index1407                      0x20000d80   Data          28  testslave.o(.data)
    Receive_PDO_8_Parameter                  0x20000d9c   Data         168  testslave.o(.data)
    TestSlave_highestSubIndex_obj1408        0x20000e44   Data           1  testslave.o(.data)
    TestSlave_Index1408                      0x20000e48   Data          28  testslave.o(.data)
    Receive_PDO_9_Parameter                  0x20000e64   Data         168  testslave.o(.data)
    TestSlave_highestSubIndex_obj1600        0x20000f0c   Data           1  testslave.o(.data)
    TestSlave_obj1600                        0x20000f10   Data          16  testslave.o(.data)
    TestSlave_Index1600                      0x20000f20   Data          28  testslave.o(.data)
    Receive_PDO_1_Mapping                    0x20000f3c   Data         140  testslave.o(.data)
    TestSlave_highestSubIndex_obj1601        0x20000fc8   Data           1  testslave.o(.data)
    TestSlave_obj1601                        0x20000fcc   Data          16  testslave.o(.data)
    TestSlave_Index1601                      0x20000fdc   Data          28  testslave.o(.data)
    Receive_PDO_2_Mapping                    0x20000ff8   Data         140  testslave.o(.data)
    TestSlave_highestSubIndex_obj1602        0x20001084   Data           1  testslave.o(.data)
    TestSlave_obj1602                        0x20001088   Data           8  testslave.o(.data)
    TestSlave_Index1602                      0x20001090   Data          28  testslave.o(.data)
    Receive_PDO_3_Mapping                    0x200010ac   Data          84  testslave.o(.data)
    TestSlave_highestSubIndex_obj1603        0x20001100   Data           1  testslave.o(.data)
    TestSlave_obj1603                        0x20001104   Data           4  testslave.o(.data)
    TestSlave_Index1603                      0x20001108   Data          28  testslave.o(.data)
    Receive_PDO_4_Mapping                    0x20001124   Data          56  testslave.o(.data)
    TestSlave_highestSubIndex_obj1604        0x2000115c   Data           1  testslave.o(.data)
    TestSlave_obj1604                        0x20001160   Data           4  testslave.o(.data)
    TestSlave_Index1604                      0x20001164   Data          28  testslave.o(.data)
    Receive_PDO_5_Mapping                    0x20001180   Data          56  testslave.o(.data)
    TestSlave_highestSubIndex_obj1605        0x200011b8   Data           1  testslave.o(.data)
    TestSlave_obj1605                        0x200011bc   Data           4  testslave.o(.data)
    TestSlave_Index1605                      0x200011c0   Data          28  testslave.o(.data)
    Receive_PDO_6_Mapping                    0x200011dc   Data          56  testslave.o(.data)
    TestSlave_highestSubIndex_obj1606        0x20001214   Data           1  testslave.o(.data)
    TestSlave_obj1606                        0x20001218   Data           4  testslave.o(.data)
    TestSlave_Index1606                      0x2000121c   Data          28  testslave.o(.data)
    Receive_PDO_7_Mapping                    0x20001238   Data          56  testslave.o(.data)
    TestSlave_highestSubIndex_obj1607        0x20001270   Data           1  testslave.o(.data)
    TestSlave_obj1607                        0x20001274   Data           4  testslave.o(.data)
    TestSlave_Index1607                      0x20001278   Data          28  testslave.o(.data)
    Receive_PDO_8_Mapping                    0x20001294   Data          56  testslave.o(.data)
    TestSlave_highestSubIndex_obj1608        0x200012cc   Data           1  testslave.o(.data)
    TestSlave_obj1608                        0x200012d0   Data           4  testslave.o(.data)
    TestSlave_Index1608                      0x200012d4   Data          28  testslave.o(.data)
    Receive_PDO_9_Mapping                    0x200012f0   Data          56  testslave.o(.data)
    TestSlave_highestSubIndex_obj1800        0x20001328   Data           1  testslave.o(.data)
    TestSlave_Index1800                      0x2000132c   Data          28  testslave.o(.data)
    Transmit_PDO_1_Parameter                 0x20001348   Data         168  testslave.o(.data)
    TestSlave_highestSubIndex_obj1801        0x200013f0   Data           1  testslave.o(.data)
    TestSlave_Index1801                      0x200013f4   Data          28  testslave.o(.data)
    Transmit_PDO_2_Parameter                 0x20001410   Data         168  testslave.o(.data)
    TestSlave_highestSubIndex_obj1802        0x200014b8   Data           1  testslave.o(.data)
    TestSlave_Index1802                      0x200014bc   Data          28  testslave.o(.data)
    Transmit_PDO_3_Parameter                 0x200014d8   Data         168  testslave.o(.data)
    TestSlave_highestSubIndex_obj1803        0x20001580   Data           1  testslave.o(.data)
    TestSlave_Index1803                      0x20001584   Data          28  testslave.o(.data)
    Transmit_PDO_4_Parameter                 0x200015a0   Data         168  testslave.o(.data)
    TestSlave_highestSubIndex_obj1804        0x20001648   Data           1  testslave.o(.data)
    TestSlave_Index1804                      0x2000164c   Data          28  testslave.o(.data)
    Transmit_PDO_5_Parameter                 0x20001668   Data         168  testslave.o(.data)
    TestSlave_highestSubIndex_obj1A00        0x20001710   Data           1  testslave.o(.data)
    TestSlave_obj1A00                        0x20001714   Data           4  testslave.o(.data)
    TestSlave_Index1A00                      0x20001718   Data          28  testslave.o(.data)
    Transmit_PDO_1_Mapping                   0x20001734   Data          56  testslave.o(.data)
    TestSlave_highestSubIndex_obj1A01        0x2000176c   Data           1  testslave.o(.data)
    TestSlave_Index1A01                      0x20001770   Data          28  testslave.o(.data)
    Transmit_PDO_2_Mapping                   0x2000178c   Data         140  testslave.o(.data)
    TestSlave_highestSubIndex_obj1A02        0x20001818   Data           1  testslave.o(.data)
    TestSlave_obj1A02                        0x2000181c   Data           8  testslave.o(.data)
    TestSlave_Index1A02                      0x20001824   Data          28  testslave.o(.data)
    Transmit_PDO_3_Mapping                   0x20001840   Data          84  testslave.o(.data)
    TestSlave_highestSubIndex_obj1A03        0x20001894   Data           1  testslave.o(.data)
    TestSlave_obj1A03                        0x20001898   Data           4  testslave.o(.data)
    TestSlave_Index1A03                      0x2000189c   Data          28  testslave.o(.data)
    Transmit_PDO_4_Mapping                   0x200018b8   Data          56  testslave.o(.data)
    TestSlave_highestSubIndex_obj1A04        0x200018f0   Data           1  testslave.o(.data)
    TestSlave_obj1A04                        0x200018f4   Data           4  testslave.o(.data)
    TestSlave_Index1A04                      0x200018f8   Data          28  testslave.o(.data)
    Transmit_PDO_5_Mapping                   0x20001914   Data          56  testslave.o(.data)
    TestSlave_Index2001                      0x2000194c   Data          28  testslave.o(.data)
    timetest1                                0x20001968   Data          28  testslave.o(.data)
    Timelength                               0x20001984   Data           4  testslave.o(.data)
    TestSlave_Index2004                      0x20001988   Data          28  testslave.o(.data)
    timetest2                                0x200019a4   Data          28  testslave.o(.data)
    TestSlave_Index2005                      0x200019c0   Data          28  testslave.o(.data)
    cost1                                    0x200019dc   Data          36  testslave.o(.data)
    Costlength                               0x20001a00   Data           4  testslave.o(.data)
    TestSlave_Index2006                      0x20001a04   Data          28  testslave.o(.data)
    joint_angle_int                          0x20001a20   Data           4  testslave.o(.data)
    TestSlave_Index2008                      0x20001a24   Data          28  testslave.o(.data)
    key_Encoder                              0x20001a40   Data           4  testslave.o(.data)
    TestSlave_Index2009                      0x20001a44   Data          28  testslave.o(.data)
    unprofile_position                       0x20001a60   Data           4  testslave.o(.data)
    TestSlave_Index200A                      0x20001a64   Data          28  testslave.o(.data)
    pvt_read_pointer                         0x20001a80   Data           1  testslave.o(.data)
    TestSlave_Index2F11_callbacks            0x20001a84   Data           4  testslave.o(.data)
    TestSlave_Index2F11                      0x20001a88   Data          28  testslave.o(.data)
    TestSlave_Obj6007                        0x20001aa4   Data           2  testslave.o(.data)
    TestSlave_Index6007                      0x20001aa8   Data          28  testslave.o(.data)
    TestSlave_Index603F                      0x20001ac4   Data          28  testslave.o(.data)
    TestSlave_Obj6402                        0x20001ae0   Data           2  testslave.o(.data)
    TestSlave_Index6402                      0x20001ae4   Data          28  testslave.o(.data)
    TestSlave_Obj6403                        0x20001b00   Data           4  testslave.o(.data)
    TestSlave_Index6403                      0x20001b04   Data          28  testslave.o(.data)
    TestSlave_Obj6404                        0x20001b20   Data           4  testslave.o(.data)
    TestSlave_Index6404                      0x20001b24   Data          28  testslave.o(.data)
    TestSlave_Obj6406                        0x20001b40   Data           2  testslave.o(.data)
    TestSlave_Index6406                      0x20001b44   Data          28  testslave.o(.data)
    TestSlave_Obj6407                        0x20001b60   Data           4  testslave.o(.data)
    TestSlave_Index6407                      0x20001b64   Data          28  testslave.o(.data)
    TestSlave_Obj6502                        0x20001b80   Data           4  testslave.o(.data)
    TestSlave_Index6502                      0x20001b84   Data          28  testslave.o(.data)
    TestSlave_Obj60FD                        0x20001ba0   Data           4  testslave.o(.data)
    TestSlave_Index60FD                      0x20001ba4   Data          28  testslave.o(.data)
    controlword                              0x20001bc0   Data           2  testslave.o(.data)
    TestSlave_Index6040                      0x20001bc4   Data          28  testslave.o(.data)
    statusword                               0x20001be0   Data           2  testslave.o(.data)
    TestSlave_Index6041                      0x20001be4   Data          28  testslave.o(.data)
    TestSlave_Obj6098                        0x20001c00   Data           2  testslave.o(.data)
    TestSlave_Index6098                      0x20001c04   Data          28  testslave.o(.data)
    TestSlave_highestSubIndex_obj6099        0x20001c20   Data           1  testslave.o(.data)
    TestSlave_obj6099                        0x20001c24   Data          20  testslave.o(.data)
    TestSlave_Index6099                      0x20001c38   Data          28  testslave.o(.data)
    homing_speeds                            0x20001c54   Data          84  testslave.o(.data)
    TestSlave_Obj609A                        0x20001ca8   Data           2  testslave.o(.data)
    TestSlave_Index609A                      0x20001cac   Data          28  testslave.o(.data)
    TestSlave_Obj6063                        0x20001cc8   Data           2  testslave.o(.data)
    TestSlave_Index6063                      0x20001ccc   Data          28  testslave.o(.data)
    profile_target_position                  0x20001ce8   Data           4  testslave.o(.data)
    TestSlave_Index607A                      0x20001cec   Data          28  testslave.o(.data)
    TestSlave_highestSubIndex_obj607B        0x20001d08   Data           1  testslave.o(.data)
    min_position_range_limit                 0x20001d0c   Data           4  testslave.o(.data)
    max_position_range_limit                 0x20001d10   Data           4  testslave.o(.data)
    TestSlave_Index607B                      0x20001d14   Data          28  testslave.o(.data)
    position_range_limit                     0x20001d30   Data          84  testslave.o(.data)
    TestSlave_highestSubIndex_obj607D        0x20001d84   Data           1  testslave.o(.data)
    min_position_limit                       0x20001d88   Data           4  testslave.o(.data)
    max_position_limit                       0x20001d8c   Data           4  testslave.o(.data)
    TestSlave_Index607D                      0x20001d90   Data          28  testslave.o(.data)
    software_position_limit                  0x20001dac   Data          84  testslave.o(.data)
    max_profile_velocity                     0x20001e00   Data           4  testslave.o(.data)
    TestSlave_Index607F                      0x20001e04   Data          28  testslave.o(.data)
    profile_velocity                         0x20001e20   Data           4  testslave.o(.data)
    TestSlave_Index6081                      0x20001e24   Data          28  testslave.o(.data)
    end_velocity                             0x20001e40   Data           4  testslave.o(.data)
    TestSlave_Index6082                      0x20001e44   Data          28  testslave.o(.data)
    profile_acceleration                     0x20001e60   Data           4  testslave.o(.data)
    TestSlave_Index6083                      0x20001e64   Data          28  testslave.o(.data)
    profile_deceleration                     0x20001e80   Data           4  testslave.o(.data)
    TestSlave_Index6084                      0x20001e84   Data          28  testslave.o(.data)
    quick_stop_deceleration                  0x20001ea0   Data           4  testslave.o(.data)
    TestSlave_Index6085                      0x20001ea4   Data          28  testslave.o(.data)
    motion_profile_type                      0x20001ec0   Data           2  testslave.o(.data)
    TestSlave_Index6086                      0x20001ec4   Data          28  testslave.o(.data)
    interpolated_sub_mode_select             0x20001ee0   Data           2  testslave.o(.data)
    TestSlave_Index60C0                      0x20001ee4   Data          28  testslave.o(.data)
    TestSlave_highestSubIndex_obj60C1        0x20001f00   Data           1  testslave.o(.data)
    TestSlave_Index60C1                      0x20001f04   Data          28  testslave.o(.data)
    interpolation_data_record                0x20001f20   Data        1820  testslave.o(.data)
    TestSlave_highestSubIndex_obj60C3        0x2000263c   Data           1  testslave.o(.data)
    synchronize_on_group                     0x2000263d   Data           1  testslave.o(.data)
    IP_sync_every_n_event                    0x2000263e   Data           1  testslave.o(.data)
    TestSlave_Index60C3                      0x20002640   Data          28  testslave.o(.data)
    interpolation_sync_definition            0x2000265c   Data          84  testslave.o(.data)
    totalPoint                               0x200026b0   Data           2  testslave.o(.data)
    TestSlave_highestSubIndex_obj60C4        0x200026b2   Data           1  testslave.o(.data)
    TestSlave_Index60C4                      0x200026b4   Data          28  testslave.o(.data)
    interpolated_data_configuration          0x200026d0   Data         140  testslave.o(.data)
    velocity_sensor_actual_value             0x2000275c   Data           4  testslave.o(.data)
    TestSlave_Index6069                      0x20002760   Data          28  testslave.o(.data)
    sensor_selection_code                    0x2000277c   Data           2  testslave.o(.data)
    TestSlave_Index606A                      0x20002780   Data          28  testslave.o(.data)
    velocity_actual_value                    0x2000279c   Data           4  testslave.o(.data)
    TestSlave_Index606C                      0x200027a0   Data          28  testslave.o(.data)
    target_velocity                          0x200027bc   Data           4  testslave.o(.data)
    TestSlave_Index60FF                      0x200027c0   Data          28  testslave.o(.data)
    target_torque                            0x200027dc   Data           2  testslave.o(.data)
    TestSlave_Index6071                      0x200027e0   Data          28  testslave.o(.data)
    max_torque                               0x200027fc   Data           2  testslave.o(.data)
    TestSlave_Index6072                      0x20002800   Data          28  testslave.o(.data)
    max_current                              0x2000281c   Data           2  testslave.o(.data)
    TestSlave_Index6073                      0x20002820   Data          28  testslave.o(.data)
    torque_demand_value                      0x2000283c   Data           2  testslave.o(.data)
    TestSlave_Index6074                      0x20002840   Data          28  testslave.o(.data)
    motor_rate_current                       0x2000285c   Data           4  testslave.o(.data)
    TestSlave_Index6075                      0x20002860   Data          28  testslave.o(.data)
    motor_rate_torque                        0x2000287c   Data           4  testslave.o(.data)
    TestSlave_Index6076                      0x20002880   Data          28  testslave.o(.data)
    torque_actual_value                      0x2000289c   Data           2  testslave.o(.data)
    TestSlave_Index6077                      0x200028a0   Data          28  testslave.o(.data)
    current_actual_value                     0x200028bc   Data           4  testslave.o(.data)
    TestSlave_Index6078                      0x200028c0   Data          28  testslave.o(.data)
    torque_slope                             0x200028dc   Data           4  testslave.o(.data)
    TestSlave_Index6087                      0x200028e0   Data          28  testslave.o(.data)
    torque_profile_type                      0x200028fc   Data           2  testslave.o(.data)
    TestSlave_Index6088                      0x20002900   Data          28  testslave.o(.data)
    TestSlave_highestSubIndexObj3001         0x2000291c   Data           1  testslave.o(.data)
    motor_current_param                      0x20002920   Data          12  testslave.o(.data)
    TestSlave_Index3001                      0x2000292c   Data          28  testslave.o(.data)
    motor_data                               0x20002948   Data          84  testslave.o(.data)
    clear_fault                              0x2000299c   Data           2  testslave.o(.data)
    TestSlave_Index2F19                      0x200029a0   Data          28  testslave.o(.data)
    led_status                               0x200029bc   Data           2  testslave.o(.data)
    TestSlave_Index2F30                      0x200029c0   Data          28  testslave.o(.data)
    buzzer_status                            0x200029dc   Data           2  testslave.o(.data)
    TestSlave_Index2F31                      0x200029e0   Data          28  testslave.o(.data)
    ADC_status                               0x200029fc   Data           2  testslave.o(.data)
    TestSlave_Index2F32                      0x20002a00   Data          28  testslave.o(.data)
    jointboard_status                        0x20002a1c   Data           2  testslave.o(.data)
    TestSlave_Index2F33                      0x20002a20   Data          28  testslave.o(.data)
    toggle_switch_status                     0x20002a3c   Data           2  testslave.o(.data)
    TestSlave_Index2F34                      0x20002a40   Data          28  testslave.o(.data)
    abs_encoder_raw_data                     0x20002a5c   Data           4  testslave.o(.data)
    TestSlave_Index2F24                      0x20002a60   Data          28  testslave.o(.data)
    stop_motion                              0x20002a7c   Data           2  testslave.o(.data)
    TestSlave_Index2F25                      0x20002a80   Data          28  testslave.o(.data)
    TestSlave_highestSubIndex_obj6067        0x20002a9c   Data           1  testslave.o(.data)
    TestSlave_Index6067_callbacks            0x20002aa0   Data          28  testslave.o(.data)
    TestSlave_Index6067                      0x20002abc   Data          28  testslave.o(.data)
    JointAngle_Field                         0x20002ad8   Data         196  testslave.o(.data)
    TestSlave_objdict                        0x20002b9c   Data        1568  testslave.o(.data)
    TestSlave_PDO_status                     0x200031bc   Data          90  testslave.o(.data)
    TestSlave_ObjdictSize                    0x20003216   Data           2  testslave.o(.data)
    TestSlave_Data                           0x20003218   Data        7064  testslave.o(.data)
    u16ServeStatus                           0x20004db0   Data           2  canopenmaster.o(.data)
    CANopenMaster_bDeviceNodeId              0x20004db2   Data           2  canopenmaster.o(.data)
    CANopenMaster_iam_a_slave                0x20004db4   Data           2  canopenmaster.o(.data)
    CANopenMaster_heartBeatTimers            0x20004db6   Data           8  canopenmaster.o(.data)
    empty_obj_2F01                           0x20004dc0   Data           4  canopenmaster.o(.data)
    CANopenMaster_Index2F01                  0x20004dc4   Data          28  canopenmaster.o(.data)
    CANopenMaster_obj1000                    0x20004de0   Data           4  canopenmaster.o(.data)
    CANopenMaster_Index1000                  0x20004de4   Data          28  canopenmaster.o(.data)
    CANopenMaster_obj1001                    0x20004e00   Data           1  canopenmaster.o(.data)
    CANopenMaster_Index1001                  0x20004e04   Data          28  canopenmaster.o(.data)
    CANopenMaster_highestSubIndex_obj1003    0x20004e20   Data           1  canopenmaster.o(.data)
    CANopenMaster_Index1003_callbacks        0x20004e24   Data          36  canopenmaster.o(.data)
    CANopenMaster_Index1003                  0x20004e48   Data          28  canopenmaster.o(.data)
    CAN_master_error_field                   0x20004e64   Data         252  canopenmaster.o(.data)
    CANopenMaster_obj1005                    0x20004f60   Data           4  canopenmaster.o(.data)
    CANopenMaster_Index1005_callbacks        0x20004f64   Data           4  canopenmaster.o(.data)
    CANopenMaster_Index1005                  0x20004f68   Data          28  canopenmaster.o(.data)
    CANopenMaster_obj1006                    0x20004f84   Data           4  canopenmaster.o(.data)
    CANopenMaster_Index1006_callbacks        0x20004f88   Data           4  canopenmaster.o(.data)
    CANopenMaster_Index1006                  0x20004f8c   Data          28  canopenmaster.o(.data)
    CANopenMaster_obj100C                    0x20004fa8   Data           2  canopenmaster.o(.data)
    CANopenMaster_Index100C_callbacks        0x20004fac   Data           4  canopenmaster.o(.data)
    CANopenMaster_Index100C                  0x20004fb0   Data          28  canopenmaster.o(.data)
    CANopenMaster_obj100D                    0x20004fcc   Data           1  canopenmaster.o(.data)
    CANopenMaster_Index100D_callbacks        0x20004fd0   Data           4  canopenmaster.o(.data)
    CANopenMaster_Index100D                  0x20004fd4   Data          28  canopenmaster.o(.data)
    CANopenMaster_obj1014                    0x20004ff0   Data           4  canopenmaster.o(.data)
    CANopenMaster_Index1014                  0x20004ff4   Data          28  canopenmaster.o(.data)
    CANopenMaster_highestSubIndex_obj1016    0x20005010   Data           1  canopenmaster.o(.data)
    CANopenMaster_obj1016                    0x20005014   Data          16  canopenmaster.o(.data)
    CANopenMaster_Index1016                  0x20005024   Data          28  canopenmaster.o(.data)
    master_consumer_heartbeat_time           0x20005040   Data         140  canopenmaster.o(.data)
    CANopenMaster_obj1017                    0x200050cc   Data           2  canopenmaster.o(.data)
    CANopenMaster_Index1017_callbacks        0x200050d0   Data           4  canopenmaster.o(.data)
    CANopenMaster_Index1017                  0x200050d4   Data          28  canopenmaster.o(.data)
    CANopenMaster_highestSubIndex_obj1018    0x200050f0   Data           1  canopenmaster.o(.data)
    CANopenMaster_Index1018                  0x200050f4   Data          28  canopenmaster.o(.data)
    CANopenMaster_Identity                   0x20005110   Data         140  canopenmaster.o(.data)
    CANopenMaster_highestSubIndex_obj1200    0x2000519c   Data           1  canopenmaster.o(.data)
    CANopenMaster_obj1200                    0x200051a0   Data          12  canopenmaster.o(.data)
    CANopenMaster_Index1200                  0x200051ac   Data          28  canopenmaster.o(.data)
    CAN_master_server_SDO_parameter          0x200051c8   Data         112  canopenmaster.o(.data)
    CANopenMaster_highestSubIndex_obj1280    0x20005238   Data           1  canopenmaster.o(.data)
    CANopenMaster_obj1280                    0x2000523c   Data          12  canopenmaster.o(.data)
    CANopenMaster_Index1280                  0x20005248   Data          28  canopenmaster.o(.data)
    CAN_master_client_SDO_parameter          0x20005264   Data         112  canopenmaster.o(.data)
    CANopenMaster_highestSubIndex_obj1400    0x200052d4   Data           1  canopenmaster.o(.data)
    CANopenMaster_obj1400                    0x200052d8   Data          20  canopenmaster.o(.data)
    CANopenMaster_Index1400                  0x200052ec   Data          28  canopenmaster.o(.data)
    can_master_receive_PDO_1_parameter       0x20005308   Data         168  canopenmaster.o(.data)
    CANopenMaster_highestSubIndex_obj1401    0x200053b0   Data           1  canopenmaster.o(.data)
    CANopenMaster_obj1401                    0x200053b4   Data          20  canopenmaster.o(.data)
    CANopenMaster_Index1401                  0x200053c8   Data          28  canopenmaster.o(.data)
    can_master_receive_PDO_2_parameter       0x200053e4   Data         168  canopenmaster.o(.data)
    CANopenMaster_highestSubIndex_obj1402    0x2000548c   Data           1  canopenmaster.o(.data)
    CANopenMaster_obj1402                    0x20005490   Data          20  canopenmaster.o(.data)
    CANopenMaster_Index1402                  0x200054a4   Data          28  canopenmaster.o(.data)
    can_master_receive_PDO_3_parameter       0x200054c0   Data         168  canopenmaster.o(.data)
    CANopenMaster_highestSubIndex_obj1403    0x20005568   Data           1  canopenmaster.o(.data)
    CANopenMaster_obj1403                    0x2000556c   Data          20  canopenmaster.o(.data)
    CANopenMaster_Index1403                  0x20005580   Data          28  canopenmaster.o(.data)
    can_master_receive_PDO_4_parameter       0x2000559c   Data         168  canopenmaster.o(.data)
    CANopenMaster_highestSubIndex_obj1404    0x20005644   Data           1  canopenmaster.o(.data)
    CANopenMaster_obj1404                    0x20005648   Data          20  canopenmaster.o(.data)
    CANopenMaster_Index1404                  0x2000565c   Data          28  canopenmaster.o(.data)
    can_master_receive_PDO_5_parameter       0x20005678   Data         168  canopenmaster.o(.data)
    CANopenMaster_highestSubIndex_obj1600    0x20005720   Data           1  canopenmaster.o(.data)
    CANopenMaster_obj1600                    0x20005724   Data           8  canopenmaster.o(.data)
    CANopenMaster_Index1600                  0x2000572c   Data          28  canopenmaster.o(.data)
    can_master_receive_PDO_1_mapping         0x20005748   Data          84  canopenmaster.o(.data)
    CANopenMaster_highestSubIndex_obj1601    0x2000579c   Data           1  canopenmaster.o(.data)
    CANopenMaster_obj1601                    0x200057a0   Data           8  canopenmaster.o(.data)
    CANopenMaster_Index1601                  0x200057a8   Data          28  canopenmaster.o(.data)
    can_master_receive_PDO_2_mapping         0x200057c4   Data          84  canopenmaster.o(.data)
    CANopenMaster_highestSubIndex_obj1602    0x20005818   Data           1  canopenmaster.o(.data)
    CANopenMaster_obj1602                    0x2000581c   Data           8  canopenmaster.o(.data)
    CANopenMaster_Index1602                  0x20005824   Data          28  canopenmaster.o(.data)
    can_master_receive_PDO_3_mapping         0x20005840   Data          84  canopenmaster.o(.data)
    CANopenMaster_highestSubIndex_obj1603    0x20005894   Data           1  canopenmaster.o(.data)
    CANopenMaster_obj1603                    0x20005898   Data           8  canopenmaster.o(.data)
    CANopenMaster_Index1603                  0x200058a0   Data          28  canopenmaster.o(.data)
    can_master_receive_PDO_4_mapping         0x200058bc   Data          84  canopenmaster.o(.data)
    CANopenMaster_highestSubIndex_obj1604    0x20005910   Data           1  canopenmaster.o(.data)
    CANopenMaster_obj1604                    0x20005914   Data           8  canopenmaster.o(.data)
    CANopenMaster_Index1604                  0x2000591c   Data          28  canopenmaster.o(.data)
    can_master_receive_PDO_5_mapping         0x20005938   Data          56  canopenmaster.o(.data)
    CANopenMaster_highestSubIndex_obj1800    0x20005970   Data           1  canopenmaster.o(.data)
    CANopenMaster_obj1800                    0x20005974   Data          20  canopenmaster.o(.data)
    CANopenMaster_Index1800                  0x20005988   Data          28  canopenmaster.o(.data)
    can_master_transmit_PDO_1_parameter      0x200059a4   Data         168  canopenmaster.o(.data)
    CANopenMaster_highestSubIndex_obj1801    0x20005a4c   Data           1  canopenmaster.o(.data)
    CANopenMaster_obj1801                    0x20005a50   Data          20  canopenmaster.o(.data)
    CANopenMaster_Index1801                  0x20005a64   Data          28  canopenmaster.o(.data)
    can_master_transmit_PDO_2_parameter      0x20005a80   Data         168  canopenmaster.o(.data)
    CANopenMaster_highestSubIndex_obj1802    0x20005b28   Data           1  canopenmaster.o(.data)
    CANopenMaster_obj1802                    0x20005b2c   Data          20  canopenmaster.o(.data)
    CANopenMaster_Index1802                  0x20005b40   Data          28  canopenmaster.o(.data)
    can_master_transmit_PDO_3_parameter      0x20005b5c   Data         168  canopenmaster.o(.data)
    CANopenMaster_highestSubIndex_obj1803    0x20005c04   Data           1  canopenmaster.o(.data)
    CANopenMaster_obj1803                    0x20005c08   Data          20  canopenmaster.o(.data)
    CANopenMaster_Index1803                  0x20005c1c   Data          28  canopenmaster.o(.data)
    can_master_transmit_PDO_4_parameter      0x20005c38   Data         168  canopenmaster.o(.data)
    CANopenMaster_highestSubIndex_obj1804    0x20005ce0   Data           1  canopenmaster.o(.data)
    CANopenMaster_obj1804                    0x20005ce4   Data          20  canopenmaster.o(.data)
    CANopenMaster_Index1804                  0x20005cf8   Data          28  canopenmaster.o(.data)
    can_master_transmit_PDO_5_parameter      0x20005d14   Data         168  canopenmaster.o(.data)
    CANopenMaster_highestSubIndex_obj1A00    0x20005dbc   Data           1  canopenmaster.o(.data)
    CANopenMaster_obj1A00                    0x20005dc0   Data          32  canopenmaster.o(.data)
    CANopenMaster_Index1A00                  0x20005de0   Data          28  canopenmaster.o(.data)
    can_master_transmit_PDO_1_mapping        0x20005dfc   Data         252  canopenmaster.o(.data)
    CANopenMaster_highestSubIndex_obj1A01    0x20005ef8   Data           1  canopenmaster.o(.data)
    CANopenMaster_Index1A01                  0x20005efc   Data          28  canopenmaster.o(.data)
    can_master_transmit_PDO_2_mapping        0x20005f18   Data         252  canopenmaster.o(.data)
    CANopenMaster_highestSubIndex_obj1A02    0x20006014   Data           1  canopenmaster.o(.data)
    CANopenMaster_obj1A02                    0x20006018   Data           4  canopenmaster.o(.data)
    CANopenMaster_Index1A02                  0x2000601c   Data          28  canopenmaster.o(.data)
    can_master_transmit_PDO_3_mapping        0x20006038   Data          56  canopenmaster.o(.data)
    CANopenMaster_highestSubIndex_obj1A03    0x20006070   Data           1  canopenmaster.o(.data)
    CANopenMaster_obj1A03                    0x20006074   Data           4  canopenmaster.o(.data)
    CANopenMaster_Index1A03                  0x20006078   Data          28  canopenmaster.o(.data)
    can_master_transmit_PDO_4_mapping        0x20006094   Data          56  canopenmaster.o(.data)
    CANopenMaster_highestSubIndex_obj1A04    0x200060cc   Data           1  canopenmaster.o(.data)
    CANopenMaster_obj1A04                    0x200060d0   Data           4  canopenmaster.o(.data)
    CANopenMaster_Index1A04                  0x200060d4   Data          28  canopenmaster.o(.data)
    can_master_transmit_PDO_5_mapping        0x200060f0   Data          56  canopenmaster.o(.data)
    servo_driver_controlword_display         0x20006128   Data           2  canopenmaster.o(.data)
    CANopenMaster_Index2F03                  0x2000612c   Data          28  canopenmaster.o(.data)
    statusword_from_servo_driver             0x20006148   Data           2  canopenmaster.o(.data)
    CANopenMaster_Index2F04                  0x2000614c   Data          28  canopenmaster.o(.data)
    CANopenMaster_Index6077                  0x20006168   Data          28  canopenmaster.o(.data)
    CANopenMaster_objdict                    0x20006184   Data         616  canopenmaster.o(.data)
    CANopenMaster_PDO_status                 0x200063ec   Data          90  canopenmaster.o(.data)
    CANopenMaster_ObjdictSize                0x20006446   Data           2  canopenmaster.o(.data)
    CANopenMaster_Data                       0x20006448   Data        7064  canopenmaster.o(.data)
    error_CAN1_transmit                      0x20007fe0   Data           4  can.o(.data)
    error_CAN2_transmit                      0x20007fe4   Data           4  can.o(.data)
    xin                                      0x20007fe8   Data           4  objectdictionary.o(.data)
    t                                        0x20007fec   Data           4  objectdictionary.o(.data)
    flaxin                                   0x20007ff0   Data           1  objectdictionary.o(.data)
    testbreakpoint                           0x20007ff4   Data           4  pdo.o(.data)
    breakpoints                              0x20007ff8   Data           4  sdo.o(.data)
    flag                                     0x20007ffc   Data           4  sdo.o(.data)
    sizeUNS8                                 0x20008000   Data           4  states.o(.data)
    sizeUNS16                                0x20008004   Data           4  states.o(.data)
    sizeUNS32                                0x20008008   Data           4  states.o(.data)
    sizeIN16                                 0x2000800c   Data           4  states.o(.data)
    watch_test_cnt                           0x20008010   Data           4  states.o(.data)
    test_sync_slave                          0x20008014   Data           4  sync.o(.data)
    test_sync_master                         0x20008018   Data           4  sync.o(.data)
    gu32SysTck                               0x20008020   Data           4  chiphal_delay.o(.data)
    HandMuscleForce                          0x20008028   Data          80  threeaxisforcetransform.o(.bss)
    WristForce                               0x20008078   Data          80  threeaxisforcetransform.o(.bss)
    ForearmForce                             0x200080c8   Data          80  threeaxisforcetransform.o(.bss)
    UpperarmForce                            0x20008118   Data          80  threeaxisforcetransform.o(.bss)
    Sdo_R_Para                               0x20008168   Data          20  servo_control.o(.bss)
    Sdo_W_Para                               0x2000817c   Data          20  servo_control.o(.bss)
    EposCtrl                                 0x20008190   Data          92  servo_control.o(.bss)
    MasterCommand                            0x200081ec   Data          16  jointcontrol.o(.bss)
    JointCtrl                                0x200081fc   Data       13436  jointcontrol.o(.bss)
    ShoulderJoint_H_Para                     0x2000b678   Data          28  jointcontrol.o(.bss)
    ShoulderJoint_V_Para                     0x2000b694   Data          28  jointcontrol.o(.bss)
    UpperarmRotatePara                       0x2000b6b0   Data          28  jointcontrol.o(.bss)
    ElbowJointPara                           0x2000b6cc   Data          28  jointcontrol.o(.bss)
    ForearmRotatePara                        0x2000b6e8   Data          28  jointcontrol.o(.bss)
    WristJointPara                           0x2000b704   Data          28  jointcontrol.o(.bss)
    TestBuff                                 0x2000b720   Data        3072  motionpathprocess.o(.bss)
    pvttable_hip_debug                       0x2000c320   Data         780  motionpathprocess.o(.bss)
    TestSlave_obj1003                        0x2000c62c   Data          32  testslave.o(.bss)
    TestSlave_obj1010                        0x2000c64c   Data          16  testslave.o(.bss)
    TestSlave_Index1010_callbacks            0x2000c65c   Data          20  testslave.o(.bss)
    TestSlave_obj1011                        0x2000c670   Data          20  testslave.o(.bss)
    TestSlave_Index1011_callbacks            0x2000c684   Data          24  testslave.o(.bss)
    TestSlave_obj1016                        0x2000c69c   Data          16  testslave.o(.bss)
    TestSlave_obj1018                        0x2000c6ac   Data          16  testslave.o(.bss)
    TestSlave_Index1400_callbacks            0x2000c6bc   Data          24  testslave.o(.bss)
    TestSlave_Index1401_callbacks            0x2000c6d4   Data          24  testslave.o(.bss)
    TestSlave_Index1402_callbacks            0x2000c6ec   Data          24  testslave.o(.bss)
    TestSlave_obj1403                        0x2000c704   Data          20  testslave.o(.bss)
    TestSlave_Index1403_callbacks            0x2000c718   Data          24  testslave.o(.bss)
    TestSlave_obj1404                        0x2000c730   Data          20  testslave.o(.bss)
    TestSlave_Index1404_callbacks            0x2000c744   Data          24  testslave.o(.bss)
    TestSlave_obj1405                        0x2000c75c   Data          20  testslave.o(.bss)
    TestSlave_Index1405_callbacks            0x2000c770   Data          24  testslave.o(.bss)
    TestSlave_obj1406                        0x2000c788   Data          20  testslave.o(.bss)
    TestSlave_Index1406_callbacks            0x2000c79c   Data          24  testslave.o(.bss)
    TestSlave_obj1407                        0x2000c7b4   Data          20  testslave.o(.bss)
    TestSlave_Index1407_callbacks            0x2000c7c8   Data          24  testslave.o(.bss)
    TestSlave_obj1408                        0x2000c7e0   Data          20  testslave.o(.bss)
    TestSlave_Index1408_callbacks            0x2000c7f4   Data          24  testslave.o(.bss)
    TestSlave_obj1800                        0x2000c80c   Data          20  testslave.o(.bss)
    TestSlave_Index1800_callbacks            0x2000c820   Data          24  testslave.o(.bss)
    TestSlave_obj1801                        0x2000c838   Data          20  testslave.o(.bss)
    TestSlave_Index1801_callbacks            0x2000c84c   Data          24  testslave.o(.bss)
    TestSlave_obj1802                        0x2000c864   Data          20  testslave.o(.bss)
    TestSlave_Index1802_callbacks            0x2000c878   Data          24  testslave.o(.bss)
    TestSlave_obj1803                        0x2000c890   Data          20  testslave.o(.bss)
    TestSlave_Index1803_callbacks            0x2000c8a4   Data          24  testslave.o(.bss)
    TestSlave_obj1804                        0x2000c8bc   Data          20  testslave.o(.bss)
    TestSlave_Index1804_callbacks            0x2000c8d0   Data          24  testslave.o(.bss)
    TestSlave_obj1A01                        0x2000c8e8   Data          16  testslave.o(.bss)
    pvt_data                                 0x2000c8f8   Data          12  testslave.o(.bss)
    TestSlave_obj6067                        0x2000c904   Data          24  testslave.o(.bss)
    CANopenMaster_obj1003                    0x2000c91c   Data          32  canopenmaster.o(.bss)
    CANopenMaster_obj1018                    0x2000c93c   Data          16  canopenmaster.o(.bss)
    CANopenMaster_Index1400_callbacks        0x2000c94c   Data          24  canopenmaster.o(.bss)
    CANopenMaster_Index1401_callbacks        0x2000c964   Data          24  canopenmaster.o(.bss)
    CANopenMaster_Index1402_callbacks        0x2000c97c   Data          24  canopenmaster.o(.bss)
    CANopenMaster_Index1403_callbacks        0x2000c994   Data          24  canopenmaster.o(.bss)
    CANopenMaster_Index1404_callbacks        0x2000c9ac   Data          24  canopenmaster.o(.bss)
    CANopenMaster_Index1800_callbacks        0x2000c9c4   Data          24  canopenmaster.o(.bss)
    CANopenMaster_Index1801_callbacks        0x2000c9dc   Data          24  canopenmaster.o(.bss)
    CANopenMaster_Index1802_callbacks        0x2000c9f4   Data          24  canopenmaster.o(.bss)
    CANopenMaster_Index1803_callbacks        0x2000ca0c   Data          24  canopenmaster.o(.bss)
    CANopenMaster_Index1804_callbacks        0x2000ca24   Data          24  canopenmaster.o(.bss)
    CANopenMaster_obj1A01                    0x2000ca3c   Data          32  canopenmaster.o(.bss)
    NULL_OBJ                                 0x2000ca5c   Data          28  objectdictionary.o(.bss)
    CAN1TxQueue                              0x2000ca78   Data        1284  can_queue.o(.bss)
    CAN2TxQueue                              0x2000cf7c   Data        1284  can_queue.o(.bss)
    SoftTimer                                0x2000d480   Data          24  chiphal_tim.o(.bss)
    __libspace_start                         0x2000d498   Data          96  libspace.o(.bss)
    __temporary_stack_top$libspace           0x2000d4f8   Data           0  libspace.o(.bss)



==============================================================================

Memory Map of the image

  Image Entry point : 0x08000189

  Load Region LR_IROM1 (Base: 0x08000000, Size: 0x0001613c, Max: 0x00100000, ABSOLUTE, COMPRESSED[0x000100b0])

    Execution Region ER_IROM1 (Base: 0x08000000, Size: 0x0000e118, Max: 0x00100000, ABSOLUTE)

    Base Addr    Size         Type   Attr      Idx    E Section Name        Object

    0x08000000   0x00000188   Data   RO         2795    RESET               startup_stm32f40_41xxx.o
    0x08000188   0x00000008   Code   RO         5011  * !!!main             c_w.l(__main.o)
    0x08000190   0x00000034   Code   RO         5330    !!!scatter          c_w.l(__scatter.o)
    0x080001c4   0x0000005a   Code   RO         5328    !!dczerorl2         c_w.l(__dczerorl2.o)
    0x0800021e   0x00000002   PAD
    0x08000220   0x0000001c   Code   RO         5332    !!handler_zi        c_w.l(__scatter_zi.o)
    0x0800023c   0x00000002   Code   RO         5201    .ARM.Collect$$libinit$$00000000  c_w.l(libinit.o)
    0x0800023e   0x00000004   Code   RO         5208    .ARM.Collect$$libinit$$00000001  c_w.l(libinit2.o)
    0x08000242   0x00000000   Code   RO         5211    .ARM.Collect$$libinit$$00000004  c_w.l(libinit2.o)
    0x08000242   0x00000000   Code   RO         5214    .ARM.Collect$$libinit$$0000000A  c_w.l(libinit2.o)
    0x08000242   0x00000000   Code   RO         5216    .ARM.Collect$$libinit$$0000000C  c_w.l(libinit2.o)
    0x08000242   0x00000000   Code   RO         5218    .ARM.Collect$$libinit$$0000000E  c_w.l(libinit2.o)
    0x08000242   0x00000000   Code   RO         5221    .ARM.Collect$$libinit$$00000011  c_w.l(libinit2.o)
    0x08000242   0x00000000   Code   RO         5223    .ARM.Collect$$libinit$$00000013  c_w.l(libinit2.o)
    0x08000242   0x00000000   Code   RO         5225    .ARM.Collect$$libinit$$00000015  c_w.l(libinit2.o)
    0x08000242   0x00000000   Code   RO         5227    .ARM.Collect$$libinit$$00000017  c_w.l(libinit2.o)
    0x08000242   0x00000000   Code   RO         5229    .ARM.Collect$$libinit$$00000019  c_w.l(libinit2.o)
    0x08000242   0x00000000   Code   RO         5231    .ARM.Collect$$libinit$$0000001B  c_w.l(libinit2.o)
    0x08000242   0x00000000   Code   RO         5233    .ARM.Collect$$libinit$$0000001D  c_w.l(libinit2.o)
    0x08000242   0x00000000   Code   RO         5235    .ARM.Collect$$libinit$$0000001F  c_w.l(libinit2.o)
    0x08000242   0x00000000   Code   RO         5237    .ARM.Collect$$libinit$$00000021  c_w.l(libinit2.o)
    0x08000242   0x00000000   Code   RO         5239    .ARM.Collect$$libinit$$00000023  c_w.l(libinit2.o)
    0x08000242   0x00000000   Code   RO         5241    .ARM.Collect$$libinit$$00000025  c_w.l(libinit2.o)
    0x08000242   0x00000000   Code   RO         5245    .ARM.Collect$$libinit$$0000002C  c_w.l(libinit2.o)
    0x08000242   0x00000000   Code   RO         5247    .ARM.Collect$$libinit$$0000002E  c_w.l(libinit2.o)
    0x08000242   0x00000000   Code   RO         5249    .ARM.Collect$$libinit$$00000030  c_w.l(libinit2.o)
    0x08000242   0x00000000   Code   RO         5251    .ARM.Collect$$libinit$$00000032  c_w.l(libinit2.o)
    0x08000242   0x00000002   Code   RO         5252    .ARM.Collect$$libinit$$00000033  c_w.l(libinit2.o)
    0x08000244   0x00000002   Code   RO         5280    .ARM.Collect$$libshutdown$$00000000  c_w.l(libshutdown.o)
    0x08000246   0x00000000   Code   RO         5294    .ARM.Collect$$libshutdown$$00000002  c_w.l(libshutdown2.o)
    0x08000246   0x00000000   Code   RO         5296    .ARM.Collect$$libshutdown$$00000004  c_w.l(libshutdown2.o)
    0x08000246   0x00000000   Code   RO         5299    .ARM.Collect$$libshutdown$$00000007  c_w.l(libshutdown2.o)
    0x08000246   0x00000000   Code   RO         5302    .ARM.Collect$$libshutdown$$0000000A  c_w.l(libshutdown2.o)
    0x08000246   0x00000000   Code   RO         5304    .ARM.Collect$$libshutdown$$0000000C  c_w.l(libshutdown2.o)
    0x08000246   0x00000000   Code   RO         5307    .ARM.Collect$$libshutdown$$0000000F  c_w.l(libshutdown2.o)
    0x08000246   0x00000002   Code   RO         5308    .ARM.Collect$$libshutdown$$00000010  c_w.l(libshutdown2.o)
    0x08000248   0x00000000   Code   RO         5103    .ARM.Collect$$rtentry$$00000000  c_w.l(__rtentry.o)
    0x08000248   0x00000000   Code   RO         5164    .ARM.Collect$$rtentry$$00000002  c_w.l(__rtentry2.o)
    0x08000248   0x00000006   Code   RO         5176    .ARM.Collect$$rtentry$$00000004  c_w.l(__rtentry4.o)
    0x0800024e   0x00000000   Code   RO         5166    .ARM.Collect$$rtentry$$00000009  c_w.l(__rtentry2.o)
    0x0800024e   0x00000004   Code   RO         5167    .ARM.Collect$$rtentry$$0000000A  c_w.l(__rtentry2.o)
    0x08000252   0x00000000   Code   RO         5169    .ARM.Collect$$rtentry$$0000000C  c_w.l(__rtentry2.o)
    0x08000252   0x00000008   Code   RO         5170    .ARM.Collect$$rtentry$$0000000D  c_w.l(__rtentry2.o)
    0x0800025a   0x00000002   Code   RO         5202    .ARM.Collect$$rtexit$$00000000  c_w.l(rtexit.o)
    0x0800025c   0x00000000   Code   RO         5254    .ARM.Collect$$rtexit$$00000002  c_w.l(rtexit2.o)
    0x0800025c   0x00000004   Code   RO         5255    .ARM.Collect$$rtexit$$00000003  c_w.l(rtexit2.o)
    0x08000260   0x00000006   Code   RO         5256    .ARM.Collect$$rtexit$$00000004  c_w.l(rtexit2.o)
    0x08000266   0x00000002   PAD
    0x08000268   0x0000003c   Code   RO         2796    .text               startup_stm32f40_41xxx.o
    0x080002a4   0x00000002   Code   RO         4993    .text               c_w.l(use_no_semi_2.o)
    0x080002a6   0x00000048   Code   RO         4995    .text               c_w.l(llsdiv.o)
    0x080002ee   0x00000058   Code   RO         4997    .text               c_w.l(memcmp.o)
    0x08000346   0x0000008a   Code   RO         4999    .text               c_w.l(rt_memcpy_v6.o)
    0x080003d0   0x00000008   Code   RO         5001    .text               c_w.l(memcpy.o)
    0x080003d8   0x00000064   Code   RO         5003    .text               c_w.l(rt_memcpy_w.o)
    0x0800043c   0x0000004e   Code   RO         5005    .text               c_w.l(rt_memclr_w.o)
    0x0800048a   0x00000002   PAD
    0x0800048c   0x00000080   Code   RO         5007    .text               c_w.l(strcmpv7m.o)
    0x0800050c   0x00000006   Code   RO         5009    .text               c_w.l(heapauxi.o)
    0x08000512   0x00000002   Code   RO         5101    .text               c_w.l(use_no_semi.o)
    0x08000514   0x000000ee   Code   RO         5104    .text               c_w.l(lludivv7m.o)
    0x08000602   0x00000016   Code   RO         5106    .text               c_w.l(_rserrno.o)
    0x08000618   0x00000008   Code   RO         5185    .text               c_w.l(rt_errno_addr_intlibspace.o)
    0x08000620   0x00000008   Code   RO         5187    .text               c_w.l(libspace.o)
    0x08000628   0x0000004a   Code   RO         5190    .text               c_w.l(sys_stackheap_outer.o)
    0x08000672   0x00000012   Code   RO         5194    .text               c_w.l(exit.o)
    0x08000684   0x00000002   Code   RO          956    i.AbsAngleSensor_Init  anglesensor.o
    0x08000686   0x00000062   Code   RO          643    i.AngleConvertToAbsPosition  jointcontrol.o
    0x080006e8   0x00000180   Code   RO         3650    i.CAN1_Config       chiphal_can.o
    0x08000868   0x0000007c   Code   RO         1302    i.CAN1_RX0_IRQHandler  can.o
    0x080008e4   0x0000005c   Code   RO         1303    i.CAN1_TX_IRQHandler  can.o
    0x08000940   0x0000017c   Code   RO         3651    i.CAN2_Config       chiphal_can.o
    0x08000abc   0x0000007c   Code   RO         1304    i.CAN2_RX0_IRQHandler  can.o
    0x08000b38   0x0000005c   Code   RO         1305    i.CAN2_TX_IRQHandler  can.o
    0x08000b94   0x000000a8   Code   RO         4002    i.CAN_ClearITPendingBit  STM32_Driver.lib(stm32f4xx_can.o)
    0x08000c3c   0x00000038   Code   RO         4004    i.CAN_DeInit        STM32_Driver.lib(stm32f4xx_can.o)
    0x08000c74   0x00000108   Code   RO         4006    i.CAN_FilterInit    STM32_Driver.lib(stm32f4xx_can.o)
    0x08000d7c   0x00000120   Code   RO         4008    i.CAN_GetITStatus   STM32_Driver.lib(stm32f4xx_can.o)
    0x08000e9c   0x00000012   Code   RO         4012    i.CAN_ITConfig      STM32_Driver.lib(stm32f4xx_can.o)
    0x08000eae   0x00000114   Code   RO         4013    i.CAN_Init          STM32_Driver.lib(stm32f4xx_can.o)
    0x08000fc2   0x000000f0   Code   RO         4016    i.CAN_Receive       STM32_Driver.lib(stm32f4xx_can.o)
    0x080010b2   0x00000020   Code   RO         4019    i.CAN_StructInit    STM32_Driver.lib(stm32f4xx_can.o)
    0x080010d2   0x00000126   Code   RO         4021    i.CAN_Transmit      STM32_Driver.lib(stm32f4xx_can.o)
    0x080011f8   0x00000098   Code   RO         1081    i.CANopenMasterCallbackRegister  od_callbackprocess.o
    0x08001290   0x00000074   Code   RO         1195    i.CANopenMasterInit  canopeninit.o
    0x08001304   0x0000002c   Code   RO         3818    i.CANopenMasterODdataInit  logic_debug.o
    0x08001330   0x00000220   Code   RO         2116    i.CANopenMaster_initialisation  states.o
    0x08001550   0x0000001c   Code   RO         1270    i.CANopenMaster_valueRangeTest  canopenmaster.o
    0x0800156c   0x00000070   Code   RO         1082    i.CANopenSlaveCallbackRegister  od_callbackprocess.o
    0x080015dc   0x00000080   Code   RO         1196    i.CANopenSlaveInit  canopeninit.o
    0x0800165c   0x00000130   Code   RO         3819    i.CANopenSlaveODdataInit  logic_debug.o
    0x0800178c   0x00000018   Code   RO          957    i.CalcJointUperArmRotateAngle  anglesensor.o
    0x080017a4   0x00000006   Code   RO         1231    i.Call_Null         testslave.o
    0x080017aa   0x0000000c   Code   RO         1197    i.CanopenInit       canopeninit.o
    0x080017b6   0x00000002   PAD
    0x080017b8   0x00000030   Code   RO          453    i.ChangeProfileVelocity  servo_control.o
    0x080017e8   0x00000012   Code   RO         4024    i.CheckITStatus     STM32_Driver.lib(stm32f4xx_can.o)
    0x080017fa   0x00000002   PAD
    0x080017fc   0x00000070   Code   RO          645    i.ClearPVTBuff      jointcontrol.o
    0x0800186c   0x0000003c   Code   RO          454    i.ClearServoFault   servo_control.o
    0x080018a8   0x00000032   Code   RO         1469    i.ConsumerHeartbeatAlarm  lifegrd.o
    0x080018da   0x000000ec   Code   RO         1817    i.CopyBits          pdo.o
    0x080019c6   0x00000040   Code   RO         2308    i.DelAlarm          timer.o
    0x08001a06   0x00000010   Code   RO          455    i.Epos4ServoInit    servo_control.o
    0x08001a16   0x00000002   PAD
    0x08001a18   0x0000003c   Code   RO          456    i.EposHalt          servo_control.o
    0x08001a54   0x0000001c   Code   RO          457    i.EposLimitParaInit  servo_control.o
    0x08001a70   0x0000003c   Code   RO          459    i.EposShutdown      servo_control.o
    0x08001aac   0x00000040   Code   RO          460    i.EposSwitchOn      servo_control.o
    0x08001aec   0x0000007c   Code   RO          646    i.ForceSensorParaInit  jointcontrol.o
    0x08001b68   0x0000005c   Code   RO         3504    i.GPIO_CanIDInit    chiphal_gpio.o
    0x08001bc4   0x00000090   Code   RO         3013    i.GPIO_Init         stm32f4xx_gpio.o
    0x08001c54   0x00000040   Code   RO         3505    i.GPIO_LedInit      chiphal_gpio.o
    0x08001c94   0x00000046   Code   RO         3014    i.GPIO_PinAFConfig  stm32f4xx_gpio.o
    0x08001cda   0x00000012   Code   RO         3017    i.GPIO_ReadInputDataBit  stm32f4xx_gpio.o
    0x08001cec   0x00000004   Code   RO         3020    i.GPIO_ResetBits    stm32f4xx_gpio.o
    0x08001cf0   0x00000004   Code   RO         3021    i.GPIO_SetBits      stm32f4xx_gpio.o
    0x08001cf4   0x00000012   Code   RO         3022    i.GPIO_StructInit   stm32f4xx_gpio.o
    0x08001d06   0x00000002   PAD
    0x08001d08   0x0000002c   Code   RO          461    i.GetServoActualPosition  servo_control.o
    0x08001d34   0x00000044   Code   RO          462    i.GetServoPowerSupply  servo_control.o
    0x08001d78   0x00000038   Code   RO          463    i.GetServoStatus    servo_control.o
    0x08001db0   0x00000088   Code   RO         1470    i.GuardTimeAlarm    lifegrd.o
    0x08001e38   0x0000007c   Code   RO          883    i.InitPathReturn    motionpathprocess.o
    0x08001eb4   0x00000198   Code   RO          647    i.JointActiveControl  jointcontrol.o
    0x0800204c   0x00000128   Code   RO          648    i.JointControlParaInit  jointcontrol.o
    0x08002174   0x000000e8   Code   RO          649    i.JointControlProcess  jointcontrol.o
    0x0800225c   0x000000d8   Code   RO          650    i.JointPassiveControl  jointcontrol.o
    0x08002334   0x00000028   Code   RO          651    i.JointPositionCalibration  jointcontrol.o
    0x0800235c   0x00000278   Code   RO          652    i.JointRecipeControl  jointcontrol.o
    0x080025d4   0x00000104   Code   RO          653    i.JointStandbyControl  jointcontrol.o
    0x080026d8   0x00000214   Code   RO          654    i.JointTeachingControl  jointcontrol.o
    0x080028ec   0x00000194   Code   RO          655    i.Joint_PPMTest     jointcontrol.o
    0x08002a80   0x00000044   Code   RO          656    i.LEDTwinkleProcess  jointcontrol.o
    0x08002ac4   0x00000038   Code   RO          464    i.MonitorEposError  servo_control.o
    0x08002afc   0x000005fc   Code   RO          884    i.MotionPathRecorder  motionpathprocess.o
    0x080030f8   0x00000138   Code   RO          885    i.MotionPathRestore  motionpathprocess.o
    0x08003230   0x000000e4   Code   RO          886    i.MotionPathSwitch  motionpathprocess.o
    0x08003314   0x00000078   Code   RO         3848    i.NVIC_Init         STM32_Driver.lib(misc.o)
    0x0800338c   0x00000014   Code   RO         3849    i.NVIC_PriorityGroupConfig  STM32_Driver.lib(misc.o)
    0x080033a0   0x00000018   Code   RO         1083    i.NewAngleCallback  od_callbackprocess.o
    0x080033b8   0x00000018   Code   RO         1084    i.NewSpeedCallback  od_callbackprocess.o
    0x080033d0   0x00000078   Code   RO         1706    i.OD_OI_Reg         objectdictionary.o
    0x08003448   0x0000007c   Code   RO         1707    i.OI_Recursion_Add  objectdictionary.o
    0x080034c4   0x00000012   Code   RO         2229    i.OnCOB_ID_SyncUpdate  sync.o
    0x080034d6   0x00000018   Code   RO         1471    i.OnHeartbeatProducerUpdate  lifegrd.o
    0x080034ee   0x00000018   Code   RO         1472    i.OnNodeGuardUpdate  lifegrd.o
    0x08003506   0x0000002c   Code   RO         1402    i.OnNumberOfErrorsUpdate  emcy.o
    0x08003532   0x00000002   PAD
    0x08003534   0x0000002c   Code   RO         1085    i.OperationModeCallback  od_callbackprocess.o
    0x08003560   0x0000002e   Code   RO         1818    i.PDOEventTimerAlarm  pdo.o
    0x0800358e   0x00000038   Code   RO         1819    i.PDOInhibitTimerAlarm  pdo.o
    0x080035c6   0x00000002   PAD
    0x080035c8   0x000000a4   Code   RO         1820    i.PDOInit           pdo.o
    0x0800366c   0x00000050   Code   RO          465    i.PDOSendJointAngle  servo_control.o
    0x080036bc   0x000000bc   Code   RO         1821    i.PDOStop           pdo.o
    0x08003778   0x0000008c   Code   RO          466    i.PPMMovetoNewPostion  servo_control.o
    0x08003804   0x00000530   Code   RO          887    i.PVT_Generator     motionpathprocess.o
    0x08003d34   0x00000034   Code   RO          888    i.PVT_MotionPathInit  motionpathprocess.o
    0x08003d68   0x00000014   Code   RO          657    i.PositionLimit     jointcontrol.o
    0x08003d7c   0x0000005a   Code   RO         1473    i.ProducerHeartbeatAlarm  lifegrd.o
    0x08003dd6   0x00000002   PAD
    0x08003dd8   0x00000020   Code   RO         3114    i.RCC_AHB1PeriphClockCmd  stm32f4xx_rcc.o
    0x08003df8   0x00000020   Code   RO         3123    i.RCC_APB1PeriphClockCmd  stm32f4xx_rcc.o
    0x08003e18   0x00000020   Code   RO         3125    i.RCC_APB1PeriphResetCmd  stm32f4xx_rcc.o
    0x08003e38   0x00000040   Code   RO          889    i.RecordandAssignment  motionpathprocess.o
    0x08003e78   0x00000022   Code   RO         1658    i.RegisterSetODentryCallBack  objacces.o
    0x08003e9a   0x00000002   PAD
    0x08003e9c   0x000001d4   Code   RO         1922    i.SDOTimeoutAlarm   sdo.o
    0x08004070   0x000000ac   Code   RO         1923    i.SDOlineToObjdict  sdo.o
    0x0800411c   0x00000086   Code   RO         1924    i.SDOtoLine         sdo.o
    0x080041a2   0x000000b8   Code   RO          585    i.SdoReadAnalysis   read_write_sdo.o
    0x0800425a   0x00000002   PAD
    0x0800425c   0x000000ac   Code   RO          586    i.SdoReadProcess    read_write_sdo.o
    0x08004308   0x0000004c   Code   RO          587    i.SdoWriteAck       read_write_sdo.o
    0x08004354   0x00000128   Code   RO          588    i.SdoWriteProcess   read_write_sdo.o
    0x0800447c   0x000001ec   Code   RO          467    i.ServoModeInit     servo_control.o
    0x08004668   0x000000bc   Code   RO         2309    i.SetAlarm          timer.o
    0x08004724   0x000000ec   Code   RO         2803    i.SetSysClock       system_stm32f4xx.o
    0x08004810   0x00000020   Code   RO         3546    i.SoftTimerInit     chiphal_tim.o
    0x08004830   0x0000000e   Code   RO         2230    i.SyncAlarm         sync.o
    0x0800483e   0x00000028   Code   RO         3852    i.SysTick_CLKSourceConfig  STM32_Driver.lib(misc.o)
    0x08004866   0x00000002   PAD
    0x08004868   0x00000068   Code   RO         2805    i.SystemInit        system_stm32f4xx.o
    0x080048d0   0x00000030   Code   RO         2310    i.TIM2_IRQHandler   timer.o
    0x08004900   0x0000001c   Code   RO          307    i.TIM3_IRQHandler   stm32f4xx_it.o
    0x0800491c   0x00000034   Code   RO         2311    i.TIM4_IRQHandler   timer.o
    0x08004950   0x000000d0   Code   RO          308    i.TIM7_IRQHandler   stm32f4xx_it.o
    0x08004a20   0x00000068   Code   RO         3547    i.TIM_CANopenMasterConfig  chiphal_tim.o
    0x08004a88   0x00000008   Code   RO         2312    i.TIM_CANopenMasterStart  timer.o
    0x08004a90   0x00000066   Code   RO         3548    i.TIM_CANopenSlaveConfig  chiphal_tim.o
    0x08004af6   0x00000008   Code   RO         2313    i.TIM_CANopenSlaveStart  timer.o
    0x08004afe   0x00000006   Code   RO         4184    i.TIM_ClearITPendingBit  STM32_Driver.lib(stm32f4xx_tim.o)
    0x08004b04   0x00000018   Code   RO         4189    i.TIM_Cmd           STM32_Driver.lib(stm32f4xx_tim.o)
    0x08004b1c   0x00000068   Code   RO         3549    i.TIM_GeneralTimerConfig  chiphal_tim.o
    0x08004b84   0x00000006   Code   RO         4208    i.TIM_GetCounter    STM32_Driver.lib(stm32f4xx_tim.o)
    0x08004b8a   0x00000022   Code   RO         4210    i.TIM_GetITStatus   STM32_Driver.lib(stm32f4xx_tim.o)
    0x08004bac   0x00000012   Code   RO         4214    i.TIM_ITConfig      STM32_Driver.lib(stm32f4xx_tim.o)
    0x08004bbe   0x00000004   Code   RO         4249    i.TIM_SetAutoreload  STM32_Driver.lib(stm32f4xx_tim.o)
    0x08004bc2   0x00000002   PAD
    0x08004bc4   0x00000084   Code   RO         4261    i.TIM_TimeBaseInit  STM32_Driver.lib(stm32f4xx_tim.o)
    0x08004c48   0x00000006   Code   RO         1086    i.TPDO5Callback     od_callbackprocess.o
    0x08004c4e   0x00000002   PAD
    0x08004c50   0x000000cc   Code   RO         1822    i.TPDO_Communication_Parameter_Callback  pdo.o
    0x08004d1c   0x00000040   Code   RO         3507    i.TestGpio_USART_Init  chiphal_gpio.o
    0x08004d5c   0x00000328   Code   RO         2117    i.TestSlave_initialisation  states.o
    0x08005084   0x0000001c   Code   RO         1232    i.TestSlave_valueRangeTest  testslave.o
    0x080050a0   0x000000bc   Code   RO         2314    i.TimeDispatch      timer.o
    0x0800515c   0x00000264   Code   RO          659    i.UpperarmRotate_ActiveCtrl  jointcontrol.o
    0x080053c0   0x00000002   Code   RO         1823    i._RxPDO_EventTimers_Handler  pdo.o
    0x080053c2   0x00000030   Code   RO         5142    i.__ARM_fpclassify  m_wm.l(fpclassify.o)
    0x080053f2   0x00000006   PAD
    0x080053f8   0x000000c8   Code   RO         5053    i.__hardfp_cos      m_wm.l(cos.o)
    0x080054c0   0x000000c8   Code   RO         5065    i.__hardfp_sin      m_wm.l(sin.o)
    0x08005588   0x00000438   Code   RO         5146    i.__ieee754_rem_pio2  m_wm.l(rred.o)
    0x080059c0   0x00000170   Code   RO         5119    i.__kernel_cos      m_wm.l(cos_i.o)
    0x08005b30   0x000000f8   Code   RO         5144    i.__kernel_poly     m_wm.l(poly.o)
    0x08005c28   0x00000130   Code   RO         5151    i.__kernel_sin      m_wm.l(sin_i.o)
    0x08005d58   0x00000014   Code   RO         5123    i.__mathlib_dbl_infnan  m_wm.l(dunder.o)
    0x08005d6c   0x00000004   PAD
    0x08005d70   0x00000020   Code   RO         5125    i.__mathlib_dbl_invalid  m_wm.l(dunder.o)
    0x08005d90   0x00000020   Code   RO         5128    i.__mathlib_dbl_underflow  m_wm.l(dunder.o)
    0x08005db0   0x000000ec   Code   RO         1659    i._getODentry       objacces.o
    0x08005e9c   0x00000002   Code   RO         1474    i._heartbeatError   lifegrd.o
    0x08005e9e   0x00000002   Code   RO         1475    i._nodeguardError   lifegrd.o
    0x08005ea0   0x00000002   Code   RO         2118    i._operational      states.o
    0x08005ea2   0x00000002   Code   RO         1476    i._post_SlaveBootup  lifegrd.o
    0x08005ea4   0x00000002   Code   RO         1477    i._post_SlaveStateChange  lifegrd.o
    0x08005ea6   0x00000002   Code   RO         2231    i._post_TPDO        sync.o
    0x08005ea8   0x00000002   Code   RO         1403    i._post_emcy        emcy.o
    0x08005eaa   0x00000002   Code   RO         2232    i._post_sync        sync.o
    0x08005eac   0x00000016   Code   RO         2119    i._preOperational   states.o
    0x08005ec2   0x00000002   PAD
    0x08005ec4   0x000001c8   Code   RO         1824    i._sendPDOevent     pdo.o
    0x0800608c   0x00000110   Code   RO         1660    i._setODentry       objacces.o
    0x0800619c   0x00000002   Code   RO         2120    i._stopped          states.o
    0x0800619e   0x00000002   Code   RO         1661    i._storeODSubIndex  objacces.o
    0x080061a0   0x00000004   Code   RO         3600    i._sys_exit         chiphal_usart.o
    0x080061a4   0x0000000a   Code   RO         1662    i.accessDictionaryError  objacces.o
    0x080061ae   0x0000002c   Code   RO         3456    i.boardHAL_init     boardhal.o
    0x080061da   0x00000002   PAD
    0x080061dc   0x00000134   Code   RO         1825    i.buildPDO          pdo.o
    0x08006310   0x000000be   Code   RO         2121    i.canDispatch       states.o
    0x080063ce   0x00000002   PAD
    0x080063d0   0x000000c8   Code   RO         1306    i.canSend           can.o
    0x08006498   0x000000c0   Code   RO         2445    i.canSendOrAndQueue  can_queue.o
    0x08006558   0x0000003c   Code   RO         3710    i.chipHAL_Delay_init  chiphal_delay.o
    0x08006594   0x00000044   Code   RO         2383    i.cspTargetPositionSend  can_data_send.o
    0x080065d8   0x00000070   Code   RO         1708    i.data_length       objectdictionary.o
    0x08006648   0x00000038   Code   RO         3711    i.delay_ms          chiphal_delay.o
    0x08006680   0x0000004c   Code   RO         3713    i.delay_xms         chiphal_delay.o
    0x080066cc   0x00000020   Code   RO         1404    i.emergencyInit     emcy.o
    0x080066ec   0x00000002   Code   RO         1405    i.emergencyStop     emcy.o
    0x080066ee   0x00000002   PAD
    0x080066f0   0x000000c0   Code   RO          660    i.encoderPulseConvertToAngle  jointcontrol.o
    0x080067b0   0x00000018   Code   RO         5138    i.fabs              m_wm.l(fabs.o)
    0x080067c8   0x0000010c   Code   RO         1928    i.failedSDO         sdo.o
    0x080068d4   0x000000e0   Code   RO         1709    i.find_object       objectdictionary.o
    0x080069b4   0x00000044   Code   RO         2315    i.getElapsedTime    timer.o
    0x080069f8   0x0000004c   Code   RO         3755    i.getId             st_getid.o
    0x08006a44   0x00000008   Code   RO         2122    i.getNodeId         states.o
    0x08006a4c   0x00000042   Code   RO         1930    i.getSDOfreeLine    sdo.o
    0x08006a8e   0x00000072   Code   RO         1931    i.getSDOlineOnUse   sdo.o
    0x08006b00   0x0000004a   Code   RO         1932    i.getSDOlineRestBytes  sdo.o
    0x08006b4a   0x00000002   PAD
    0x08006b4c   0x000000a8   Code   RO         1479    i.heartbeatInit     lifegrd.o
    0x08006bf4   0x00000060   Code   RO         1480    i.heartbeatStop     lifegrd.o
    0x08006c54   0x00000050   Code   RO         1710    i.index_Partition   objectdictionary.o
    0x08006ca4   0x00000020   Code   RO         1307    i.initCan           can.o
    0x08006cc4   0x000001e4   Code   RO         1935    i.initSDOline       sdo.o
    0x08006ea8   0x00000040   Code   RO         2446    i.insertCanTxQueue  can_queue.o
    0x08006ee8   0x00000018   Code   RO         1087    i.interpolation_data_record_callback  od_callbackprocess.o
    0x08006f00   0x00000016   Code   RO         2447    i.isEmptyCanTxQueue  can_queue.o
    0x08006f16   0x00000024   Code   RO         2448    i.isFullCanTxQueue  can_queue.o
    0x08006f3a   0x00000012   Code   RO         1481    i.lifeGuardInit     lifegrd.o
    0x08006f4c   0x00000012   Code   RO         1482    i.lifeGuardStop     lifegrd.o
    0x08006f5e   0x000000b0   Code   RO         1936    i.lineToSDO         sdo.o
    0x0800700e   0x00000002   PAD
    0x08007010   0x0000007c   Code   RO            4    i.main              main.o
    0x0800708c   0x00000024   Code   RO         1590    i.masterSendNMTnodeguard  nmtmaster.o
    0x080070b0   0x0000002a   Code   RO         1591    i.masterSendNMTstateChange  nmtmaster.o
    0x080070da   0x00000060   Code   RO         1711    i.name_Partition    objectdictionary.o
    0x0800713a   0x00000002   PAD
    0x0800713c   0x00000094   Code   RO         1483    i.nodeguardInit     lifegrd.o
    0x080071d0   0x00000028   Code   RO         1484    i.nodeguardStop     lifegrd.o
    0x080071f8   0x0000008e   Code   RO         1937    i.objdictToSDOline  sdo.o
    0x08007286   0x00000040   Code   RO         2449    i.popCanTxQueue     can_queue.o
    0x080072c6   0x00000036   Code   RO         1406    i.proceedEMCY       emcy.o
    0x080072fc   0x000000f8   Code   RO         1625    i.proceedNMTstateChange  nmtslave.o
    0x080073f4   0x00000134   Code   RO         1485    i.proceedNODE_GUARD  lifegrd.o
    0x08007528   0x00000394   Code   RO         1826    i.proceedPDO        pdo.o
    0x080078bc   0x00002e74   Code   RO         1938    i.proceedSDO        sdo.o
    0x0800a730   0x0000002e   Code   RO         2233    i.proceedSYNC       sync.o
    0x0800a75e   0x0000001a   Code   RO         1942    i.resetSDO          sdo.o
    0x0800a778   0x00000074   Code   RO         1943    i.resetSDOline      sdo.o
    0x0800a7ec   0x0000019c   Code   RO         1827    i.sendOnePDOevent   pdo.o
    0x0800a988   0x00000048   Code   RO         1830    i.sendPdo           pdo.o
    0x0800a9d0   0x000000f0   Code   RO         1944    i.sendSDO           sdo.o
    0x0800aac0   0x00000052   Code   RO         1945    i.sendSDOabort      sdo.o
    0x0800ab12   0x00000024   Code   RO         2234    i.sendSYNC          sync.o
    0x0800ab36   0x00000002   PAD
    0x0800ab38   0x00000050   Code   RO         2235    i.sendSYNCMessage   sync.o
    0x0800ab88   0x00000018   Code   RO         1088    i.servoActualPositionChangeCallback  od_callbackprocess.o
    0x0800aba0   0x00000018   Code   RO         1089    i.servoErrorCodeCallback  od_callbackprocess.o
    0x0800abb8   0x00000006   Code   RO         1090    i.servoModesOperationCallback  od_callbackprocess.o
    0x0800abbe   0x00000006   Code   RO         1091    i.servoProfileAccelerationCallback  od_callbackprocess.o
    0x0800abc4   0x00000006   Code   RO         1092    i.servoProfileDecelerationCallback  od_callbackprocess.o
    0x0800abca   0x00000006   Code   RO         1093    i.servoProfileVelocityChangeCallback  od_callbackprocess.o
    0x0800abd0   0x00000006   Code   RO         1094    i.servoStatuswordCallback  od_callbackprocess.o
    0x0800abd6   0x00000006   Code   RO         1095    i.servoTargetPositionChangeCallback  od_callbackprocess.o
    0x0800abdc   0x000001b8   Code   RO         2124    i.setNodeId         states.o
    0x0800ad94   0x00000022   Code   RO         1946    i.setSDOlineRestBytes  sdo.o
    0x0800adb6   0x00000002   PAD
    0x0800adb8   0x000000cc   Code   RO         2125    i.setState          states.o
    0x0800ae84   0x0000002e   Code   RO         2316    i.setTimer          timer.o
    0x0800aeb2   0x0000002c   Code   RO         1626    i.slaveSendBootUp   nmtslave.o
    0x0800aede   0x0000002e   Code   RO         1712    i.sort_by_index     objectdictionary.o
    0x0800af0c   0x00000032   Code   RO         1713    i.sort_by_name      objectdictionary.o
    0x0800af3e   0x00000002   PAD
    0x0800af40   0x00000074   Code   RO         2236    i.startSYNC         sync.o
    0x0800afb4   0x00000044   Code   RO         2237    i.stopSYNC          sync.o
    0x0800aff8   0x00000014   Code   RO         1714    i.swap              objectdictionary.o
    0x0800b00c   0x00000144   Code   RO         2126    i.switchCommunicationState  states.o
    0x0800b150   0x0000001c   Code   RO         2387    i.syncSend          can_data_send.o
    0x0800b16c   0x00000018   Code   RO         5108    x$fpl$basic         fz_wm.l(basic.o)
    0x0800b184   0x00000150   Code   RO         5013    x$fpl$dadd          fz_wm.l(daddsub_clz.o)
    0x0800b2d4   0x000002b0   Code   RO         5020    x$fpl$ddiv          fz_wm.l(ddiv.o)
    0x0800b584   0x0000005e   Code   RO         5025    x$fpl$dfix          fz_wm.l(dfix.o)
    0x0800b5e2   0x0000002e   Code   RO         5030    x$fpl$dflt          fz_wm.l(dflt_clz.o)
    0x0800b610   0x00000026   Code   RO         5029    x$fpl$dfltu         fz_wm.l(dflt_clz.o)
    0x0800b636   0x00000002   PAD
    0x0800b638   0x00000154   Code   RO         5037    x$fpl$dmul          fz_wm.l(dmul.o)
    0x0800b78c   0x0000009c   Code   RO         5112    x$fpl$dnaninf       fz_wm.l(dnaninf.o)
    0x0800b828   0x0000000c   Code   RO         5114    x$fpl$dretinf       fz_wm.l(dretinf.o)
    0x0800b834   0x00000016   Code   RO         5014    x$fpl$drsb          fz_wm.l(daddsub_clz.o)
    0x0800b84a   0x00000002   PAD
    0x0800b84c   0x000001d4   Code   RO         5015    x$fpl$dsub          fz_wm.l(daddsub_clz.o)
    0x0800ba20   0x0000000a   Code   RO         5268    x$fpl$fpinit        fz_wm.l(fpinit.o)
    0x0800ba2a   0x00000000   Code   RO         5118    x$fpl$usenofp       fz_wm.l(usenofp.o)
    0x0800ba2a   0x00000002   PAD
    0x0800ba2c   0x00000040   Data   RO         2127    .constdata          states.o
    0x0800ba6c   0x00000004   PAD
    0x0800ba70   0x00000030   Data   RO         5120    .constdata          m_wm.l(cos_i.o)
    0x0800baa0   0x000000c8   Data   RO         5148    .constdata          m_wm.l(rred.o)
    0x0800bb68   0x00000028   Data   RO         5152    .constdata          m_wm.l(sin_i.o)
    0x0800bb90   0x00002049   Data   RO         1234    .conststring        testslave.o
    0x0800dbd9   0x00000003   PAD
    0x0800dbdc   0x0000051c   Data   RO         1272    .conststring        canopenmaster.o
    0x0800e0f8   0x00000020   Data   RO         5326    Region$$Table       anon$$obj.o


    Execution Region RW_IRAM1 (Base: 0x20000000, Size: 0x000154f8, Max: 0x00020000, ABSOLUTE, COMPRESSED[0x00001f98])

    Base Addr    Size         Type   Attr      Idx    E Section Name        Object

    0x20000000   0x00000008   Data   RW          292    .data               global.o
    0x20000008   0x0000001d   Data   RW          310    .data               stm32f4xx_it.o
    0x20000025   0x00000003   PAD
    0x20000028   0x00000004   Data   RW          469    .data               servo_control.o
    0x2000002c   0x000000be   Data   RW          662    .data               jointcontrol.o
    0x200000ea   0x00000002   PAD
    0x200000ec   0x00000040   Data   RW          891    .data               motionpathprocess.o
    0x2000012c   0x00000002   Data   RW         1096    .data               od_callbackprocess.o
    0x2000012e   0x00000002   PAD
    0x20000130   0x00004c80   Data   RW         1235    .data               testslave.o
    0x20004db0   0x00003230   Data   RW         1273    .data               canopenmaster.o
    0x20007fe0   0x00000008   Data   RW         1308    .data               can.o
    0x20007fe8   0x00000009   Data   RW         1716    .data               objectdictionary.o
    0x20007ff1   0x00000003   PAD
    0x20007ff4   0x00000004   Data   RW         1831    .data               pdo.o
    0x20007ff8   0x00000008   Data   RW         1950    .data               sdo.o
    0x20008000   0x00000014   Data   RW         2128    .data               states.o
    0x20008014   0x00000008   Data   RW         2238    .data               sync.o
    0x2000801c   0x00000008   Data   RW         3714    .data               chiphal_delay.o
    0x20008024   0x00000004   PAD
    0x20008028   0x00000140   Zero   RW          404    .bss                threeaxisforcetransform.o
    0x20008168   0x00000084   Zero   RW          468    .bss                servo_control.o
    0x200081ec   0x00003534   Zero   RW          661    .bss                jointcontrol.o
    0x2000b720   0x00000f0c   Zero   RW          890    .bss                motionpathprocess.o
    0x2000c62c   0x000002f0   Zero   RW         1233    .bss                testslave.o
    0x2000c91c   0x00000140   Zero   RW         1271    .bss                canopenmaster.o
    0x2000ca5c   0x0000001c   Zero   RW         1715    .bss                objectdictionary.o
    0x2000ca78   0x00000a08   Zero   RW         2450    .bss                can_queue.o
    0x2000d480   0x00000018   Zero   RW         3551    .bss                chiphal_tim.o
    0x2000d498   0x00000060   Zero   RW         5188    .bss                c_w.l(libspace.o)
    0x2000d4f8   0x00000000   Zero   RW         2794    HEAP                startup_stm32f40_41xxx.o
    0x2000d4f8   0x00008000   Zero   RW         2793    STACK               startup_stm32f40_41xxx.o


==============================================================================

Image component sizes


      Code (inc. data)   RO Data    RW Data    ZI Data      Debug   Object Name

        26          4          0          0          0       8236   anglesensor.o
        44          0          0          0          0        512   boardhal.o
         0          0          0          0          0       8880   breakcontrol.o
       664         54          0          8          0      18820   can.o
        96          0          0          0          0       9555   can_data_send.o
       378          8          0          0       2568       4632   can_queue.o
       256         28          0          0          0       1829   canopeninit.o
        28          6       1308      12848        320      13540   canopenmaster.o
       764         28          0          0          0       1940   chiphal_can.o
       192         12          0          8          0       2045   chiphal_delay.o
       220         16          0          0          0       1690   chiphal_gpio.o
       342         10          0          0         24       4240   chiphal_tim.o
         4          0          0          0          0        500   chiphal_usart.o
       134          8          0          0          0       3168   emcy.o
         0          0          0          8          0        255   global.o
      4246        304          0        190      13620      19795   jointcontrol.o
      1128         52          0          0          0      10816   lifegrd.o
       348         54          0          0          0       1215   logic_debug.o
       124         12          0          0          0     288792   main.o
      3640        174          0         64       3852       9062   motionpathprocess.o
        78          0          0          0          0       1448   nmtmaster.o
       292          8          0          0          0       1538   nmtslave.o
       554         20          0          0          0       5472   objacces.o
       872         26          0          9         28      20960   objectdictionary.o
       470        158          0          2          0      10999   od_callbackprocess.o
      3060         92          0          4          0      11767   pdo.o
       728          8          0          0          0       4207   read_write_sdo.o
     14488        240          0          8          0      18452   sdo.o
      1272        110          0          4        132      13162   servo_control.o
        76          8          0          0          0        552   st_getid.o
        60         22        392          0      32768        932   startup_stm32f40_41xxx.o
      2544        114         64         20          0      23012   states.o
       258          0          0          0          0       4425   stm32f4xx_gpio.o
       236         26          0         29          0      18152   stm32f4xx_it.o
        96         18          0          0          0       1911   stm32f4xx_rcc.o
       382         38          0          8          0       5569   sync.o
       340         32          0          0          0       1821   system_stm32f4xx.o
        34          6       8265      19584        752      26195   testslave.o
         0          0          0          0        320       1420   threeaxisforcetransform.o
       670         14          0          0          0       6490   timer.o

    ----------------------------------------------------------------------
     39182       1710      10068      32804      54388     588006   Object Totals
         0          0         32          0          0          0   (incl. Generated)
        38          0          7         10          4          0   (incl. Padding)

    ----------------------------------------------------------------------

      Code (inc. data)   RO Data    RW Data    ZI Data      Debug   Library Member Name

       180         24          0          0          0     241205   misc.o
      1654         22          0          0          0      16640   stm32f4xx_can.o
       224         28          0          0          0      25215   stm32f4xx_tim.o
        90          0          0          0          0          0   __dczerorl2.o
         8          0          0          0          0         68   __main.o
         0          0          0          0          0          0   __rtentry.o
        12          0          0          0          0          0   __rtentry2.o
         6          0          0          0          0          0   __rtentry4.o
        52          8          0          0          0          0   __scatter.o
        28          0          0          0          0          0   __scatter_zi.o
        22          0          0          0          0        100   _rserrno.o
        18          0          0          0          0         80   exit.o
         6          0          0          0          0        152   heapauxi.o
         2          0          0          0          0          0   libinit.o
         6          0          0          0          0          0   libinit2.o
         2          0          0          0          0          0   libshutdown.o
         2          0          0          0          0          0   libshutdown2.o
         8          4          0          0         96         68   libspace.o
        72          0          0          0          0         76   llsdiv.o
       238          0          0          0          0        100   lludivv7m.o
        88          0          0          0          0         76   memcmp.o
         8          0          0          0          0         76   memcpy.o
         8          4          0          0          0         68   rt_errno_addr_intlibspace.o
        78          0          0          0          0         80   rt_memclr_w.o
       138          0          0          0          0         68   rt_memcpy_v6.o
       100          0          0          0          0         80   rt_memcpy_w.o
         2          0          0          0          0          0   rtexit.o
        10          0          0          0          0          0   rtexit2.o
       128          0          0          0          0         68   strcmpv7m.o
        74          0          0          0          0         80   sys_stackheap_outer.o
         2          0          0          0          0         68   use_no_semi.o
         2          0          0          0          0         68   use_no_semi_2.o
        24          0          0          0          0        164   basic.o
       826         16          0          0          0        492   daddsub_clz.o
       688        140          0          0          0        256   ddiv.o
        94          4          0          0          0        140   dfix.o
        84          0          0          0          0        232   dflt_clz.o
       340         12          0          0          0        152   dmul.o
       156          4          0          0          0        140   dnaninf.o
        12          0          0          0          0        116   dretinf.o
        10          0          0          0          0        116   fpinit.o
         0          0          0          0          0          0   usenofp.o
       200         20          0          0          0        164   cos.o
       368         46         48          0          0        200   cos_i.o
        84         16          0          0          0        372   dunder.o
        24          0          0          0          0        124   fabs.o
        48          0          0          0          0        124   fpclassify.o
       248          0          0          0          0        152   poly.o
      1080        142        200          0          0        188   rred.o
       200         20          0          0          0        164   sin.o
       304         24         40          0          0        208   sin_i.o

    ----------------------------------------------------------------------
      8086        534        288          0         96     287940   Library Totals
        28          0          0          0          0          0   (incl. Padding)

    ----------------------------------------------------------------------

      Code (inc. data)   RO Data    RW Data    ZI Data      Debug   Library Name

      2058         74          0          0          0     283060   STM32_Driver.lib
      1210         16          0          0         96       1376   c_w.l
      2234        176          0          0          0       1808   fz_wm.l
      2556        268        288          0          0       1696   m_wm.l

    ----------------------------------------------------------------------
      8086        534        288          0         96     287940   Library Totals

    ----------------------------------------------------------------------

==============================================================================


      Code (inc. data)   RO Data    RW Data    ZI Data      Debug   

     47268       2244      10356      32804      54484     851570   Grand Totals
     47268       2244      10356       8088      54484     851570   ELF Image Totals (compressed)
     47268       2244      10356       8088          0          0   ROM Totals

==============================================================================

    Total RO  Size (Code + RO Data)                57624 (  56.27kB)
    Total RW  Size (RW Data + ZI Data)             87288 (  85.24kB)
    Total ROM Size (Code + RO Data + RW Data)      65712 (  64.17kB)

==============================================================================

