<html>
<body>
<pre>
<h1>µVision Build Log</h1>
<h2>Tool Versions:</h2>
IDE-Version: ¦ÌVision V5.18.0.0
Copyright (C) 2016 ARM Ltd and ARM Germany GmbH. All rights reserved.
License Information: 123 845619656@qq.com, 123, LIC=14HV2-97S0W-455T5-G6F1H-N60JG-K0Q7E
 
Tool Versions:
Toolchain:       MDK-ARM Standard  Version: 5.18
Toolchain Path:  D:\Keil5_MDK\ARM\ARMCC\Bin
C Compiler:      Armcc.exe V5.06 update 1 (build 61)
Assembler:       Armasm.exe V5.06 update 1 (build 61)
Linker/Locator:  ArmLink.exe V5.06 update 1 (build 61)
Library Manager: ArmAr.exe V5.06 update 1 (build 61)
Hex Converter:   FromElf.exe V5.06 update 1 (build 61)
CPU DLL:         SARMCM3.DLL V5.18
Dialog DLL:      DCM.DLL V1.13.6.0
Target DLL:      STLink\ST-LINKIII-KEIL_SWO.dll V2.0.18.0
Dialog DLL:      TCM.DLL V1.14.8.0
 
<h2>Project:</h2>
E:\00_bafel\NodeBoard_Test\Dual_CAN_Test\Project\project.uvprojx
Project File Date:  09/24/2024

<h2>Output:</h2>
*** Using Compiler 'V5.06 update 1 (build 61)', folder: 'D:\Keil5_MDK\ARM\ARMCC\Bin'
Rebuild target 'ZQ_STM32F407'
compiling stm32f4xx_it.c...
..\Libraries\CMSIS\Device\ST\STM32F4xx\Include\stm32f4xx.h(87): warning:  #47-D: incompatible redefinition of macro "STM32F40_41xxx"
    #define STM32F40_41xxx
..\User\stm32f4xx_it.c: 1 warning, 0 errors
assembling startup_stm32f40_41xxx.s...
compiling NVIC.C...
..\Libraries\CMSIS\Device\ST\STM32F4xx\Include\stm32f4xx.h(87): warning:  #47-D: incompatible redefinition of macro "STM32F40_41xxx"
    #define STM32F40_41xxx
..\User\NVIC.C: 1 warning, 0 errors
compiling stm32f4xx_crc.c...
..\Libraries\CMSIS\Device\ST\STM32F4xx\Include\stm32f4xx.h(87): warning:  #47-D: incompatible redefinition of macro "STM32F40_41xxx"
    #define STM32F40_41xxx
..\Libraries\STM32F4xx_StdPeriph_Driver\src\stm32f4xx_crc.c: 1 warning, 0 errors
compiling CAN.C...
..\Libraries\CMSIS\Device\ST\STM32F4xx\Include\stm32f4xx.h(87): warning:  #47-D: incompatible redefinition of macro "STM32F40_41xxx"
    #define STM32F40_41xxx
..\User\CAN.C: 1 warning, 0 errors
compiling system_stm32f4xx.c...
..\Libraries\CMSIS\Device\ST\STM32F4xx\Include\stm32f4xx.h(87): warning:  #47-D: incompatible redefinition of macro "STM32F40_41xxx"
    #define STM32F40_41xxx
..\User\system_stm32f4xx.c: 1 warning, 0 errors
compiling misc.c...
..\Libraries\CMSIS\Device\ST\STM32F4xx\Include\stm32f4xx.h(87): warning:  #47-D: incompatible redefinition of macro "STM32F40_41xxx"
    #define STM32F40_41xxx
..\Libraries\STM32F4xx_StdPeriph_Driver\src\misc.c: 1 warning, 0 errors
compiling stm32f4xx_assert.c...
..\Libraries\CMSIS\Device\ST\STM32F4xx\Include\stm32f4xx.h(87): warning:  #47-D: incompatible redefinition of macro "STM32F40_41xxx"
    #define STM32F40_41xxx
..\User\stm32f4xx_assert.c: 1 warning, 0 errors
compiling main.c...
..\Libraries\CMSIS\Device\ST\STM32F4xx\Include\stm32f4xx.h(87): warning:  #47-D: incompatible redefinition of macro "STM32F40_41xxx"
    #define STM32F40_41xxx
..\User\main.c(30): warning:  #223-D: function "CAN2_WriteData" declared implicitly
  			CAN2_WriteData(0x18412345);	//??IDÎª 0x18412345??CAN?Ï·????ý¾?
..\User\main.c: 2 warnings, 0 errors
compiling stm32f4xx_gpio.c...
..\Libraries\CMSIS\Device\ST\STM32F4xx\Include\stm32f4xx.h(87): warning:  #47-D: incompatible redefinition of macro "STM32F40_41xxx"
    #define STM32F40_41xxx
..\Libraries\STM32F4xx_StdPeriph_Driver\src\stm32f4xx_gpio.c: 1 warning, 0 errors
compiling stm32f4xx_syscfg.c...
..\Libraries\CMSIS\Device\ST\STM32F4xx\Include\stm32f4xx.h(87): warning:  #47-D: incompatible redefinition of macro "STM32F40_41xxx"
    #define STM32F40_41xxx
..\Libraries\STM32F4xx_StdPeriph_Driver\src\stm32f4xx_syscfg.c: 1 warning, 0 errors
compiling stm32f4xx_can.c...
..\Libraries\CMSIS\Device\ST\STM32F4xx\Include\stm32f4xx.h(87): warning:  #47-D: incompatible redefinition of macro "STM32F40_41xxx"
    #define STM32F40_41xxx
..\Libraries\STM32F4xx_StdPeriph_Driver\src\stm32f4xx_can.c: 1 warning, 0 errors
compiling stm32f4xx_flash.c...
..\Libraries\CMSIS\Device\ST\STM32F4xx\Include\stm32f4xx.h(87): warning:  #47-D: incompatible redefinition of macro "STM32F40_41xxx"
    #define STM32F40_41xxx
..\Libraries\STM32F4xx_StdPeriph_Driver\src\stm32f4xx_flash.c: 1 warning, 0 errors
compiling stm32f4xx_rcc.c...
..\Libraries\CMSIS\Device\ST\STM32F4xx\Include\stm32f4xx.h(87): warning:  #47-D: incompatible redefinition of macro "STM32F40_41xxx"
    #define STM32F40_41xxx
..\Libraries\STM32F4xx_StdPeriph_Driver\src\stm32f4xx_rcc.c: 1 warning, 0 errors
linking...
Program Size: Code=6668 RO-data=784 RW-data=56 ZI-data=1024  
FromELF: creating hex file...
".\Obj\project.axf" - 0 Error(s), 14 Warning(s).

<h2>Software Packages used:</h2>

Package Vendor: ARM
                http://www.keil.com/pack/ARM.CMSIS.4.5.0.pack
                ARM::CMSIS:CORE:4.3.0
                CMSIS (Cortex Microcontroller Software Interface Standard)
   * Component: CORE Version: 4.3.0

<h2>Collection of Component include folders:</h2>
  E:\00_bafel\NodeBoard_Test\Dual_CAN_Test\Project\RTE
  D:\Keil5_MDK\ARM\PACK\ARM\CMSIS\4.5.0\CMSIS\Include
  D:\Keil5_MDK\ARM\PACK\Keil\STM32F4xx_DFP\1.0.8\Device\Include

<h2>Collection of Component Files used:</h2>

   * Component: ARM::CMSIS:CORE:4.3.0
Build Time Elapsed:  00:00:01
</pre>
</body>
</html>
